2025-09-06 16:52:47,394 - vehicle_voice_recognition - INFO - 🎯 车载语音个体识别系统 - 训练执行器
2025-09-06 16:52:47,397 - vehicle_voice_recognition - INFO - ✅ 发现 250 个个体化音频文件
2025-09-06 16:52:47,397 - vehicle_voice_recognition - INFO - 系统状态 - CPU: 55.5%, 内存: 53.1%, GPU: 0.0%
2025-09-06 16:52:49,140 - vehicle_voice_recognition - INFO - 机动车个体声纹识别系统 - 训练模块
2025-09-06 16:52:49,140 - vehicle_voice_recognition - INFO - 使用设备: cpu
2025-09-06 16:52:49,140 - vehicle_voice_recognition - INFO - 个体化数据目录: vehicle_audio_data/individual_vehicles
2025-09-06 16:52:49,140 - vehicle_voice_recognition - INFO - 早停配置: patience=25, min_delta=0.001
2025-09-06 16:52:49,140 - vehicle_voice_recognition - INFO - 音频数据增强器初始化完成，启用状态: True
2025-09-06 16:52:49,140 - vehicle_voice_recognition - INFO - 音频预处理器初始化：sr=16000, n_fft=2048, n_mels=128
2025-09-06 16:52:49,140 - vehicle_voice_recognition - INFO - 特征提取类型: ['mel']
2025-09-06 16:52:49,140 - vehicle_voice_recognition - INFO - 数据增强: 启用
2025-09-06 16:52:49,143 - vehicle_voice_recognition - INFO - 正在创建个体识别数据加载器...
2025-09-06 16:52:49,269 - vehicle_voice_recognition - INFO - 训练集: 150 样本
2025-09-06 16:52:49,271 - vehicle_voice_recognition - INFO - 验证集: 50 样本
2025-09-06 16:52:49,271 - vehicle_voice_recognition - INFO - 测试集: 50 样本
2025-09-06 16:52:49,271 - vehicle_voice_recognition - INFO - 个体数量: 25
2025-09-06 16:52:49,271 - vehicle_voice_recognition - INFO - 个体映射: {'bus_000': 0, 'bus_001': 1, 'bus_002': 2, 'bus_003': 3, 'bus_004': 4, 'motorcycle_000': 5, 'motorcycle_001': 6, 'motorcycle_002': 7, 'motorcycle_003': 8, 'motorcycle_004': 9, 'sedan_000': 10, 'sedan_001': 11, 'sedan_002': 12, 'sedan_003': 13, 'sedan_004': 14, 'suv_000': 15, 'suv_001': 16, 'suv_002': 17, 'suv_003': 18, 'suv_004': 19, 'truck_000': 20, 'truck_001': 21, 'truck_002': 22, 'truck_003': 23, 'truck_004': 24}
2025-09-06 16:52:49,275 - vehicle_voice_recognition - INFO - 模型参数量: 29,305
2025-09-06 16:52:50,725 - vehicle_voice_recognition - INFO - 开始个体识别训练...
2025-09-06 16:52:50,725 - vehicle_voice_recognition - INFO - 模型训练器初始化完成，设备: cpu
2025-09-06 16:52:50,725 - vehicle_voice_recognition - INFO - 早停机制初始化: patience=25, min_delta=0.001, monitor=val_loss, mode=min
2025-09-06 16:52:50,725 - vehicle_voice_recognition - INFO - 梯度裁剪器初始化: max_norm=0.5, norm_type=2.0
2025-09-06 16:52:50,725 - vehicle_voice_recognition - INFO - 开始训练，共 100 个epoch
2025-09-06 16:52:55,237 - vehicle_voice_recognition - INFO - Epoch 1/100 - Train Loss: 3.2445, Train Acc: 0.0600, Val Loss: 3.2115, Val Acc: 0.0800, LR: 0.000500, Time: 4.51s
2025-09-06 16:52:55,245 - vehicle_voice_recognition - INFO - 保存最佳模型到 models/individual_best_model.pth
2025-09-06 16:52:55,245 - vehicle_voice_recognition - INFO - 发现更好的 val_loss: 3.211531 (epoch 0)
2025-09-06 16:52:56,963 - vehicle_voice_recognition - INFO - Epoch 2/100 - Train Loss: 3.2167, Train Acc: 0.0267, Val Loss: 3.1776, Val Acc: 0.0800, LR: 0.000500, Time: 1.52s
2025-09-06 16:52:56,965 - vehicle_voice_recognition - INFO - 保存最佳模型到 models/individual_best_model.pth
2025-09-06 16:52:56,965 - vehicle_voice_recognition - INFO - 发现更好的 val_loss: 3.177636 (epoch 0)
2025-09-06 16:52:58,746 - vehicle_voice_recognition - INFO - Epoch 3/100 - Train Loss: 3.1791, Train Acc: 0.0667, Val Loss: 3.1479, Val Acc: 0.0800, LR: 0.000500, Time: 1.78s
2025-09-06 16:52:58,754 - vehicle_voice_recognition - INFO - 保存最佳模型到 models/individual_best_model.pth
2025-09-06 16:52:58,754 - vehicle_voice_recognition - INFO - 发现更好的 val_loss: 3.147912 (epoch 0)
2025-09-06 16:53:00,428 - vehicle_voice_recognition - INFO - Epoch 4/100 - Train Loss: 3.1665, Train Acc: 0.0600, Val Loss: 3.1172, Val Acc: 0.0800, LR: 0.000500, Time: 1.67s
2025-09-06 16:53:00,435 - vehicle_voice_recognition - INFO - 保存最佳模型到 models/individual_best_model.pth
2025-09-06 16:53:00,435 - vehicle_voice_recognition - INFO - 发现更好的 val_loss: 3.117158 (epoch 0)
2025-09-06 16:53:02,261 - vehicle_voice_recognition - INFO - Epoch 5/100 - Train Loss: 3.1372, Train Acc: 0.0600, Val Loss: 3.0844, Val Acc: 0.1200, LR: 0.000500, Time: 1.83s
2025-09-06 16:53:02,269 - vehicle_voice_recognition - INFO - 保存最佳模型到 models/individual_best_model.pth
2025-09-06 16:53:02,269 - vehicle_voice_recognition - INFO - 发现更好的 val_loss: 3.084396 (epoch 0)
2025-09-06 16:53:04,253 - vehicle_voice_recognition - INFO - Epoch 6/100 - Train Loss: 3.1251, Train Acc: 0.0600, Val Loss: 3.0507, Val Acc: 0.1600, LR: 0.000500, Time: 1.98s
2025-09-06 16:53:04,260 - vehicle_voice_recognition - INFO - 保存最佳模型到 models/individual_best_model.pth
2025-09-06 16:53:04,261 - vehicle_voice_recognition - INFO - 发现更好的 val_loss: 3.050742 (epoch 0)
2025-09-06 16:53:06,470 - vehicle_voice_recognition - INFO - Epoch 7/100 - Train Loss: 3.0975, Train Acc: 0.0733, Val Loss: 3.0111, Val Acc: 0.2800, LR: 0.000500, Time: 2.21s
2025-09-06 16:53:06,477 - vehicle_voice_recognition - INFO - 保存最佳模型到 models/individual_best_model.pth
2025-09-06 16:53:06,477 - vehicle_voice_recognition - INFO - 发现更好的 val_loss: 3.011135 (epoch 0)
2025-09-06 16:53:08,740 - vehicle_voice_recognition - INFO - Epoch 8/100 - Train Loss: 3.0803, Train Acc: 0.0800, Val Loss: 2.9721, Val Acc: 0.2400, LR: 0.000500, Time: 2.26s
2025-09-06 16:53:08,746 - vehicle_voice_recognition - INFO - 保存最佳模型到 models/individual_best_model.pth
2025-09-06 16:53:08,748 - vehicle_voice_recognition - INFO - 发现更好的 val_loss: 2.972125 (epoch 0)
2025-09-06 16:53:10,782 - vehicle_voice_recognition - INFO - Epoch 9/100 - Train Loss: 3.0162, Train Acc: 0.0667, Val Loss: 2.9418, Val Acc: 0.3200, LR: 0.000500, Time: 2.03s
2025-09-06 16:53:10,787 - vehicle_voice_recognition - INFO - 保存最佳模型到 models/individual_best_model.pth
2025-09-06 16:53:10,787 - vehicle_voice_recognition - INFO - 发现更好的 val_loss: 2.941790 (epoch 0)
2025-09-06 16:53:12,491 - vehicle_voice_recognition - INFO - Epoch 10/100 - Train Loss: 2.9730, Train Acc: 0.0867, Val Loss: 2.8917, Val Acc: 0.2000, LR: 0.000500, Time: 1.70s
2025-09-06 16:53:12,497 - vehicle_voice_recognition - INFO - 保存最佳模型到 models/individual_best_model.pth
2025-09-06 16:53:12,497 - vehicle_voice_recognition - INFO - 发现更好的 val_loss: 2.891745 (epoch 0)
2025-09-06 16:53:14,078 - vehicle_voice_recognition - INFO - Epoch 11/100 - Train Loss: 2.9214, Train Acc: 0.1200, Val Loss: 2.8315, Val Acc: 0.2600, LR: 0.000500, Time: 1.58s
2025-09-06 16:53:14,085 - vehicle_voice_recognition - INFO - 保存最佳模型到 models/individual_best_model.pth
2025-09-06 16:53:14,086 - vehicle_voice_recognition - INFO - 发现更好的 val_loss: 2.831508 (epoch 0)
2025-09-06 16:53:15,785 - vehicle_voice_recognition - INFO - Epoch 12/100 - Train Loss: 2.9219, Train Acc: 0.0733, Val Loss: 2.7838, Val Acc: 0.2000, LR: 0.000500, Time: 1.52s
2025-09-06 16:53:15,790 - vehicle_voice_recognition - INFO - 保存最佳模型到 models/individual_best_model.pth
2025-09-06 16:53:15,790 - vehicle_voice_recognition - INFO - 发现更好的 val_loss: 2.783782 (epoch 0)
2025-09-06 16:53:17,451 - vehicle_voice_recognition - INFO - Epoch 13/100 - Train Loss: 2.8704, Train Acc: 0.0667, Val Loss: 2.7622, Val Acc: 0.1800, LR: 0.000500, Time: 1.66s
2025-09-06 16:53:17,459 - vehicle_voice_recognition - INFO - 保存最佳模型到 models/individual_best_model.pth
2025-09-06 16:53:17,459 - vehicle_voice_recognition - INFO - 发现更好的 val_loss: 2.762162 (epoch 0)
2025-09-06 16:53:19,207 - vehicle_voice_recognition - INFO - Epoch 14/100 - Train Loss: 2.8944, Train Acc: 0.1400, Val Loss: 2.6977, Val Acc: 0.2400, LR: 0.000500, Time: 1.75s
2025-09-06 16:53:19,210 - vehicle_voice_recognition - INFO - 保存最佳模型到 models/individual_best_model.pth
2025-09-06 16:53:19,210 - vehicle_voice_recognition - INFO - 发现更好的 val_loss: 2.697675 (epoch 0)
2025-09-06 16:53:20,760 - vehicle_voice_recognition - INFO - Epoch 15/100 - Train Loss: 2.8329, Train Acc: 0.1533, Val Loss: 2.6712, Val Acc: 0.2800, LR: 0.000500, Time: 1.55s
2025-09-06 16:53:20,766 - vehicle_voice_recognition - INFO - 保存最佳模型到 models/individual_best_model.pth
2025-09-06 16:53:20,766 - vehicle_voice_recognition - INFO - 发现更好的 val_loss: 2.671223 (epoch 0)
2025-09-06 16:53:22,338 - vehicle_voice_recognition - INFO - Epoch 16/100 - Train Loss: 2.7763, Train Acc: 0.1333, Val Loss: 2.6562, Val Acc: 0.3000, LR: 0.000500, Time: 1.57s
2025-09-06 16:53:22,342 - vehicle_voice_recognition - INFO - 保存最佳模型到 models/individual_best_model.pth
2025-09-06 16:53:22,342 - vehicle_voice_recognition - INFO - 发现更好的 val_loss: 2.656225 (epoch 0)
2025-09-06 16:53:25,466 - vehicle_voice_recognition - INFO - Epoch 17/100 - Train Loss: 2.7555, Train Acc: 0.1400, Val Loss: 2.6066, Val Acc: 0.2400, LR: 0.000500, Time: 3.12s
2025-09-06 16:53:25,473 - vehicle_voice_recognition - INFO - 保存最佳模型到 models/individual_best_model.pth
2025-09-06 16:53:25,473 - vehicle_voice_recognition - INFO - 发现更好的 val_loss: 2.606586 (epoch 0)
2025-09-06 16:53:27,368 - vehicle_voice_recognition - INFO - Epoch 18/100 - Train Loss: 2.7574, Train Acc: 0.1200, Val Loss: 2.5642, Val Acc: 0.2800, LR: 0.000500, Time: 1.89s
2025-09-06 16:53:27,372 - vehicle_voice_recognition - INFO - 保存最佳模型到 models/individual_best_model.pth
2025-09-06 16:53:27,372 - vehicle_voice_recognition - INFO - 发现更好的 val_loss: 2.564208 (epoch 0)
2025-09-06 16:53:28,958 - vehicle_voice_recognition - INFO - Epoch 19/100 - Train Loss: 2.6421, Train Acc: 0.1867, Val Loss: 2.5288, Val Acc: 0.3000, LR: 0.000500, Time: 1.59s
2025-09-06 16:53:28,961 - vehicle_voice_recognition - INFO - 保存最佳模型到 models/individual_best_model.pth
2025-09-06 16:53:28,961 - vehicle_voice_recognition - INFO - 发现更好的 val_loss: 2.528839 (epoch 0)
2025-09-06 16:53:30,533 - vehicle_voice_recognition - INFO - Epoch 20/100 - Train Loss: 2.7259, Train Acc: 0.1467, Val Loss: 2.4904, Val Acc: 0.3400, LR: 0.000500, Time: 1.57s
2025-09-06 16:53:30,539 - vehicle_voice_recognition - INFO - 保存最佳模型到 models/individual_best_model.pth
2025-09-06 16:53:30,539 - vehicle_voice_recognition - INFO - 发现更好的 val_loss: 2.490412 (epoch 0)
2025-09-06 16:53:32,152 - vehicle_voice_recognition - INFO - Epoch 21/100 - Train Loss: 2.6576, Train Acc: 0.1933, Val Loss: 2.4621, Val Acc: 0.2800, LR: 0.000500, Time: 1.61s
2025-09-06 16:53:32,156 - vehicle_voice_recognition - INFO - 保存最佳模型到 models/individual_best_model.pth
2025-09-06 16:53:32,156 - vehicle_voice_recognition - INFO - 发现更好的 val_loss: 2.462092 (epoch 0)
2025-09-06 16:53:34,024 - vehicle_voice_recognition - INFO - Epoch 22/100 - Train Loss: 2.6583, Train Acc: 0.1400, Val Loss: 2.4507, Val Acc: 0.3000, LR: 0.000500, Time: 1.66s
2025-09-06 16:53:34,030 - vehicle_voice_recognition - INFO - 保存最佳模型到 models/individual_best_model.pth
2025-09-06 16:53:34,030 - vehicle_voice_recognition - INFO - 发现更好的 val_loss: 2.450723 (epoch 0)
2025-09-06 16:53:36,125 - vehicle_voice_recognition - INFO - Epoch 23/100 - Train Loss: 2.5892, Train Acc: 0.2000, Val Loss: 2.4247, Val Acc: 0.2800, LR: 0.000500, Time: 2.10s
2025-09-06 16:53:36,131 - vehicle_voice_recognition - INFO - 保存最佳模型到 models/individual_best_model.pth
2025-09-06 16:53:36,131 - vehicle_voice_recognition - INFO - 发现更好的 val_loss: 2.424702 (epoch 0)
2025-09-06 16:53:37,729 - vehicle_voice_recognition - INFO - Epoch 24/100 - Train Loss: 2.5850, Train Acc: 0.1800, Val Loss: 2.3920, Val Acc: 0.3000, LR: 0.000500, Time: 1.60s
2025-09-06 16:53:37,732 - vehicle_voice_recognition - INFO - 保存最佳模型到 models/individual_best_model.pth
2025-09-06 16:53:37,732 - vehicle_voice_recognition - INFO - 发现更好的 val_loss: 2.391972 (epoch 0)
2025-09-06 16:53:39,375 - vehicle_voice_recognition - INFO - Epoch 25/100 - Train Loss: 2.6084, Train Acc: 0.1667, Val Loss: 2.3589, Val Acc: 0.2800, LR: 0.000500, Time: 1.64s
2025-09-06 16:53:39,379 - vehicle_voice_recognition - INFO - 保存最佳模型到 models/individual_best_model.pth
2025-09-06 16:53:39,379 - vehicle_voice_recognition - INFO - 发现更好的 val_loss: 2.358900 (epoch 0)
2025-09-06 16:53:40,972 - vehicle_voice_recognition - INFO - Epoch 26/100 - Train Loss: 2.5417, Train Acc: 0.2067, Val Loss: 2.3257, Val Acc: 0.2800, LR: 0.000500, Time: 1.59s
2025-09-06 16:53:40,975 - vehicle_voice_recognition - INFO - 保存最佳模型到 models/individual_best_model.pth
2025-09-06 16:53:40,975 - vehicle_voice_recognition - INFO - 发现更好的 val_loss: 2.325675 (epoch 0)
2025-09-06 16:53:42,512 - vehicle_voice_recognition - INFO - Epoch 27/100 - Train Loss: 2.4994, Train Acc: 0.1533, Val Loss: 2.3402, Val Acc: 0.2400, LR: 0.000500, Time: 1.54s
2025-09-06 16:53:42,513 - vehicle_voice_recognition - INFO - val_loss 没有改善: 2.340198, 计数器: 1/25
2025-09-06 16:53:44,073 - vehicle_voice_recognition - INFO - Epoch 28/100 - Train Loss: 2.5202, Train Acc: 0.2133, Val Loss: 2.2729, Val Acc: 0.2800, LR: 0.000500, Time: 1.56s
2025-09-06 16:53:44,075 - vehicle_voice_recognition - INFO - 保存最佳模型到 models/individual_best_model.pth
2025-09-06 16:53:44,075 - vehicle_voice_recognition - INFO - 发现更好的 val_loss: 2.272925 (epoch 0)
2025-09-06 16:53:45,609 - vehicle_voice_recognition - INFO - Epoch 29/100 - Train Loss: 2.4562, Train Acc: 0.2133, Val Loss: 2.2705, Val Acc: 0.2800, LR: 0.000500, Time: 1.53s
2025-09-06 16:53:45,616 - vehicle_voice_recognition - INFO - 保存最佳模型到 models/individual_best_model.pth
2025-09-06 16:53:45,616 - vehicle_voice_recognition - INFO - 发现更好的 val_loss: 2.270499 (epoch 0)
2025-09-06 16:53:47,189 - vehicle_voice_recognition - INFO - Epoch 30/100 - Train Loss: 2.4622, Train Acc: 0.2267, Val Loss: 2.2718, Val Acc: 0.3200, LR: 0.000500, Time: 1.57s
2025-09-06 16:53:47,189 - vehicle_voice_recognition - INFO - val_loss 没有改善: 2.271797, 计数器: 1/25
2025-09-06 16:53:48,753 - vehicle_voice_recognition - INFO - Epoch 31/100 - Train Loss: 2.4285, Train Acc: 0.1933, Val Loss: 2.2089, Val Acc: 0.3800, LR: 0.000250, Time: 1.56s
2025-09-06 16:53:48,755 - vehicle_voice_recognition - INFO - 保存最佳模型到 models/individual_best_model.pth
2025-09-06 16:53:48,755 - vehicle_voice_recognition - INFO - 发现更好的 val_loss: 2.208900 (epoch 0)
2025-09-06 16:53:50,513 - vehicle_voice_recognition - INFO - Epoch 32/100 - Train Loss: 2.4025, Train Acc: 0.2000, Val Loss: 2.1956, Val Acc: 0.2600, LR: 0.000250, Time: 1.56s
2025-09-06 16:53:50,518 - vehicle_voice_recognition - INFO - 保存最佳模型到 models/individual_best_model.pth
2025-09-06 16:53:50,519 - vehicle_voice_recognition - INFO - 发现更好的 val_loss: 2.195561 (epoch 0)
2025-09-06 16:53:52,056 - vehicle_voice_recognition - INFO - Epoch 33/100 - Train Loss: 2.5204, Train Acc: 0.1800, Val Loss: 2.1846, Val Acc: 0.3600, LR: 0.000250, Time: 1.54s
2025-09-06 16:53:52,060 - vehicle_voice_recognition - INFO - 保存最佳模型到 models/individual_best_model.pth
2025-09-06 16:53:52,060 - vehicle_voice_recognition - INFO - 发现更好的 val_loss: 2.184629 (epoch 0)
2025-09-06 16:53:53,598 - vehicle_voice_recognition - INFO - Epoch 34/100 - Train Loss: 2.4476, Train Acc: 0.1800, Val Loss: 2.1857, Val Acc: 0.3200, LR: 0.000250, Time: 1.54s
2025-09-06 16:53:53,598 - vehicle_voice_recognition - INFO - val_loss 没有改善: 2.185687, 计数器: 1/25
2025-09-06 16:53:55,158 - vehicle_voice_recognition - INFO - Epoch 35/100 - Train Loss: 2.3832, Train Acc: 0.1667, Val Loss: 2.1730, Val Acc: 0.3000, LR: 0.000250, Time: 1.56s
2025-09-06 16:53:55,165 - vehicle_voice_recognition - INFO - 保存最佳模型到 models/individual_best_model.pth
2025-09-06 16:53:55,165 - vehicle_voice_recognition - INFO - 发现更好的 val_loss: 2.173037 (epoch 0)
2025-09-06 16:53:56,703 - vehicle_voice_recognition - INFO - Epoch 36/100 - Train Loss: 2.3733, Train Acc: 0.1733, Val Loss: 2.1597, Val Acc: 0.3200, LR: 0.000250, Time: 1.54s
2025-09-06 16:53:56,705 - vehicle_voice_recognition - INFO - 保存最佳模型到 models/individual_best_model.pth
2025-09-06 16:53:56,705 - vehicle_voice_recognition - INFO - 发现更好的 val_loss: 2.159657 (epoch 0)
2025-09-06 16:53:58,243 - vehicle_voice_recognition - INFO - Epoch 37/100 - Train Loss: 2.3440, Train Acc: 0.2000, Val Loss: 2.1603, Val Acc: 0.3600, LR: 0.000250, Time: 1.54s
2025-09-06 16:53:58,243 - vehicle_voice_recognition - INFO - val_loss 没有改善: 2.160288, 计数器: 1/25
2025-09-06 16:53:59,783 - vehicle_voice_recognition - INFO - Epoch 38/100 - Train Loss: 2.3133, Train Acc: 0.1933, Val Loss: 2.1493, Val Acc: 0.3800, LR: 0.000250, Time: 1.54s
2025-09-06 16:53:59,788 - vehicle_voice_recognition - INFO - 保存最佳模型到 models/individual_best_model.pth
2025-09-06 16:53:59,788 - vehicle_voice_recognition - INFO - 发现更好的 val_loss: 2.149261 (epoch 0)
2025-09-06 16:54:01,327 - vehicle_voice_recognition - INFO - Epoch 39/100 - Train Loss: 2.3487, Train Acc: 0.2467, Val Loss: 2.1440, Val Acc: 0.3800, LR: 0.000250, Time: 1.54s
2025-09-06 16:54:01,331 - vehicle_voice_recognition - INFO - 保存最佳模型到 models/individual_best_model.pth
2025-09-06 16:54:01,333 - vehicle_voice_recognition - INFO - 发现更好的 val_loss: 2.143955 (epoch 0)
2025-09-06 16:54:02,835 - vehicle_voice_recognition - INFO - Epoch 40/100 - Train Loss: 2.3362, Train Acc: 0.2333, Val Loss: 2.1472, Val Acc: 0.3000, LR: 0.000250, Time: 1.50s
2025-09-06 16:54:02,835 - vehicle_voice_recognition - INFO - val_loss 没有改善: 2.147171, 计数器: 1/25
2025-09-06 16:54:04,358 - vehicle_voice_recognition - INFO - Epoch 41/100 - Train Loss: 2.2880, Train Acc: 0.2133, Val Loss: 2.0876, Val Acc: 0.3400, LR: 0.000250, Time: 1.52s
2025-09-06 16:54:04,362 - vehicle_voice_recognition - INFO - 保存最佳模型到 models/individual_best_model.pth
2025-09-06 16:54:04,362 - vehicle_voice_recognition - INFO - 发现更好的 val_loss: 2.087550 (epoch 0)
2025-09-06 16:54:06,095 - vehicle_voice_recognition - INFO - Epoch 42/100 - Train Loss: 2.3383, Train Acc: 0.2000, Val Loss: 2.1093, Val Acc: 0.3000, LR: 0.000250, Time: 1.54s
2025-09-06 16:54:06,095 - vehicle_voice_recognition - INFO - val_loss 没有改善: 2.109259, 计数器: 1/25
2025-09-06 16:54:07,670 - vehicle_voice_recognition - INFO - Epoch 43/100 - Train Loss: 2.3311, Train Acc: 0.1933, Val Loss: 2.0916, Val Acc: 0.3600, LR: 0.000250, Time: 1.58s
2025-09-06 16:54:07,670 - vehicle_voice_recognition - INFO - val_loss 没有改善: 2.091608, 计数器: 2/25
2025-09-06 16:54:09,281 - vehicle_voice_recognition - INFO - Epoch 44/100 - Train Loss: 2.3412, Train Acc: 0.2333, Val Loss: 2.0799, Val Acc: 0.3600, LR: 0.000250, Time: 1.61s
2025-09-06 16:54:09,286 - vehicle_voice_recognition - INFO - 保存最佳模型到 models/individual_best_model.pth
2025-09-06 16:54:09,288 - vehicle_voice_recognition - INFO - 发现更好的 val_loss: 2.079870 (epoch 0)
2025-09-06 16:54:10,870 - vehicle_voice_recognition - INFO - Epoch 45/100 - Train Loss: 2.2247, Train Acc: 0.2467, Val Loss: 2.1055, Val Acc: 0.2800, LR: 0.000250, Time: 1.58s
2025-09-06 16:54:10,870 - vehicle_voice_recognition - INFO - val_loss 没有改善: 2.105483, 计数器: 1/25
2025-09-06 16:54:12,428 - vehicle_voice_recognition - INFO - Epoch 46/100 - Train Loss: 2.2866, Train Acc: 0.2400, Val Loss: 2.0912, Val Acc: 0.2800, LR: 0.000250, Time: 1.56s
2025-09-06 16:54:12,428 - vehicle_voice_recognition - INFO - val_loss 没有改善: 2.091213, 计数器: 2/25
2025-09-06 16:54:13,967 - vehicle_voice_recognition - INFO - Epoch 47/100 - Train Loss: 2.2128, Train Acc: 0.2800, Val Loss: 2.0453, Val Acc: 0.3600, LR: 0.000250, Time: 1.54s
2025-09-06 16:54:13,968 - vehicle_voice_recognition - INFO - 保存最佳模型到 models/individual_best_model.pth
2025-09-06 16:54:13,968 - vehicle_voice_recognition - INFO - 发现更好的 val_loss: 2.045271 (epoch 0)
2025-09-06 16:54:15,455 - vehicle_voice_recognition - INFO - Epoch 48/100 - Train Loss: 2.2709, Train Acc: 0.2600, Val Loss: 2.0406, Val Acc: 0.3800, LR: 0.000250, Time: 1.49s
2025-09-06 16:54:15,462 - vehicle_voice_recognition - INFO - 保存最佳模型到 models/individual_best_model.pth
2025-09-06 16:54:15,462 - vehicle_voice_recognition - INFO - 发现更好的 val_loss: 2.040648 (epoch 0)
2025-09-06 16:54:16,996 - vehicle_voice_recognition - INFO - Epoch 49/100 - Train Loss: 2.2967, Train Acc: 0.2267, Val Loss: 2.0483, Val Acc: 0.4400, LR: 0.000250, Time: 1.53s
2025-09-06 16:54:16,996 - vehicle_voice_recognition - INFO - val_loss 没有改善: 2.048326, 计数器: 1/25
2025-09-06 16:54:18,525 - vehicle_voice_recognition - INFO - Epoch 50/100 - Train Loss: 2.2015, Train Acc: 0.2733, Val Loss: 2.0278, Val Acc: 0.4600, LR: 0.000250, Time: 1.53s
2025-09-06 16:54:18,530 - vehicle_voice_recognition - INFO - 保存最佳模型到 models/individual_best_model.pth
2025-09-06 16:54:18,530 - vehicle_voice_recognition - INFO - 发现更好的 val_loss: 2.027848 (epoch 0)
2025-09-06 16:54:20,019 - vehicle_voice_recognition - INFO - Epoch 51/100 - Train Loss: 2.2958, Train Acc: 0.2000, Val Loss: 2.0302, Val Acc: 0.4200, LR: 0.000250, Time: 1.49s
2025-09-06 16:54:20,019 - vehicle_voice_recognition - INFO - val_loss 没有改善: 2.030204, 计数器: 1/25
2025-09-06 16:54:21,760 - vehicle_voice_recognition - INFO - Epoch 52/100 - Train Loss: 2.2249, Train Acc: 0.2600, Val Loss: 2.0199, Val Acc: 0.4000, LR: 0.000250, Time: 1.55s
2025-09-06 16:54:21,765 - vehicle_voice_recognition - INFO - 保存最佳模型到 models/individual_best_model.pth
2025-09-06 16:54:21,765 - vehicle_voice_recognition - INFO - 发现更好的 val_loss: 2.019928 (epoch 0)
2025-09-06 16:54:23,265 - vehicle_voice_recognition - INFO - Epoch 53/100 - Train Loss: 2.2276, Train Acc: 0.2067, Val Loss: 2.0066, Val Acc: 0.4000, LR: 0.000250, Time: 1.50s
2025-09-06 16:54:23,271 - vehicle_voice_recognition - INFO - 保存最佳模型到 models/individual_best_model.pth
2025-09-06 16:54:23,271 - vehicle_voice_recognition - INFO - 发现更好的 val_loss: 2.006597 (epoch 0)
2025-09-06 16:54:24,877 - vehicle_voice_recognition - INFO - Epoch 54/100 - Train Loss: 2.3213, Train Acc: 0.1733, Val Loss: 2.0249, Val Acc: 0.3000, LR: 0.000250, Time: 1.60s
2025-09-06 16:54:24,877 - vehicle_voice_recognition - INFO - val_loss 没有改善: 2.024919, 计数器: 1/25
2025-09-06 16:54:26,399 - vehicle_voice_recognition - INFO - Epoch 55/100 - Train Loss: 2.3218, Train Acc: 0.2067, Val Loss: 2.0127, Val Acc: 0.3800, LR: 0.000250, Time: 1.52s
2025-09-06 16:54:26,399 - vehicle_voice_recognition - INFO - val_loss 没有改善: 2.012748, 计数器: 2/25
2025-09-06 16:54:27,953 - vehicle_voice_recognition - INFO - Epoch 56/100 - Train Loss: 2.2913, Train Acc: 0.3000, Val Loss: 2.0047, Val Acc: 0.3600, LR: 0.000250, Time: 1.55s
2025-09-06 16:54:27,957 - vehicle_voice_recognition - INFO - 保存最佳模型到 models/individual_best_model.pth
2025-09-06 16:54:27,957 - vehicle_voice_recognition - INFO - 发现更好的 val_loss: 2.004711 (epoch 0)
2025-09-06 16:54:29,495 - vehicle_voice_recognition - INFO - Epoch 57/100 - Train Loss: 2.2657, Train Acc: 0.2467, Val Loss: 1.9859, Val Acc: 0.4000, LR: 0.000250, Time: 1.54s
2025-09-06 16:54:29,501 - vehicle_voice_recognition - INFO - 保存最佳模型到 models/individual_best_model.pth
2025-09-06 16:54:29,501 - vehicle_voice_recognition - INFO - 发现更好的 val_loss: 1.985940 (epoch 0)
2025-09-06 16:54:31,018 - vehicle_voice_recognition - INFO - Epoch 58/100 - Train Loss: 2.2142, Train Acc: 0.2667, Val Loss: 1.9813, Val Acc: 0.4600, LR: 0.000250, Time: 1.52s
2025-09-06 16:54:31,024 - vehicle_voice_recognition - INFO - 保存最佳模型到 models/individual_best_model.pth
2025-09-06 16:54:31,024 - vehicle_voice_recognition - INFO - 发现更好的 val_loss: 1.981323 (epoch 0)
2025-09-06 16:54:32,742 - vehicle_voice_recognition - INFO - Epoch 59/100 - Train Loss: 2.2149, Train Acc: 0.2800, Val Loss: 1.9873, Val Acc: 0.4200, LR: 0.000250, Time: 1.72s
2025-09-06 16:54:32,743 - vehicle_voice_recognition - INFO - val_loss 没有改善: 1.987295, 计数器: 1/25
2025-09-06 16:54:34,843 - vehicle_voice_recognition - INFO - Epoch 60/100 - Train Loss: 2.2466, Train Acc: 0.2000, Val Loss: 1.9706, Val Acc: 0.4600, LR: 0.000250, Time: 2.10s
2025-09-06 16:54:34,848 - vehicle_voice_recognition - INFO - 保存最佳模型到 models/individual_best_model.pth
2025-09-06 16:54:34,848 - vehicle_voice_recognition - INFO - 发现更好的 val_loss: 1.970590 (epoch 0)
2025-09-06 16:54:36,735 - vehicle_voice_recognition - INFO - Epoch 61/100 - Train Loss: 2.1474, Train Acc: 0.2733, Val Loss: 1.9629, Val Acc: 0.4400, LR: 0.000125, Time: 1.89s
2025-09-06 16:54:36,739 - vehicle_voice_recognition - INFO - 保存最佳模型到 models/individual_best_model.pth
2025-09-06 16:54:36,739 - vehicle_voice_recognition - INFO - 发现更好的 val_loss: 1.962875 (epoch 0)
2025-09-06 16:54:38,503 - vehicle_voice_recognition - INFO - Epoch 62/100 - Train Loss: 2.2343, Train Acc: 0.2600, Val Loss: 1.9486, Val Acc: 0.4400, LR: 0.000125, Time: 1.56s
2025-09-06 16:54:38,509 - vehicle_voice_recognition - INFO - 保存最佳模型到 models/individual_best_model.pth
2025-09-06 16:54:38,509 - vehicle_voice_recognition - INFO - 发现更好的 val_loss: 1.948592 (epoch 0)
2025-09-06 16:54:40,234 - vehicle_voice_recognition - INFO - Epoch 63/100 - Train Loss: 2.1898, Train Acc: 0.2600, Val Loss: 1.9580, Val Acc: 0.4600, LR: 0.000125, Time: 1.72s
2025-09-06 16:54:40,234 - vehicle_voice_recognition - INFO - val_loss 没有改善: 1.957998, 计数器: 1/25
2025-09-06 16:54:42,356 - vehicle_voice_recognition - INFO - Epoch 64/100 - Train Loss: 2.2470, Train Acc: 0.2800, Val Loss: 1.9472, Val Acc: 0.4400, LR: 0.000125, Time: 2.12s
2025-09-06 16:54:42,361 - vehicle_voice_recognition - INFO - 保存最佳模型到 models/individual_best_model.pth
2025-09-06 16:54:42,363 - vehicle_voice_recognition - INFO - 发现更好的 val_loss: 1.947236 (epoch 0)
2025-09-06 16:54:44,486 - vehicle_voice_recognition - INFO - Epoch 65/100 - Train Loss: 2.1975, Train Acc: 0.2667, Val Loss: 1.9463, Val Acc: 0.4200, LR: 0.000125, Time: 2.12s
2025-09-06 16:54:44,492 - vehicle_voice_recognition - INFO - 保存最佳模型到 models/individual_best_model.pth
2025-09-06 16:54:44,492 - vehicle_voice_recognition - INFO - val_loss 没有改善: 1.946265, 计数器: 1/25
2025-09-06 16:54:46,130 - vehicle_voice_recognition - INFO - Epoch 66/100 - Train Loss: 2.2828, Train Acc: 0.2133, Val Loss: 1.9613, Val Acc: 0.4400, LR: 0.000125, Time: 1.64s
2025-09-06 16:54:46,130 - vehicle_voice_recognition - INFO - val_loss 没有改善: 1.961269, 计数器: 2/25
2025-09-06 16:54:47,706 - vehicle_voice_recognition - INFO - Epoch 67/100 - Train Loss: 2.1657, Train Acc: 0.2733, Val Loss: 1.9507, Val Acc: 0.4400, LR: 0.000125, Time: 1.58s
2025-09-06 16:54:47,706 - vehicle_voice_recognition - INFO - val_loss 没有改善: 1.950734, 计数器: 3/25
2025-09-06 16:54:49,301 - vehicle_voice_recognition - INFO - Epoch 68/100 - Train Loss: 2.2315, Train Acc: 0.2267, Val Loss: 1.9399, Val Acc: 0.4200, LR: 0.000125, Time: 1.59s
2025-09-06 16:54:49,305 - vehicle_voice_recognition - INFO - 保存最佳模型到 models/individual_best_model.pth
2025-09-06 16:54:49,305 - vehicle_voice_recognition - INFO - 发现更好的 val_loss: 1.939949 (epoch 0)
2025-09-06 16:54:50,825 - vehicle_voice_recognition - INFO - Epoch 69/100 - Train Loss: 2.1768, Train Acc: 0.2533, Val Loss: 1.9229, Val Acc: 0.4400, LR: 0.000125, Time: 1.52s
2025-09-06 16:54:50,830 - vehicle_voice_recognition - INFO - 保存最佳模型到 models/individual_best_model.pth
2025-09-06 16:54:50,830 - vehicle_voice_recognition - INFO - 发现更好的 val_loss: 1.922852 (epoch 0)
2025-09-06 16:54:52,385 - vehicle_voice_recognition - INFO - Epoch 70/100 - Train Loss: 2.2110, Train Acc: 0.2267, Val Loss: 1.9389, Val Acc: 0.4000, LR: 0.000125, Time: 1.56s
2025-09-06 16:54:52,385 - vehicle_voice_recognition - INFO - val_loss 没有改善: 1.938859, 计数器: 1/25
2025-09-06 16:54:53,925 - vehicle_voice_recognition - INFO - Epoch 71/100 - Train Loss: 2.1894, Train Acc: 0.2667, Val Loss: 1.9125, Val Acc: 0.4600, LR: 0.000125, Time: 1.54s
2025-09-06 16:54:53,930 - vehicle_voice_recognition - INFO - 保存最佳模型到 models/individual_best_model.pth
2025-09-06 16:54:53,930 - vehicle_voice_recognition - INFO - 发现更好的 val_loss: 1.912495 (epoch 0)
2025-09-06 16:54:55,705 - vehicle_voice_recognition - INFO - Epoch 72/100 - Train Loss: 2.1898, Train Acc: 0.2733, Val Loss: 1.9243, Val Acc: 0.4000, LR: 0.000125, Time: 1.58s
2025-09-06 16:54:55,705 - vehicle_voice_recognition - INFO - val_loss 没有改善: 1.924311, 计数器: 1/25
2025-09-06 16:54:57,237 - vehicle_voice_recognition - INFO - Epoch 73/100 - Train Loss: 2.2028, Train Acc: 0.2867, Val Loss: 1.9112, Val Acc: 0.4400, LR: 0.000125, Time: 1.53s
2025-09-06 16:54:57,244 - vehicle_voice_recognition - INFO - 保存最佳模型到 models/individual_best_model.pth
2025-09-06 16:54:57,244 - vehicle_voice_recognition - INFO - 发现更好的 val_loss: 1.911234 (epoch 0)
2025-09-06 16:54:58,757 - vehicle_voice_recognition - INFO - Epoch 74/100 - Train Loss: 2.1788, Train Acc: 0.2333, Val Loss: 1.9388, Val Acc: 0.4000, LR: 0.000125, Time: 1.51s
2025-09-06 16:54:58,757 - vehicle_voice_recognition - INFO - val_loss 没有改善: 1.938798, 计数器: 1/25
2025-09-06 16:55:00,342 - vehicle_voice_recognition - INFO - Epoch 75/100 - Train Loss: 2.1633, Train Acc: 0.2267, Val Loss: 1.9080, Val Acc: 0.5000, LR: 0.000125, Time: 1.59s
2025-09-06 16:55:00,345 - vehicle_voice_recognition - INFO - 保存最佳模型到 models/individual_best_model.pth
2025-09-06 16:55:00,348 - vehicle_voice_recognition - INFO - 发现更好的 val_loss: 1.907987 (epoch 0)
2025-09-06 16:55:01,865 - vehicle_voice_recognition - INFO - Epoch 76/100 - Train Loss: 2.0755, Train Acc: 0.2733, Val Loss: 1.8999, Val Acc: 0.4600, LR: 0.000125, Time: 1.52s
2025-09-06 16:55:01,872 - vehicle_voice_recognition - INFO - 保存最佳模型到 models/individual_best_model.pth
2025-09-06 16:55:01,872 - vehicle_voice_recognition - INFO - 发现更好的 val_loss: 1.899862 (epoch 0)
2025-09-06 16:55:03,375 - vehicle_voice_recognition - INFO - Epoch 77/100 - Train Loss: 2.2297, Train Acc: 0.2867, Val Loss: 1.9067, Val Acc: 0.4200, LR: 0.000125, Time: 1.50s
2025-09-06 16:55:03,375 - vehicle_voice_recognition - INFO - val_loss 没有改善: 1.906684, 计数器: 1/25
2025-09-06 16:55:04,896 - vehicle_voice_recognition - INFO - Epoch 78/100 - Train Loss: 2.1628, Train Acc: 0.2400, Val Loss: 1.9152, Val Acc: 0.5200, LR: 0.000125, Time: 1.52s
2025-09-06 16:55:04,897 - vehicle_voice_recognition - INFO - val_loss 没有改善: 1.915191, 计数器: 2/25
2025-09-06 16:55:06,429 - vehicle_voice_recognition - INFO - Epoch 79/100 - Train Loss: 2.0827, Train Acc: 0.3400, Val Loss: 1.9232, Val Acc: 0.4800, LR: 0.000125, Time: 1.53s
2025-09-06 16:55:06,430 - vehicle_voice_recognition - INFO - val_loss 没有改善: 1.923238, 计数器: 3/25
2025-09-06 16:55:07,977 - vehicle_voice_recognition - INFO - Epoch 80/100 - Train Loss: 2.1722, Train Acc: 0.2867, Val Loss: 1.8941, Val Acc: 0.4200, LR: 0.000125, Time: 1.55s
2025-09-06 16:55:07,981 - vehicle_voice_recognition - INFO - 保存最佳模型到 models/individual_best_model.pth
2025-09-06 16:55:07,981 - vehicle_voice_recognition - INFO - 发现更好的 val_loss: 1.894052 (epoch 0)
2025-09-06 16:55:09,568 - vehicle_voice_recognition - INFO - Epoch 81/100 - Train Loss: 2.1621, Train Acc: 0.2533, Val Loss: 1.8847, Val Acc: 0.4600, LR: 0.000125, Time: 1.59s
2025-09-06 16:55:09,574 - vehicle_voice_recognition - INFO - 保存最佳模型到 models/individual_best_model.pth
2025-09-06 16:55:09,575 - vehicle_voice_recognition - INFO - 发现更好的 val_loss: 1.884742 (epoch 0)
2025-09-06 16:55:11,331 - vehicle_voice_recognition - INFO - Epoch 82/100 - Train Loss: 2.0931, Train Acc: 0.3067, Val Loss: 1.8873, Val Acc: 0.4600, LR: 0.000125, Time: 1.56s
2025-09-06 16:55:11,331 - vehicle_voice_recognition - INFO - val_loss 没有改善: 1.887280, 计数器: 1/25
2025-09-06 16:55:12,881 - vehicle_voice_recognition - INFO - Epoch 83/100 - Train Loss: 2.1617, Train Acc: 0.3000, Val Loss: 1.8872, Val Acc: 0.5200, LR: 0.000125, Time: 1.55s
2025-09-06 16:55:12,881 - vehicle_voice_recognition - INFO - val_loss 没有改善: 1.887218, 计数器: 2/25
2025-09-06 16:55:14,426 - vehicle_voice_recognition - INFO - Epoch 84/100 - Train Loss: 2.0982, Train Acc: 0.2933, Val Loss: 1.8796, Val Acc: 0.4800, LR: 0.000125, Time: 1.55s
2025-09-06 16:55:14,429 - vehicle_voice_recognition - INFO - 保存最佳模型到 models/individual_best_model.pth
2025-09-06 16:55:14,429 - vehicle_voice_recognition - INFO - 发现更好的 val_loss: 1.879583 (epoch 0)
2025-09-06 16:55:15,984 - vehicle_voice_recognition - INFO - Epoch 85/100 - Train Loss: 2.1261, Train Acc: 0.2733, Val Loss: 1.8794, Val Acc: 0.4400, LR: 0.000125, Time: 1.55s
2025-09-06 16:55:15,988 - vehicle_voice_recognition - INFO - 保存最佳模型到 models/individual_best_model.pth
2025-09-06 16:55:15,988 - vehicle_voice_recognition - INFO - val_loss 没有改善: 1.879415, 计数器: 1/25
2025-09-06 16:55:17,545 - vehicle_voice_recognition - INFO - Epoch 86/100 - Train Loss: 2.1737, Train Acc: 0.2533, Val Loss: 1.8822, Val Acc: 0.4000, LR: 0.000125, Time: 1.56s
2025-09-06 16:55:17,545 - vehicle_voice_recognition - INFO - val_loss 没有改善: 1.882211, 计数器: 2/25
2025-09-06 16:55:19,116 - vehicle_voice_recognition - INFO - Epoch 87/100 - Train Loss: 2.1460, Train Acc: 0.2200, Val Loss: 1.8650, Val Acc: 0.4600, LR: 0.000125, Time: 1.57s
2025-09-06 16:55:19,125 - vehicle_voice_recognition - INFO - 保存最佳模型到 models/individual_best_model.pth
2025-09-06 16:55:19,125 - vehicle_voice_recognition - INFO - 发现更好的 val_loss: 1.865003 (epoch 0)
2025-09-06 16:55:20,679 - vehicle_voice_recognition - INFO - Epoch 88/100 - Train Loss: 2.1757, Train Acc: 0.2400, Val Loss: 1.8699, Val Acc: 0.4200, LR: 0.000125, Time: 1.55s
2025-09-06 16:55:20,679 - vehicle_voice_recognition - INFO - val_loss 没有改善: 1.869875, 计数器: 1/25
2025-09-06 16:55:22,225 - vehicle_voice_recognition - INFO - Epoch 89/100 - Train Loss: 2.0794, Train Acc: 0.2667, Val Loss: 1.8607, Val Acc: 0.4600, LR: 0.000125, Time: 1.55s
2025-09-06 16:55:22,227 - vehicle_voice_recognition - INFO - 保存最佳模型到 models/individual_best_model.pth
2025-09-06 16:55:22,227 - vehicle_voice_recognition - INFO - 发现更好的 val_loss: 1.860691 (epoch 0)
2025-09-06 16:55:23,785 - vehicle_voice_recognition - INFO - Epoch 90/100 - Train Loss: 2.1280, Train Acc: 0.2600, Val Loss: 1.8717, Val Acc: 0.4400, LR: 0.000125, Time: 1.56s
2025-09-06 16:55:23,787 - vehicle_voice_recognition - INFO - val_loss 没有改善: 1.871709, 计数器: 1/25
2025-09-06 16:55:25,342 - vehicle_voice_recognition - INFO - Epoch 91/100 - Train Loss: 2.1819, Train Acc: 0.2067, Val Loss: 1.8793, Val Acc: 0.4200, LR: 0.000063, Time: 1.55s
2025-09-06 16:55:25,342 - vehicle_voice_recognition - INFO - val_loss 没有改善: 1.879252, 计数器: 2/25
2025-09-06 16:55:27,079 - vehicle_voice_recognition - INFO - Epoch 92/100 - Train Loss: 2.1203, Train Acc: 0.2867, Val Loss: 1.8584, Val Acc: 0.4600, LR: 0.000063, Time: 1.55s
2025-09-06 16:55:27,084 - vehicle_voice_recognition - INFO - 保存最佳模型到 models/individual_best_model.pth
2025-09-06 16:55:27,085 - vehicle_voice_recognition - INFO - 发现更好的 val_loss: 1.858441 (epoch 0)
2025-09-06 16:55:28,630 - vehicle_voice_recognition - INFO - Epoch 93/100 - Train Loss: 2.1837, Train Acc: 0.2933, Val Loss: 1.8670, Val Acc: 0.4800, LR: 0.000063, Time: 1.54s
2025-09-06 16:55:28,630 - vehicle_voice_recognition - INFO - val_loss 没有改善: 1.867017, 计数器: 1/25
2025-09-06 16:55:30,211 - vehicle_voice_recognition - INFO - Epoch 94/100 - Train Loss: 2.2198, Train Acc: 0.2400, Val Loss: 1.8517, Val Acc: 0.4800, LR: 0.000063, Time: 1.58s
2025-09-06 16:55:30,215 - vehicle_voice_recognition - INFO - 保存最佳模型到 models/individual_best_model.pth
2025-09-06 16:55:30,215 - vehicle_voice_recognition - INFO - 发现更好的 val_loss: 1.851690 (epoch 0)
2025-09-06 16:55:31,774 - vehicle_voice_recognition - INFO - Epoch 95/100 - Train Loss: 2.0876, Train Acc: 0.3067, Val Loss: 1.8825, Val Acc: 0.4000, LR: 0.000063, Time: 1.56s
2025-09-06 16:55:31,774 - vehicle_voice_recognition - INFO - val_loss 没有改善: 1.882452, 计数器: 1/25
2025-09-06 16:55:33,313 - vehicle_voice_recognition - INFO - Epoch 96/100 - Train Loss: 2.0550, Train Acc: 0.3133, Val Loss: 1.8720, Val Acc: 0.4200, LR: 0.000063, Time: 1.54s
2025-09-06 16:55:33,313 - vehicle_voice_recognition - INFO - val_loss 没有改善: 1.871975, 计数器: 2/25
2025-09-06 16:55:34,835 - vehicle_voice_recognition - INFO - Epoch 97/100 - Train Loss: 2.1039, Train Acc: 0.2267, Val Loss: 1.8669, Val Acc: 0.4600, LR: 0.000063, Time: 1.52s
2025-09-06 16:55:34,835 - vehicle_voice_recognition - INFO - val_loss 没有改善: 1.866920, 计数器: 3/25
2025-09-06 16:55:36,426 - vehicle_voice_recognition - INFO - Epoch 98/100 - Train Loss: 2.1620, Train Acc: 0.1933, Val Loss: 1.8537, Val Acc: 0.4400, LR: 0.000063, Time: 1.59s
2025-09-06 16:55:36,426 - vehicle_voice_recognition - INFO - val_loss 没有改善: 1.853740, 计数器: 4/25
2025-09-06 16:55:38,020 - vehicle_voice_recognition - INFO - Epoch 99/100 - Train Loss: 2.0719, Train Acc: 0.3133, Val Loss: 1.8604, Val Acc: 0.4000, LR: 0.000063, Time: 1.59s
2025-09-06 16:55:38,020 - vehicle_voice_recognition - INFO - val_loss 没有改善: 1.860378, 计数器: 5/25
2025-09-06 16:55:39,623 - vehicle_voice_recognition - INFO - Epoch 100/100 - Train Loss: 2.1558, Train Acc: 0.2800, Val Loss: 1.8592, Val Acc: 0.4200, LR: 0.000063, Time: 1.60s
2025-09-06 16:55:39,623 - vehicle_voice_recognition - INFO - val_loss 没有改善: 1.859230, 计数器: 6/25
2025-09-06 16:55:39,623 - vehicle_voice_recognition - INFO - 训练完成，总用时: 168.90秒
2025-09-06 16:55:39,623 - vehicle_voice_recognition - INFO - 开始个体识别评估...
2025-09-06 16:55:39,624 - vehicle_voice_recognition - INFO - 模型评估器初始化完成，设备: cpu
2025-09-06 16:55:40,982 - vehicle_voice_recognition - INFO - 混淆矩阵已保存至: results/individual\individual_confusion_matrix.png
2025-09-06 16:55:40,982 - vehicle_voice_recognition - INFO - 评估完成 - 准确率: 0.4200, F1分数: 0.3476
2025-09-06 16:55:40,982 - vehicle_voice_recognition - INFO - 
个体识别测试集性能:
2025-09-06 16:55:40,982 - vehicle_voice_recognition - INFO - 准确率: 0.4200
2025-09-06 16:55:40,982 - vehicle_voice_recognition - INFO - F1分数: 0.3476
2025-09-06 16:55:40,982 - vehicle_voice_recognition - INFO - 最佳验证准确率: 0.5200
2025-09-06 16:55:40,982 - vehicle_voice_recognition - INFO - 
个体识别训练和评估完成!
2025-09-06 16:55:40,982 - vehicle_voice_recognition - INFO - 模型已保存至: models/individual_best_model.pth
2025-09-06 16:55:40,982 - vehicle_voice_recognition - INFO - 标签映射已保存至: models/individual_label_mapping.json
2025-09-06 16:55:40,982 - vehicle_voice_recognition - INFO - 结果可视化已保存至: results/individual
2025-09-06 16:55:40,982 - vehicle_voice_recognition - INFO - 
🎨 开始生成个体识别可视化结果...
2025-09-06 16:55:40,985 - vehicle_voice_recognition - INFO - 📁 数据目录: C:\Users\33016\Downloads\vehicile_voice_recoginition-vehicle_voice_recognition\vehicile_voice_recoginition-vehicle_voice_recognition\vehicle_audio_data\individual_vehicles
2025-09-06 16:55:40,986 - vehicle_voice_recognition - INFO - 📁 输出目录: C:\Users\33016\Downloads\vehicile_voice_recoginition-vehicle_voice_recognition\vehicile_voice_recoginition-vehicle_voice_recognition\results\individual\audio_features
2025-09-06 16:55:40,986 - vehicle_voice_recognition - INFO - 音频预处理器初始化：sr=16000, n_fft=2048, n_mels=128
2025-09-06 16:55:40,986 - vehicle_voice_recognition - INFO - 特征提取类型: ['mel']
2025-09-06 16:55:40,986 - vehicle_voice_recognition - INFO - 数据增强: 禁用
2025-09-06 16:55:40,986 - vehicle_voice_recognition - INFO - 处理个体: bus_000
2025-09-06 16:55:48,035 - vehicle_voice_recognition - INFO - 处理个体: bus_001
2025-09-06 16:55:55,009 - vehicle_voice_recognition - INFO - 处理个体: bus_002
2025-09-06 16:56:01,431 - vehicle_voice_recognition - INFO - 处理个体: bus_003
2025-09-06 16:56:08,000 - vehicle_voice_recognition - INFO - 处理个体: bus_004
2025-09-06 16:56:14,460 - vehicle_voice_recognition - INFO - 处理个体: motorcycle_000
2025-09-06 16:56:21,660 - vehicle_voice_recognition - INFO - 处理个体: motorcycle_001
2025-09-06 16:56:29,078 - vehicle_voice_recognition - INFO - 处理个体: motorcycle_002
2025-09-06 16:56:35,727 - vehicle_voice_recognition - INFO - 处理个体: motorcycle_003
2025-09-06 16:56:43,106 - vehicle_voice_recognition - INFO - 处理个体: motorcycle_004
2025-09-06 16:56:49,918 - vehicle_voice_recognition - INFO - 处理个体: sedan_000
2025-09-06 16:56:56,734 - vehicle_voice_recognition - INFO - 处理个体: sedan_001
2025-09-06 16:57:02,995 - vehicle_voice_recognition - INFO - 处理个体: sedan_002
2025-09-06 16:57:09,638 - vehicle_voice_recognition - INFO - 处理个体: sedan_003
2025-09-06 16:57:16,002 - vehicle_voice_recognition - INFO - 处理个体: sedan_004
2025-09-06 16:57:22,370 - vehicle_voice_recognition - INFO - 处理个体: suv_000
2025-09-06 16:57:29,773 - vehicle_voice_recognition - INFO - 处理个体: suv_001
2025-09-06 16:57:36,100 - vehicle_voice_recognition - INFO - 处理个体: suv_002
2025-09-06 16:57:42,973 - vehicle_voice_recognition - INFO - 处理个体: suv_003
2025-09-06 16:57:49,402 - vehicle_voice_recognition - INFO - 处理个体: suv_004
2025-09-06 16:57:56,030 - vehicle_voice_recognition - INFO - 处理个体: truck_000
2025-09-06 16:58:02,863 - vehicle_voice_recognition - INFO - 处理个体: truck_001
2025-09-06 16:58:09,739 - vehicle_voice_recognition - INFO - 处理个体: truck_002
2025-09-06 16:58:16,375 - vehicle_voice_recognition - INFO - 处理个体: truck_003
2025-09-06 16:58:22,680 - vehicle_voice_recognition - INFO - 处理个体: truck_004
2025-09-06 16:58:29,552 - vehicle_voice_recognition - INFO - ✅ 音频特征可视化生成完成，共生成 125 个文件
2025-09-06 16:58:29,552 - vehicle_voice_recognition - WARNING - 模型文件不存在: models\individual_model.pth
2025-09-06 16:58:29,552 - vehicle_voice_recognition - INFO - ✅ 个体识别可视化结果生成完成!
2025-09-06 16:58:29,552 - vehicle_voice_recognition - INFO - 📁 可视化文件位置:
2025-09-06 16:58:29,552 - vehicle_voice_recognition - INFO -    - results/audio_visualizations/
2025-09-06 16:58:29,552 - vehicle_voice_recognition - INFO -    - results/prediction_visualizations/
2025-09-06 16:58:29,556 - vehicle_voice_recognition - INFO - 系统状态 - CPU: 64.5%, 内存: 52.1%, GPU: 0.0%
2025-09-06 16:58:30,139 - vehicle_voice_recognition - INFO - 监控报告已保存: logs\individual_training_monitor_report.png
2025-09-06 16:58:30,139 - vehicle_voice_recognition - INFO - 🎉 个体识别训练流程完成!
2025-09-06 16:58:30,139 - vehicle_voice_recognition - INFO - 下一步: 运行 python vehicle_inference.py <audio_file> 进行个体识别测试
