2025-09-05 10:48:51,140 - vehicle_voice_recognition - INFO - 🔍 正在验证系统配置...
2025-09-05 10:48:51,141 - vehicle_voice_recognition - INFO - ✅ 配置验证通过
2025-09-05 10:48:52,327 - vehicle_voice_recognition - INFO - Using device: cpu
2025-09-05 10:48:52,328 - vehicle_voice_recognition - INFO - Loaded label mapping with 11 classes
2025-09-05 10:48:52,328 - vehicle_voice_recognition - INFO - 音频预处理器初始化：sr=16000, n_fft=2048, n_mels=128
2025-09-05 10:48:52,328 - vehicle_voice_recognition - INFO - 特征提取类型: ['mel']
2025-09-05 10:48:52,328 - vehicle_voice_recognition - INFO - 数据增强: 禁用
2025-09-05 10:48:52,329 - vehicle_voice_recognition - INFO - Initialized audio preprocessor with config parameters
2025-09-05 10:48:52,340 - vehicle_voice_recognition - INFO - 加载完整检查点文件
2025-09-05 10:48:52,341 - vehicle_voice_recognition - INFO - Loaded model from models/individual_best_model.pth
2025-09-05 10:48:52,341 - vehicle_voice_recognition - INFO - ✅ 个体识别推理引擎初始化完成
2025-09-05 10:48:52,341 - vehicle_voice_recognition - INFO - 模型路径: models/individual_best_model.pth
2025-09-05 10:48:52,341 - vehicle_voice_recognition - INFO - 支持的个体车辆数量: 11
2025-09-05 10:48:52,341 - vehicle_voice_recognition - INFO - 个体车辆列表: ['motorcycle_01', 'motorcycle_02', 'sedan_01', 'sedan_02', 'sedan_03', 'suv_01', 'suv_02', 'test_sedan_01', 'test_suv_01', 'truck_01', 'truck_02']
2025-09-05 10:48:52,341 - vehicle_voice_recognition - INFO - 正在分析音频进行个体识别: vehicle_audio_data\individual_vehicles\sedan\sedan_01\cruising\sedan_01_cruising_000.wav
2025-09-05 10:48:54,008 - vehicle_voice_recognition - INFO - 预测结果: truck_02, 置信度: 0.1711 (vehicle_audio_data\individual_vehicles\sedan\sedan_01\cruising\sedan_01_cruising_000.wav)
2025-09-05 10:48:54,009 - vehicle_voice_recognition - INFO - 🎯 个体识别结果:
2025-09-05 10:48:54,009 - vehicle_voice_recognition - INFO -    个体车辆: unknown_truck_02
2025-09-05 10:48:54,009 - vehicle_voice_recognition - INFO -    车辆类型: truck
2025-09-05 10:48:54,009 - vehicle_voice_recognition - INFO -    个体编号: 02
2025-09-05 10:48:54,009 - vehicle_voice_recognition - INFO -    置信度: 0.1711
2025-09-05 10:48:54,009 - vehicle_voice_recognition - INFO -    推理时间: 1.668秒
2025-09-05 10:48:54,009 - vehicle_voice_recognition - INFO - 音频预处理器初始化：sr=16000, n_fft=2048, n_mels=128
2025-09-05 10:48:54,009 - vehicle_voice_recognition - INFO - 特征提取类型: ['mel']
2025-09-05 10:48:54,009 - vehicle_voice_recognition - INFO - 数据增强: 禁用
2025-09-05 10:48:55,344 - vehicle_voice_recognition - INFO - 📊 可视化结果已保存
