2025-09-06 16:40:43,514 - vehicle_voice_recognition - INFO - 🎯 车载语音个体识别系统 - 训练执行器
2025-09-06 16:40:43,519 - vehicle_voice_recognition - INFO - ✅ 发现 250 个个体化音频文件
2025-09-06 16:40:43,519 - vehicle_voice_recognition - INFO - 系统状态 - CPU: 25.8%, 内存: 56.1%, GPU: 0.0%
2025-09-06 16:40:43,542 - vehicle_voice_recognition - INFO - 机动车个体声纹识别系统 - 训练模块
2025-09-06 16:40:43,544 - vehicle_voice_recognition - INFO - 使用设备: cpu
2025-09-06 16:40:43,544 - vehicle_voice_recognition - INFO - 个体化数据目录: vehicle_audio_data/individual_vehicles
2025-09-06 16:40:43,544 - vehicle_voice_recognition - INFO - 早停配置: patience=25, min_delta=0.001
2025-09-06 16:40:43,544 - vehicle_voice_recognition - INFO - 音频数据增强器初始化完成，启用状态: True
2025-09-06 16:40:43,544 - vehicle_voice_recognition - INFO - 音频预处理器初始化：sr=16000, n_fft=2048, n_mels=128
2025-09-06 16:40:43,545 - vehicle_voice_recognition - INFO - 特征提取类型: ['mel']
2025-09-06 16:40:43,545 - vehicle_voice_recognition - INFO - 数据增强: 启用
2025-09-06 16:40:43,545 - vehicle_voice_recognition - INFO - 正在创建个体识别数据加载器...
2025-09-06 16:40:43,679 - vehicle_voice_recognition - INFO - 训练集: 150 样本
2025-09-06 16:40:43,679 - vehicle_voice_recognition - INFO - 验证集: 50 样本
2025-09-06 16:40:43,679 - vehicle_voice_recognition - INFO - 测试集: 50 样本
2025-09-06 16:40:43,679 - vehicle_voice_recognition - INFO - 个体数量: 25
2025-09-06 16:40:43,679 - vehicle_voice_recognition - INFO - 个体映射: {'bus_000': 0, 'bus_001': 1, 'bus_002': 2, 'bus_003': 3, 'bus_004': 4, 'motorcycle_000': 5, 'motorcycle_001': 6, 'motorcycle_002': 7, 'motorcycle_003': 8, 'motorcycle_004': 9, 'sedan_000': 10, 'sedan_001': 11, 'sedan_002': 12, 'sedan_003': 13, 'sedan_004': 14, 'suv_000': 15, 'suv_001': 16, 'suv_002': 17, 'suv_003': 18, 'suv_004': 19, 'truck_000': 20, 'truck_001': 21, 'truck_002': 22, 'truck_003': 23, 'truck_004': 24}
2025-09-06 16:40:43,682 - vehicle_voice_recognition - INFO - 模型参数量: 29,305
2025-09-06 16:40:45,734 - vehicle_voice_recognition - INFO - 开始个体识别训练...
2025-09-06 16:40:45,734 - vehicle_voice_recognition - INFO - 模型训练器初始化完成，设备: cpu
2025-09-06 16:40:45,734 - vehicle_voice_recognition - INFO - 早停机制初始化: patience=25, min_delta=0.001, monitor=val_loss, mode=min
2025-09-06 16:40:45,734 - vehicle_voice_recognition - INFO - 梯度裁剪器初始化: max_norm=0.5, norm_type=2.0
2025-09-06 16:40:45,736 - vehicle_voice_recognition - INFO - 开始训练，共 100 个epoch
2025-09-06 16:40:51,251 - vehicle_voice_recognition - INFO - Epoch 1/100 - Train Loss: 3.2445, Train Acc: 0.0600, Val Loss: 3.2115, Val Acc: 0.0800, LR: 0.000500, Time: 5.52s
2025-09-06 16:40:51,261 - vehicle_voice_recognition - INFO - 保存最佳模型到 models/individual_best_model.pth
2025-09-06 16:40:51,261 - vehicle_voice_recognition - INFO - 发现更好的 val_loss: 3.211531 (epoch 0)
2025-09-06 16:40:53,110 - vehicle_voice_recognition - INFO - Epoch 2/100 - Train Loss: 3.2167, Train Acc: 0.0267, Val Loss: 3.1776, Val Acc: 0.0800, LR: 0.000500, Time: 1.65s
2025-09-06 16:40:53,121 - vehicle_voice_recognition - INFO - 保存最佳模型到 models/individual_best_model.pth
2025-09-06 16:40:53,123 - vehicle_voice_recognition - INFO - 发现更好的 val_loss: 3.177636 (epoch 0)
2025-09-06 16:40:55,328 - vehicle_voice_recognition - INFO - Epoch 3/100 - Train Loss: 3.1791, Train Acc: 0.0667, Val Loss: 3.1479, Val Acc: 0.0800, LR: 0.000500, Time: 2.20s
2025-09-06 16:40:55,334 - vehicle_voice_recognition - INFO - 保存最佳模型到 models/individual_best_model.pth
2025-09-06 16:40:55,335 - vehicle_voice_recognition - INFO - 发现更好的 val_loss: 3.147912 (epoch 0)
2025-09-06 16:40:57,475 - vehicle_voice_recognition - INFO - Epoch 4/100 - Train Loss: 3.1665, Train Acc: 0.0600, Val Loss: 3.1172, Val Acc: 0.0800, LR: 0.000500, Time: 2.14s
2025-09-06 16:40:57,480 - vehicle_voice_recognition - INFO - 保存最佳模型到 models/individual_best_model.pth
2025-09-06 16:40:57,481 - vehicle_voice_recognition - INFO - 发现更好的 val_loss: 3.117158 (epoch 0)
2025-09-06 16:40:59,624 - vehicle_voice_recognition - INFO - Epoch 5/100 - Train Loss: 3.1372, Train Acc: 0.0600, Val Loss: 3.0844, Val Acc: 0.1200, LR: 0.000500, Time: 2.14s
2025-09-06 16:40:59,630 - vehicle_voice_recognition - INFO - 保存最佳模型到 models/individual_best_model.pth
2025-09-06 16:40:59,630 - vehicle_voice_recognition - INFO - 发现更好的 val_loss: 3.084396 (epoch 0)
2025-09-06 16:41:01,304 - vehicle_voice_recognition - INFO - Epoch 6/100 - Train Loss: 3.1251, Train Acc: 0.0600, Val Loss: 3.0507, Val Acc: 0.1600, LR: 0.000500, Time: 1.67s
2025-09-06 16:41:01,310 - vehicle_voice_recognition - INFO - 保存最佳模型到 models/individual_best_model.pth
2025-09-06 16:41:01,311 - vehicle_voice_recognition - INFO - 发现更好的 val_loss: 3.050742 (epoch 0)
2025-09-06 16:41:02,844 - vehicle_voice_recognition - INFO - Epoch 7/100 - Train Loss: 3.0975, Train Acc: 0.0733, Val Loss: 3.0111, Val Acc: 0.2800, LR: 0.000500, Time: 1.53s
2025-09-06 16:41:02,850 - vehicle_voice_recognition - INFO - 保存最佳模型到 models/individual_best_model.pth
2025-09-06 16:41:02,850 - vehicle_voice_recognition - INFO - 发现更好的 val_loss: 3.011135 (epoch 0)
2025-09-06 16:41:04,380 - vehicle_voice_recognition - INFO - Epoch 8/100 - Train Loss: 3.0803, Train Acc: 0.0800, Val Loss: 2.9721, Val Acc: 0.2400, LR: 0.000500, Time: 1.53s
2025-09-06 16:41:04,385 - vehicle_voice_recognition - INFO - 保存最佳模型到 models/individual_best_model.pth
2025-09-06 16:41:04,385 - vehicle_voice_recognition - INFO - 发现更好的 val_loss: 2.972125 (epoch 0)
2025-09-06 16:41:06,039 - vehicle_voice_recognition - INFO - Epoch 9/100 - Train Loss: 3.0162, Train Acc: 0.0667, Val Loss: 2.9418, Val Acc: 0.3200, LR: 0.000500, Time: 1.65s
2025-09-06 16:41:06,044 - vehicle_voice_recognition - INFO - 保存最佳模型到 models/individual_best_model.pth
2025-09-06 16:41:06,044 - vehicle_voice_recognition - INFO - 发现更好的 val_loss: 2.941790 (epoch 0)
2025-09-06 16:41:07,649 - vehicle_voice_recognition - INFO - Epoch 10/100 - Train Loss: 2.9730, Train Acc: 0.0867, Val Loss: 2.8917, Val Acc: 0.2000, LR: 0.000500, Time: 1.60s
2025-09-06 16:41:07,655 - vehicle_voice_recognition - INFO - 保存最佳模型到 models/individual_best_model.pth
2025-09-06 16:41:07,655 - vehicle_voice_recognition - INFO - 发现更好的 val_loss: 2.891745 (epoch 0)
2025-09-06 16:41:09,307 - vehicle_voice_recognition - INFO - Epoch 11/100 - Train Loss: 2.9214, Train Acc: 0.1200, Val Loss: 2.8315, Val Acc: 0.2600, LR: 0.000500, Time: 1.65s
2025-09-06 16:41:09,313 - vehicle_voice_recognition - INFO - 保存最佳模型到 models/individual_best_model.pth
2025-09-06 16:41:09,313 - vehicle_voice_recognition - INFO - 发现更好的 val_loss: 2.831508 (epoch 0)
2025-09-06 16:41:11,041 - vehicle_voice_recognition - INFO - Epoch 12/100 - Train Loss: 2.9219, Train Acc: 0.0733, Val Loss: 2.7838, Val Acc: 0.2000, LR: 0.000500, Time: 1.54s
2025-09-06 16:41:11,044 - vehicle_voice_recognition - INFO - 保存最佳模型到 models/individual_best_model.pth
2025-09-06 16:41:11,044 - vehicle_voice_recognition - INFO - 发现更好的 val_loss: 2.783782 (epoch 0)
2025-09-06 16:41:12,841 - vehicle_voice_recognition - INFO - Epoch 13/100 - Train Loss: 2.8704, Train Acc: 0.0667, Val Loss: 2.7622, Val Acc: 0.1800, LR: 0.000500, Time: 1.80s
2025-09-06 16:41:12,846 - vehicle_voice_recognition - INFO - 保存最佳模型到 models/individual_best_model.pth
2025-09-06 16:41:12,846 - vehicle_voice_recognition - INFO - 发现更好的 val_loss: 2.762162 (epoch 0)
2025-09-06 16:41:14,507 - vehicle_voice_recognition - INFO - Epoch 14/100 - Train Loss: 2.8944, Train Acc: 0.1400, Val Loss: 2.6977, Val Acc: 0.2400, LR: 0.000500, Time: 1.66s
2025-09-06 16:41:14,511 - vehicle_voice_recognition - INFO - 保存最佳模型到 models/individual_best_model.pth
2025-09-06 16:41:14,511 - vehicle_voice_recognition - INFO - 发现更好的 val_loss: 2.697675 (epoch 0)
2025-09-06 16:41:16,576 - vehicle_voice_recognition - INFO - Epoch 15/100 - Train Loss: 2.8329, Train Acc: 0.1533, Val Loss: 2.6712, Val Acc: 0.2800, LR: 0.000500, Time: 2.07s
2025-09-06 16:41:16,584 - vehicle_voice_recognition - INFO - 保存最佳模型到 models/individual_best_model.pth
2025-09-06 16:41:16,584 - vehicle_voice_recognition - INFO - 发现更好的 val_loss: 2.671223 (epoch 0)
2025-09-06 16:41:18,698 - vehicle_voice_recognition - INFO - Epoch 16/100 - Train Loss: 2.7763, Train Acc: 0.1333, Val Loss: 2.6562, Val Acc: 0.3000, LR: 0.000500, Time: 2.11s
2025-09-06 16:41:18,702 - vehicle_voice_recognition - INFO - 保存最佳模型到 models/individual_best_model.pth
2025-09-06 16:41:18,702 - vehicle_voice_recognition - INFO - 发现更好的 val_loss: 2.656225 (epoch 0)
2025-09-06 16:41:20,842 - vehicle_voice_recognition - INFO - Epoch 17/100 - Train Loss: 2.7555, Train Acc: 0.1400, Val Loss: 2.6066, Val Acc: 0.2400, LR: 0.000500, Time: 2.14s
2025-09-06 16:41:20,848 - vehicle_voice_recognition - INFO - 保存最佳模型到 models/individual_best_model.pth
2025-09-06 16:41:20,848 - vehicle_voice_recognition - INFO - 发现更好的 val_loss: 2.606586 (epoch 0)
2025-09-06 16:41:22,973 - vehicle_voice_recognition - INFO - Epoch 18/100 - Train Loss: 2.7574, Train Acc: 0.1200, Val Loss: 2.5642, Val Acc: 0.2800, LR: 0.000500, Time: 2.13s
2025-09-06 16:41:22,979 - vehicle_voice_recognition - INFO - 保存最佳模型到 models/individual_best_model.pth
2025-09-06 16:41:22,979 - vehicle_voice_recognition - INFO - 发现更好的 val_loss: 2.564208 (epoch 0)
2025-09-06 16:41:25,361 - vehicle_voice_recognition - INFO - Epoch 19/100 - Train Loss: 2.6421, Train Acc: 0.1867, Val Loss: 2.5288, Val Acc: 0.3000, LR: 0.000500, Time: 2.38s
2025-09-06 16:41:25,368 - vehicle_voice_recognition - INFO - 保存最佳模型到 models/individual_best_model.pth
2025-09-06 16:41:25,368 - vehicle_voice_recognition - INFO - 发现更好的 val_loss: 2.528839 (epoch 0)
2025-09-06 16:41:27,405 - vehicle_voice_recognition - INFO - Epoch 20/100 - Train Loss: 2.7259, Train Acc: 0.1467, Val Loss: 2.4904, Val Acc: 0.3400, LR: 0.000500, Time: 2.04s
2025-09-06 16:41:27,411 - vehicle_voice_recognition - INFO - 保存最佳模型到 models/individual_best_model.pth
2025-09-06 16:41:27,411 - vehicle_voice_recognition - INFO - 发现更好的 val_loss: 2.490412 (epoch 0)
2025-09-06 16:41:29,503 - vehicle_voice_recognition - INFO - Epoch 21/100 - Train Loss: 2.6576, Train Acc: 0.1933, Val Loss: 2.4621, Val Acc: 0.2800, LR: 0.000500, Time: 2.09s
2025-09-06 16:41:29,511 - vehicle_voice_recognition - INFO - 保存最佳模型到 models/individual_best_model.pth
2025-09-06 16:41:29,511 - vehicle_voice_recognition - INFO - 发现更好的 val_loss: 2.462092 (epoch 0)
2025-09-06 16:41:31,916 - vehicle_voice_recognition - INFO - Epoch 22/100 - Train Loss: 2.6583, Train Acc: 0.1400, Val Loss: 2.4507, Val Acc: 0.3000, LR: 0.000500, Time: 2.11s
2025-09-06 16:41:31,922 - vehicle_voice_recognition - INFO - 保存最佳模型到 models/individual_best_model.pth
2025-09-06 16:41:31,922 - vehicle_voice_recognition - INFO - 发现更好的 val_loss: 2.450723 (epoch 0)
2025-09-06 16:41:33,996 - vehicle_voice_recognition - INFO - Epoch 23/100 - Train Loss: 2.5892, Train Acc: 0.2000, Val Loss: 2.4247, Val Acc: 0.2800, LR: 0.000500, Time: 2.07s
2025-09-06 16:41:34,002 - vehicle_voice_recognition - INFO - 保存最佳模型到 models/individual_best_model.pth
2025-09-06 16:41:34,002 - vehicle_voice_recognition - INFO - 发现更好的 val_loss: 2.424702 (epoch 0)
2025-09-06 16:41:36,159 - vehicle_voice_recognition - INFO - Epoch 24/100 - Train Loss: 2.5850, Train Acc: 0.1800, Val Loss: 2.3920, Val Acc: 0.3000, LR: 0.000500, Time: 2.16s
2025-09-06 16:41:36,165 - vehicle_voice_recognition - INFO - 保存最佳模型到 models/individual_best_model.pth
2025-09-06 16:41:36,166 - vehicle_voice_recognition - INFO - 发现更好的 val_loss: 2.391972 (epoch 0)
2025-09-06 16:41:38,209 - vehicle_voice_recognition - INFO - Epoch 25/100 - Train Loss: 2.6084, Train Acc: 0.1667, Val Loss: 2.3589, Val Acc: 0.2800, LR: 0.000500, Time: 2.04s
2025-09-06 16:41:38,218 - vehicle_voice_recognition - INFO - 保存最佳模型到 models/individual_best_model.pth
2025-09-06 16:41:38,219 - vehicle_voice_recognition - INFO - 发现更好的 val_loss: 2.358900 (epoch 0)
2025-09-06 16:41:40,376 - vehicle_voice_recognition - INFO - Epoch 26/100 - Train Loss: 2.5417, Train Acc: 0.2067, Val Loss: 2.3257, Val Acc: 0.2800, LR: 0.000500, Time: 2.16s
2025-09-06 16:41:40,381 - vehicle_voice_recognition - INFO - 保存最佳模型到 models/individual_best_model.pth
2025-09-06 16:41:40,382 - vehicle_voice_recognition - INFO - 发现更好的 val_loss: 2.325675 (epoch 0)
2025-09-06 16:41:42,471 - vehicle_voice_recognition - INFO - Epoch 27/100 - Train Loss: 2.4994, Train Acc: 0.1533, Val Loss: 2.3402, Val Acc: 0.2400, LR: 0.000500, Time: 2.09s
2025-09-06 16:41:42,472 - vehicle_voice_recognition - INFO - val_loss 没有改善: 2.340198, 计数器: 1/25
2025-09-06 16:41:44,497 - vehicle_voice_recognition - INFO - Epoch 28/100 - Train Loss: 2.5202, Train Acc: 0.2133, Val Loss: 2.2729, Val Acc: 0.2800, LR: 0.000500, Time: 2.02s
2025-09-06 16:41:44,500 - vehicle_voice_recognition - INFO - 保存最佳模型到 models/individual_best_model.pth
2025-09-06 16:41:44,502 - vehicle_voice_recognition - INFO - 发现更好的 val_loss: 2.272925 (epoch 0)
2025-09-06 16:41:46,498 - vehicle_voice_recognition - INFO - Epoch 29/100 - Train Loss: 2.4562, Train Acc: 0.2133, Val Loss: 2.2705, Val Acc: 0.2800, LR: 0.000500, Time: 2.00s
2025-09-06 16:41:46,505 - vehicle_voice_recognition - INFO - 保存最佳模型到 models/individual_best_model.pth
2025-09-06 16:41:46,505 - vehicle_voice_recognition - INFO - 发现更好的 val_loss: 2.270499 (epoch 0)
2025-09-06 16:41:48,660 - vehicle_voice_recognition - INFO - Epoch 30/100 - Train Loss: 2.4622, Train Acc: 0.2267, Val Loss: 2.2718, Val Acc: 0.3200, LR: 0.000500, Time: 2.15s
2025-09-06 16:41:48,660 - vehicle_voice_recognition - INFO - val_loss 没有改善: 2.271797, 计数器: 1/25
2025-09-06 16:41:50,159 - vehicle_voice_recognition - INFO - Epoch 31/100 - Train Loss: 2.4285, Train Acc: 0.1933, Val Loss: 2.2089, Val Acc: 0.3800, LR: 0.000250, Time: 1.50s
2025-09-06 16:41:50,164 - vehicle_voice_recognition - INFO - 保存最佳模型到 models/individual_best_model.pth
2025-09-06 16:41:50,164 - vehicle_voice_recognition - INFO - 发现更好的 val_loss: 2.208900 (epoch 0)
2025-09-06 16:41:51,818 - vehicle_voice_recognition - INFO - Epoch 32/100 - Train Loss: 2.4025, Train Acc: 0.2000, Val Loss: 2.1956, Val Acc: 0.2600, LR: 0.000250, Time: 1.47s
2025-09-06 16:41:51,820 - vehicle_voice_recognition - INFO - 保存最佳模型到 models/individual_best_model.pth
2025-09-06 16:41:51,820 - vehicle_voice_recognition - INFO - 发现更好的 val_loss: 2.195561 (epoch 0)
2025-09-06 16:41:53,346 - vehicle_voice_recognition - INFO - Epoch 33/100 - Train Loss: 2.5204, Train Acc: 0.1800, Val Loss: 2.1846, Val Acc: 0.3600, LR: 0.000250, Time: 1.53s
2025-09-06 16:41:53,350 - vehicle_voice_recognition - INFO - 保存最佳模型到 models/individual_best_model.pth
2025-09-06 16:41:53,350 - vehicle_voice_recognition - INFO - 发现更好的 val_loss: 2.184629 (epoch 0)
2025-09-06 16:41:54,870 - vehicle_voice_recognition - INFO - Epoch 34/100 - Train Loss: 2.4476, Train Acc: 0.1800, Val Loss: 2.1857, Val Acc: 0.3200, LR: 0.000250, Time: 1.52s
2025-09-06 16:41:54,870 - vehicle_voice_recognition - INFO - val_loss 没有改善: 2.185687, 计数器: 1/25
2025-09-06 16:41:56,388 - vehicle_voice_recognition - INFO - Epoch 35/100 - Train Loss: 2.3832, Train Acc: 0.1667, Val Loss: 2.1730, Val Acc: 0.3000, LR: 0.000250, Time: 1.52s
2025-09-06 16:41:56,392 - vehicle_voice_recognition - INFO - 保存最佳模型到 models/individual_best_model.pth
2025-09-06 16:41:56,392 - vehicle_voice_recognition - INFO - 发现更好的 val_loss: 2.173037 (epoch 0)
2025-09-06 16:41:57,924 - vehicle_voice_recognition - INFO - Epoch 36/100 - Train Loss: 2.3733, Train Acc: 0.1733, Val Loss: 2.1597, Val Acc: 0.3200, LR: 0.000250, Time: 1.53s
2025-09-06 16:41:57,928 - vehicle_voice_recognition - INFO - 保存最佳模型到 models/individual_best_model.pth
2025-09-06 16:41:57,928 - vehicle_voice_recognition - INFO - 发现更好的 val_loss: 2.159657 (epoch 0)
2025-09-06 16:41:59,450 - vehicle_voice_recognition - INFO - Epoch 37/100 - Train Loss: 2.3440, Train Acc: 0.2000, Val Loss: 2.1603, Val Acc: 0.3600, LR: 0.000250, Time: 1.52s
2025-09-06 16:41:59,451 - vehicle_voice_recognition - INFO - val_loss 没有改善: 2.160288, 计数器: 1/25
2025-09-06 16:42:00,934 - vehicle_voice_recognition - INFO - Epoch 38/100 - Train Loss: 2.3133, Train Acc: 0.1933, Val Loss: 2.1493, Val Acc: 0.3800, LR: 0.000250, Time: 1.48s
2025-09-06 16:42:00,938 - vehicle_voice_recognition - INFO - 保存最佳模型到 models/individual_best_model.pth
2025-09-06 16:42:00,938 - vehicle_voice_recognition - INFO - 发现更好的 val_loss: 2.149261 (epoch 0)
2025-09-06 16:42:02,438 - vehicle_voice_recognition - INFO - Epoch 39/100 - Train Loss: 2.3487, Train Acc: 0.2467, Val Loss: 2.1440, Val Acc: 0.3800, LR: 0.000250, Time: 1.50s
2025-09-06 16:42:02,442 - vehicle_voice_recognition - INFO - 保存最佳模型到 models/individual_best_model.pth
2025-09-06 16:42:02,443 - vehicle_voice_recognition - INFO - 发现更好的 val_loss: 2.143955 (epoch 0)
2025-09-06 16:42:03,978 - vehicle_voice_recognition - INFO - Epoch 40/100 - Train Loss: 2.3362, Train Acc: 0.2333, Val Loss: 2.1472, Val Acc: 0.3000, LR: 0.000250, Time: 1.54s
2025-09-06 16:42:03,978 - vehicle_voice_recognition - INFO - val_loss 没有改善: 2.147171, 计数器: 1/25
2025-09-06 16:42:05,518 - vehicle_voice_recognition - INFO - Epoch 41/100 - Train Loss: 2.2880, Train Acc: 0.2133, Val Loss: 2.0876, Val Acc: 0.3400, LR: 0.000250, Time: 1.54s
2025-09-06 16:42:05,522 - vehicle_voice_recognition - INFO - 保存最佳模型到 models/individual_best_model.pth
2025-09-06 16:42:05,522 - vehicle_voice_recognition - INFO - 发现更好的 val_loss: 2.087550 (epoch 0)
2025-09-06 16:42:07,272 - vehicle_voice_recognition - INFO - Epoch 42/100 - Train Loss: 2.3383, Train Acc: 0.2000, Val Loss: 2.1093, Val Acc: 0.3000, LR: 0.000250, Time: 1.55s
2025-09-06 16:42:07,272 - vehicle_voice_recognition - INFO - val_loss 没有改善: 2.109259, 计数器: 1/25
2025-09-06 16:42:08,746 - vehicle_voice_recognition - INFO - Epoch 43/100 - Train Loss: 2.3311, Train Acc: 0.1933, Val Loss: 2.0916, Val Acc: 0.3600, LR: 0.000250, Time: 1.47s
2025-09-06 16:42:08,746 - vehicle_voice_recognition - INFO - val_loss 没有改善: 2.091608, 计数器: 2/25
2025-09-06 16:42:10,250 - vehicle_voice_recognition - INFO - Epoch 44/100 - Train Loss: 2.3412, Train Acc: 0.2333, Val Loss: 2.0799, Val Acc: 0.3600, LR: 0.000250, Time: 1.50s
2025-09-06 16:42:10,254 - vehicle_voice_recognition - INFO - 保存最佳模型到 models/individual_best_model.pth
2025-09-06 16:42:10,254 - vehicle_voice_recognition - INFO - 发现更好的 val_loss: 2.079870 (epoch 0)
2025-09-06 16:42:11,757 - vehicle_voice_recognition - INFO - Epoch 45/100 - Train Loss: 2.2247, Train Acc: 0.2467, Val Loss: 2.1055, Val Acc: 0.2800, LR: 0.000250, Time: 1.50s
2025-09-06 16:42:11,757 - vehicle_voice_recognition - INFO - val_loss 没有改善: 2.105483, 计数器: 1/25
2025-09-06 16:42:13,251 - vehicle_voice_recognition - INFO - Epoch 46/100 - Train Loss: 2.2866, Train Acc: 0.2400, Val Loss: 2.0912, Val Acc: 0.2800, LR: 0.000250, Time: 1.49s
2025-09-06 16:42:13,251 - vehicle_voice_recognition - INFO - val_loss 没有改善: 2.091213, 计数器: 2/25
2025-09-06 16:42:14,736 - vehicle_voice_recognition - INFO - Epoch 47/100 - Train Loss: 2.2128, Train Acc: 0.2800, Val Loss: 2.0453, Val Acc: 0.3600, LR: 0.000250, Time: 1.49s
2025-09-06 16:42:14,738 - vehicle_voice_recognition - INFO - 保存最佳模型到 models/individual_best_model.pth
2025-09-06 16:42:14,740 - vehicle_voice_recognition - INFO - 发现更好的 val_loss: 2.045271 (epoch 0)
2025-09-06 16:42:16,227 - vehicle_voice_recognition - INFO - Epoch 48/100 - Train Loss: 2.2709, Train Acc: 0.2600, Val Loss: 2.0406, Val Acc: 0.3800, LR: 0.000250, Time: 1.49s
2025-09-06 16:42:16,231 - vehicle_voice_recognition - INFO - 保存最佳模型到 models/individual_best_model.pth
2025-09-06 16:42:16,231 - vehicle_voice_recognition - INFO - 发现更好的 val_loss: 2.040648 (epoch 0)
2025-09-06 16:42:17,732 - vehicle_voice_recognition - INFO - Epoch 49/100 - Train Loss: 2.2967, Train Acc: 0.2267, Val Loss: 2.0483, Val Acc: 0.4400, LR: 0.000250, Time: 1.50s
2025-09-06 16:42:17,732 - vehicle_voice_recognition - INFO - val_loss 没有改善: 2.048326, 计数器: 1/25
2025-09-06 16:42:19,198 - vehicle_voice_recognition - INFO - Epoch 50/100 - Train Loss: 2.2015, Train Acc: 0.2733, Val Loss: 2.0278, Val Acc: 0.4600, LR: 0.000250, Time: 1.47s
2025-09-06 16:42:19,202 - vehicle_voice_recognition - INFO - 保存最佳模型到 models/individual_best_model.pth
2025-09-06 16:42:19,204 - vehicle_voice_recognition - INFO - 发现更好的 val_loss: 2.027848 (epoch 0)
2025-09-06 16:42:20,699 - vehicle_voice_recognition - INFO - Epoch 51/100 - Train Loss: 2.2958, Train Acc: 0.2000, Val Loss: 2.0302, Val Acc: 0.4200, LR: 0.000250, Time: 1.49s
2025-09-06 16:42:20,699 - vehicle_voice_recognition - INFO - val_loss 没有改善: 2.030204, 计数器: 1/25
2025-09-06 16:42:22,330 - vehicle_voice_recognition - INFO - Epoch 52/100 - Train Loss: 2.2249, Train Acc: 0.2600, Val Loss: 2.0199, Val Acc: 0.4000, LR: 0.000250, Time: 1.46s
2025-09-06 16:42:22,336 - vehicle_voice_recognition - INFO - 保存最佳模型到 models/individual_best_model.pth
2025-09-06 16:42:22,336 - vehicle_voice_recognition - INFO - 发现更好的 val_loss: 2.019928 (epoch 0)
2025-09-06 16:42:23,928 - vehicle_voice_recognition - INFO - Epoch 53/100 - Train Loss: 2.2276, Train Acc: 0.2067, Val Loss: 2.0066, Val Acc: 0.4000, LR: 0.000250, Time: 1.59s
2025-09-06 16:42:23,934 - vehicle_voice_recognition - INFO - 保存最佳模型到 models/individual_best_model.pth
2025-09-06 16:42:23,934 - vehicle_voice_recognition - INFO - 发现更好的 val_loss: 2.006597 (epoch 0)
2025-09-06 16:42:25,480 - vehicle_voice_recognition - INFO - Epoch 54/100 - Train Loss: 2.3213, Train Acc: 0.1733, Val Loss: 2.0249, Val Acc: 0.3000, LR: 0.000250, Time: 1.55s
2025-09-06 16:42:25,482 - vehicle_voice_recognition - INFO - val_loss 没有改善: 2.024919, 计数器: 1/25
2025-09-06 16:42:27,034 - vehicle_voice_recognition - INFO - Epoch 55/100 - Train Loss: 2.3218, Train Acc: 0.2067, Val Loss: 2.0127, Val Acc: 0.3800, LR: 0.000250, Time: 1.55s
2025-09-06 16:42:27,034 - vehicle_voice_recognition - INFO - val_loss 没有改善: 2.012748, 计数器: 2/25
2025-09-06 16:42:28,684 - vehicle_voice_recognition - INFO - Epoch 56/100 - Train Loss: 2.2913, Train Acc: 0.3000, Val Loss: 2.0047, Val Acc: 0.3600, LR: 0.000250, Time: 1.65s
2025-09-06 16:42:28,688 - vehicle_voice_recognition - INFO - 保存最佳模型到 models/individual_best_model.pth
2025-09-06 16:42:28,688 - vehicle_voice_recognition - INFO - 发现更好的 val_loss: 2.004711 (epoch 0)
2025-09-06 16:42:30,457 - vehicle_voice_recognition - INFO - Epoch 57/100 - Train Loss: 2.2657, Train Acc: 0.2467, Val Loss: 1.9859, Val Acc: 0.4000, LR: 0.000250, Time: 1.77s
2025-09-06 16:42:30,461 - vehicle_voice_recognition - INFO - 保存最佳模型到 models/individual_best_model.pth
2025-09-06 16:42:30,461 - vehicle_voice_recognition - INFO - 发现更好的 val_loss: 1.985940 (epoch 0)
2025-09-06 16:42:32,123 - vehicle_voice_recognition - INFO - Epoch 58/100 - Train Loss: 2.2142, Train Acc: 0.2667, Val Loss: 1.9813, Val Acc: 0.4600, LR: 0.000250, Time: 1.66s
2025-09-06 16:42:32,126 - vehicle_voice_recognition - INFO - 保存最佳模型到 models/individual_best_model.pth
2025-09-06 16:42:32,126 - vehicle_voice_recognition - INFO - 发现更好的 val_loss: 1.981323 (epoch 0)
2025-09-06 16:42:33,704 - vehicle_voice_recognition - INFO - Epoch 59/100 - Train Loss: 2.2149, Train Acc: 0.2800, Val Loss: 1.9873, Val Acc: 0.4200, LR: 0.000250, Time: 1.58s
2025-09-06 16:42:33,705 - vehicle_voice_recognition - INFO - val_loss 没有改善: 1.987295, 计数器: 1/25
2025-09-06 16:42:35,316 - vehicle_voice_recognition - INFO - Epoch 60/100 - Train Loss: 2.2466, Train Acc: 0.2000, Val Loss: 1.9706, Val Acc: 0.4600, LR: 0.000250, Time: 1.61s
2025-09-06 16:42:35,321 - vehicle_voice_recognition - INFO - 保存最佳模型到 models/individual_best_model.pth
2025-09-06 16:42:35,321 - vehicle_voice_recognition - INFO - 发现更好的 val_loss: 1.970590 (epoch 0)
2025-09-06 16:42:36,931 - vehicle_voice_recognition - INFO - Epoch 61/100 - Train Loss: 2.1474, Train Acc: 0.2733, Val Loss: 1.9629, Val Acc: 0.4400, LR: 0.000125, Time: 1.61s
2025-09-06 16:42:36,937 - vehicle_voice_recognition - INFO - 保存最佳模型到 models/individual_best_model.pth
2025-09-06 16:42:36,937 - vehicle_voice_recognition - INFO - 发现更好的 val_loss: 1.962875 (epoch 0)
2025-09-06 16:42:38,677 - vehicle_voice_recognition - INFO - Epoch 62/100 - Train Loss: 2.2343, Train Acc: 0.2600, Val Loss: 1.9486, Val Acc: 0.4400, LR: 0.000125, Time: 1.54s
2025-09-06 16:42:38,684 - vehicle_voice_recognition - INFO - 保存最佳模型到 models/individual_best_model.pth
2025-09-06 16:42:38,684 - vehicle_voice_recognition - INFO - 发现更好的 val_loss: 1.948592 (epoch 0)
2025-09-06 16:42:40,207 - vehicle_voice_recognition - INFO - Epoch 63/100 - Train Loss: 2.1898, Train Acc: 0.2600, Val Loss: 1.9580, Val Acc: 0.4600, LR: 0.000125, Time: 1.52s
2025-09-06 16:42:40,207 - vehicle_voice_recognition - INFO - val_loss 没有改善: 1.957998, 计数器: 1/25
2025-09-06 16:42:41,724 - vehicle_voice_recognition - INFO - Epoch 64/100 - Train Loss: 2.2470, Train Acc: 0.2800, Val Loss: 1.9472, Val Acc: 0.4400, LR: 0.000125, Time: 1.52s
2025-09-06 16:42:41,728 - vehicle_voice_recognition - INFO - 保存最佳模型到 models/individual_best_model.pth
2025-09-06 16:42:41,728 - vehicle_voice_recognition - INFO - 发现更好的 val_loss: 1.947236 (epoch 0)
2025-09-06 16:42:43,287 - vehicle_voice_recognition - INFO - Epoch 65/100 - Train Loss: 2.1975, Train Acc: 0.2667, Val Loss: 1.9463, Val Acc: 0.4200, LR: 0.000125, Time: 1.56s
2025-09-06 16:42:43,300 - vehicle_voice_recognition - INFO - 保存最佳模型到 models/individual_best_model.pth
2025-09-06 16:42:43,300 - vehicle_voice_recognition - INFO - val_loss 没有改善: 1.946265, 计数器: 1/25
2025-09-06 16:42:44,819 - vehicle_voice_recognition - INFO - Epoch 66/100 - Train Loss: 2.2828, Train Acc: 0.2133, Val Loss: 1.9613, Val Acc: 0.4400, LR: 0.000125, Time: 1.52s
2025-09-06 16:42:44,819 - vehicle_voice_recognition - INFO - val_loss 没有改善: 1.961269, 计数器: 2/25
2025-09-06 16:42:46,395 - vehicle_voice_recognition - INFO - Epoch 67/100 - Train Loss: 2.1657, Train Acc: 0.2733, Val Loss: 1.9507, Val Acc: 0.4400, LR: 0.000125, Time: 1.58s
2025-09-06 16:42:46,395 - vehicle_voice_recognition - INFO - val_loss 没有改善: 1.950734, 计数器: 3/25
2025-09-06 16:42:47,988 - vehicle_voice_recognition - INFO - Epoch 68/100 - Train Loss: 2.2315, Train Acc: 0.2267, Val Loss: 1.9399, Val Acc: 0.4200, LR: 0.000125, Time: 1.59s
2025-09-06 16:42:47,994 - vehicle_voice_recognition - INFO - 保存最佳模型到 models/individual_best_model.pth
2025-09-06 16:42:47,994 - vehicle_voice_recognition - INFO - 发现更好的 val_loss: 1.939949 (epoch 0)
2025-09-06 16:42:49,520 - vehicle_voice_recognition - INFO - Epoch 69/100 - Train Loss: 2.1768, Train Acc: 0.2533, Val Loss: 1.9229, Val Acc: 0.4400, LR: 0.000125, Time: 1.52s
2025-09-06 16:42:49,525 - vehicle_voice_recognition - INFO - 保存最佳模型到 models/individual_best_model.pth
2025-09-06 16:42:49,525 - vehicle_voice_recognition - INFO - 发现更好的 val_loss: 1.922852 (epoch 0)
2025-09-06 16:42:51,027 - vehicle_voice_recognition - INFO - Epoch 70/100 - Train Loss: 2.2110, Train Acc: 0.2267, Val Loss: 1.9389, Val Acc: 0.4000, LR: 0.000125, Time: 1.50s
2025-09-06 16:42:51,028 - vehicle_voice_recognition - INFO - val_loss 没有改善: 1.938859, 计数器: 1/25
2025-09-06 16:42:52,540 - vehicle_voice_recognition - INFO - Epoch 71/100 - Train Loss: 2.1894, Train Acc: 0.2667, Val Loss: 1.9125, Val Acc: 0.4600, LR: 0.000125, Time: 1.51s
2025-09-06 16:42:52,548 - vehicle_voice_recognition - INFO - 保存最佳模型到 models/individual_best_model.pth
2025-09-06 16:42:52,548 - vehicle_voice_recognition - INFO - 发现更好的 val_loss: 1.912495 (epoch 0)
2025-09-06 16:42:54,277 - vehicle_voice_recognition - INFO - Epoch 72/100 - Train Loss: 2.1898, Train Acc: 0.2733, Val Loss: 1.9243, Val Acc: 0.4000, LR: 0.000125, Time: 1.55s
2025-09-06 16:42:54,277 - vehicle_voice_recognition - INFO - val_loss 没有改善: 1.924311, 计数器: 1/25
2025-09-06 16:42:55,784 - vehicle_voice_recognition - INFO - Epoch 73/100 - Train Loss: 2.2028, Train Acc: 0.2867, Val Loss: 1.9112, Val Acc: 0.4400, LR: 0.000125, Time: 1.51s
2025-09-06 16:42:55,788 - vehicle_voice_recognition - INFO - 保存最佳模型到 models/individual_best_model.pth
2025-09-06 16:42:55,788 - vehicle_voice_recognition - INFO - 发现更好的 val_loss: 1.911234 (epoch 0)
2025-09-06 16:42:57,300 - vehicle_voice_recognition - INFO - Epoch 74/100 - Train Loss: 2.1788, Train Acc: 0.2333, Val Loss: 1.9388, Val Acc: 0.4000, LR: 0.000125, Time: 1.51s
2025-09-06 16:42:57,300 - vehicle_voice_recognition - INFO - val_loss 没有改善: 1.938798, 计数器: 1/25
2025-09-06 16:42:58,829 - vehicle_voice_recognition - INFO - Epoch 75/100 - Train Loss: 2.1633, Train Acc: 0.2267, Val Loss: 1.9080, Val Acc: 0.5000, LR: 0.000125, Time: 1.53s
2025-09-06 16:42:58,834 - vehicle_voice_recognition - INFO - 保存最佳模型到 models/individual_best_model.pth
2025-09-06 16:42:58,834 - vehicle_voice_recognition - INFO - 发现更好的 val_loss: 1.907987 (epoch 0)
2025-09-06 16:43:00,336 - vehicle_voice_recognition - INFO - Epoch 76/100 - Train Loss: 2.0755, Train Acc: 0.2733, Val Loss: 1.8999, Val Acc: 0.4600, LR: 0.000125, Time: 1.50s
2025-09-06 16:43:00,340 - vehicle_voice_recognition - INFO - 保存最佳模型到 models/individual_best_model.pth
2025-09-06 16:43:00,340 - vehicle_voice_recognition - INFO - 发现更好的 val_loss: 1.899862 (epoch 0)
2025-09-06 16:43:01,828 - vehicle_voice_recognition - INFO - Epoch 77/100 - Train Loss: 2.2297, Train Acc: 0.2867, Val Loss: 1.9067, Val Acc: 0.4200, LR: 0.000125, Time: 1.49s
2025-09-06 16:43:01,828 - vehicle_voice_recognition - INFO - val_loss 没有改善: 1.906684, 计数器: 1/25
2025-09-06 16:43:03,308 - vehicle_voice_recognition - INFO - Epoch 78/100 - Train Loss: 2.1628, Train Acc: 0.2400, Val Loss: 1.9152, Val Acc: 0.5200, LR: 0.000125, Time: 1.48s
2025-09-06 16:43:03,308 - vehicle_voice_recognition - INFO - val_loss 没有改善: 1.915191, 计数器: 2/25
2025-09-06 16:43:04,797 - vehicle_voice_recognition - INFO - Epoch 79/100 - Train Loss: 2.0827, Train Acc: 0.3400, Val Loss: 1.9232, Val Acc: 0.4800, LR: 0.000125, Time: 1.49s
2025-09-06 16:43:04,797 - vehicle_voice_recognition - INFO - val_loss 没有改善: 1.923238, 计数器: 3/25
2025-09-06 16:43:06,276 - vehicle_voice_recognition - INFO - Epoch 80/100 - Train Loss: 2.1722, Train Acc: 0.2867, Val Loss: 1.8941, Val Acc: 0.4200, LR: 0.000125, Time: 1.48s
2025-09-06 16:43:06,278 - vehicle_voice_recognition - INFO - 保存最佳模型到 models/individual_best_model.pth
2025-09-06 16:43:06,278 - vehicle_voice_recognition - INFO - 发现更好的 val_loss: 1.894052 (epoch 0)
2025-09-06 16:43:07,795 - vehicle_voice_recognition - INFO - Epoch 81/100 - Train Loss: 2.1621, Train Acc: 0.2533, Val Loss: 1.8847, Val Acc: 0.4600, LR: 0.000125, Time: 1.51s
2025-09-06 16:43:07,800 - vehicle_voice_recognition - INFO - 保存最佳模型到 models/individual_best_model.pth
2025-09-06 16:43:07,800 - vehicle_voice_recognition - INFO - 发现更好的 val_loss: 1.884742 (epoch 0)
2025-09-06 16:43:09,561 - vehicle_voice_recognition - INFO - Epoch 82/100 - Train Loss: 2.0931, Train Acc: 0.3067, Val Loss: 1.8873, Val Acc: 0.4600, LR: 0.000125, Time: 1.57s
2025-09-06 16:43:09,561 - vehicle_voice_recognition - INFO - val_loss 没有改善: 1.887280, 计数器: 1/25
2025-09-06 16:43:11,193 - vehicle_voice_recognition - INFO - Epoch 83/100 - Train Loss: 2.1617, Train Acc: 0.3000, Val Loss: 1.8872, Val Acc: 0.5200, LR: 0.000125, Time: 1.63s
2025-09-06 16:43:11,193 - vehicle_voice_recognition - INFO - val_loss 没有改善: 1.887218, 计数器: 2/25
2025-09-06 16:43:12,677 - vehicle_voice_recognition - INFO - Epoch 84/100 - Train Loss: 2.0982, Train Acc: 0.2933, Val Loss: 1.8796, Val Acc: 0.4800, LR: 0.000125, Time: 1.48s
2025-09-06 16:43:12,685 - vehicle_voice_recognition - INFO - 保存最佳模型到 models/individual_best_model.pth
2025-09-06 16:43:12,685 - vehicle_voice_recognition - INFO - 发现更好的 val_loss: 1.879583 (epoch 0)
2025-09-06 16:43:14,198 - vehicle_voice_recognition - INFO - Epoch 85/100 - Train Loss: 2.1261, Train Acc: 0.2733, Val Loss: 1.8794, Val Acc: 0.4400, LR: 0.000125, Time: 1.51s
2025-09-06 16:43:14,200 - vehicle_voice_recognition - INFO - 保存最佳模型到 models/individual_best_model.pth
2025-09-06 16:43:14,200 - vehicle_voice_recognition - INFO - val_loss 没有改善: 1.879415, 计数器: 1/25
2025-09-06 16:43:15,787 - vehicle_voice_recognition - INFO - Epoch 86/100 - Train Loss: 2.1737, Train Acc: 0.2533, Val Loss: 1.8822, Val Acc: 0.4000, LR: 0.000125, Time: 1.59s
2025-09-06 16:43:15,787 - vehicle_voice_recognition - INFO - val_loss 没有改善: 1.882211, 计数器: 2/25
2025-09-06 16:43:17,298 - vehicle_voice_recognition - INFO - Epoch 87/100 - Train Loss: 2.1460, Train Acc: 0.2200, Val Loss: 1.8650, Val Acc: 0.4600, LR: 0.000125, Time: 1.51s
2025-09-06 16:43:17,304 - vehicle_voice_recognition - INFO - 保存最佳模型到 models/individual_best_model.pth
2025-09-06 16:43:17,304 - vehicle_voice_recognition - INFO - 发现更好的 val_loss: 1.865003 (epoch 0)
2025-09-06 16:43:18,811 - vehicle_voice_recognition - INFO - Epoch 88/100 - Train Loss: 2.1757, Train Acc: 0.2400, Val Loss: 1.8699, Val Acc: 0.4200, LR: 0.000125, Time: 1.51s
2025-09-06 16:43:18,811 - vehicle_voice_recognition - INFO - val_loss 没有改善: 1.869875, 计数器: 1/25
2025-09-06 16:43:20,303 - vehicle_voice_recognition - INFO - Epoch 89/100 - Train Loss: 2.0794, Train Acc: 0.2667, Val Loss: 1.8607, Val Acc: 0.4600, LR: 0.000125, Time: 1.49s
2025-09-06 16:43:20,306 - vehicle_voice_recognition - INFO - 保存最佳模型到 models/individual_best_model.pth
2025-09-06 16:43:20,306 - vehicle_voice_recognition - INFO - 发现更好的 val_loss: 1.860691 (epoch 0)
2025-09-06 16:43:21,813 - vehicle_voice_recognition - INFO - Epoch 90/100 - Train Loss: 2.1280, Train Acc: 0.2600, Val Loss: 1.8717, Val Acc: 0.4400, LR: 0.000125, Time: 1.51s
2025-09-06 16:43:21,814 - vehicle_voice_recognition - INFO - val_loss 没有改善: 1.871709, 计数器: 1/25
2025-09-06 16:43:23,314 - vehicle_voice_recognition - INFO - Epoch 91/100 - Train Loss: 2.1819, Train Acc: 0.2067, Val Loss: 1.8793, Val Acc: 0.4200, LR: 0.000063, Time: 1.50s
2025-09-06 16:43:23,314 - vehicle_voice_recognition - INFO - val_loss 没有改善: 1.879252, 计数器: 2/25
2025-09-06 16:43:25,008 - vehicle_voice_recognition - INFO - Epoch 92/100 - Train Loss: 2.1203, Train Acc: 0.2867, Val Loss: 1.8584, Val Acc: 0.4600, LR: 0.000063, Time: 1.51s
2025-09-06 16:43:25,015 - vehicle_voice_recognition - INFO - 保存最佳模型到 models/individual_best_model.pth
2025-09-06 16:43:25,015 - vehicle_voice_recognition - INFO - 发现更好的 val_loss: 1.858441 (epoch 0)
2025-09-06 16:43:26,474 - vehicle_voice_recognition - INFO - Epoch 93/100 - Train Loss: 2.1837, Train Acc: 0.2933, Val Loss: 1.8670, Val Acc: 0.4800, LR: 0.000063, Time: 1.46s
2025-09-06 16:43:26,474 - vehicle_voice_recognition - INFO - val_loss 没有改善: 1.867017, 计数器: 1/25
2025-09-06 16:43:27,978 - vehicle_voice_recognition - INFO - Epoch 94/100 - Train Loss: 2.2198, Train Acc: 0.2400, Val Loss: 1.8517, Val Acc: 0.4800, LR: 0.000063, Time: 1.50s
2025-09-06 16:43:27,982 - vehicle_voice_recognition - INFO - 保存最佳模型到 models/individual_best_model.pth
2025-09-06 16:43:27,983 - vehicle_voice_recognition - INFO - 发现更好的 val_loss: 1.851690 (epoch 0)
2025-09-06 16:43:29,496 - vehicle_voice_recognition - INFO - Epoch 95/100 - Train Loss: 2.0876, Train Acc: 0.3067, Val Loss: 1.8825, Val Acc: 0.4000, LR: 0.000063, Time: 1.51s
2025-09-06 16:43:29,496 - vehicle_voice_recognition - INFO - val_loss 没有改善: 1.882452, 计数器: 1/25
2025-09-06 16:43:30,988 - vehicle_voice_recognition - INFO - Epoch 96/100 - Train Loss: 2.0550, Train Acc: 0.3133, Val Loss: 1.8720, Val Acc: 0.4200, LR: 0.000063, Time: 1.49s
2025-09-06 16:43:30,988 - vehicle_voice_recognition - INFO - val_loss 没有改善: 1.871975, 计数器: 2/25
2025-09-06 16:43:32,478 - vehicle_voice_recognition - INFO - Epoch 97/100 - Train Loss: 2.1039, Train Acc: 0.2267, Val Loss: 1.8669, Val Acc: 0.4600, LR: 0.000063, Time: 1.49s
2025-09-06 16:43:32,478 - vehicle_voice_recognition - INFO - val_loss 没有改善: 1.866920, 计数器: 3/25
2025-09-06 16:43:33,938 - vehicle_voice_recognition - INFO - Epoch 98/100 - Train Loss: 2.1620, Train Acc: 0.1933, Val Loss: 1.8537, Val Acc: 0.4400, LR: 0.000063, Time: 1.46s
2025-09-06 16:43:33,938 - vehicle_voice_recognition - INFO - val_loss 没有改善: 1.853740, 计数器: 4/25
2025-09-06 16:43:35,484 - vehicle_voice_recognition - INFO - Epoch 99/100 - Train Loss: 2.0719, Train Acc: 0.3133, Val Loss: 1.8604, Val Acc: 0.4000, LR: 0.000063, Time: 1.55s
2025-09-06 16:43:35,486 - vehicle_voice_recognition - INFO - val_loss 没有改善: 1.860378, 计数器: 5/25
2025-09-06 16:43:36,982 - vehicle_voice_recognition - INFO - Epoch 100/100 - Train Loss: 2.1558, Train Acc: 0.2800, Val Loss: 1.8592, Val Acc: 0.4200, LR: 0.000063, Time: 1.50s
2025-09-06 16:43:36,982 - vehicle_voice_recognition - INFO - val_loss 没有改善: 1.859230, 计数器: 6/25
2025-09-06 16:43:36,982 - vehicle_voice_recognition - INFO - 训练完成，总用时: 171.25秒
2025-09-06 16:43:36,983 - vehicle_voice_recognition - INFO - 开始个体识别评估...
2025-09-06 16:43:36,983 - vehicle_voice_recognition - INFO - 模型评估器初始化完成，设备: cpu
2025-09-06 16:43:38,830 - vehicle_voice_recognition - INFO - 混淆矩阵已保存至: results/individual\individual_confusion_matrix.png
2025-09-06 16:43:38,830 - vehicle_voice_recognition - INFO - 评估完成 - 准确率: 0.4200, F1分数: 0.3476
2025-09-06 16:43:38,830 - vehicle_voice_recognition - INFO - 
个体识别测试集性能:
2025-09-06 16:43:38,830 - vehicle_voice_recognition - INFO - 准确率: 0.4200
2025-09-06 16:43:38,830 - vehicle_voice_recognition - INFO - F1分数: 0.3476
2025-09-06 16:43:38,831 - vehicle_voice_recognition - ERROR - 个体识别训练执行失败: unsupported format string passed to dict.__format__
2025-09-06 16:43:38,832 - vehicle_voice_recognition - ERROR - 详细错误: Traceback (most recent call last):
  File "C:\Users\33016\Downloads\vehicile_voice_recoginition-vehicle_voice_recognition\vehicile_voice_recoginition-vehicle_voice_recognition\training\individual_monitor.py", line 271, in execute_individual_training
    logger.info(f"最佳验证准确率: {best_val_acc:.4f}")
                                  ^^^^^^^^^^^^^^^^^^
TypeError: unsupported format string passed to dict.__format__

2025-09-06 16:43:38,838 - vehicle_voice_recognition - INFO - 系统状态 - CPU: 83.9%, 内存: 55.3%, GPU: 0.0%
2025-09-06 16:43:39,478 - vehicle_voice_recognition - INFO - 监控报告已保存: logs\individual_training_monitor_report.png
2025-09-06 16:43:39,478 - vehicle_voice_recognition - ERROR - 💥 个体识别训练流程失败!
