2025-09-09 15:41:42,869 - vehicle_voice_recognition - INFO - 🔍 正在验证系统配置...
2025-09-09 15:41:42,872 - vehicle_voice_recognition - INFO - ✅ 配置验证通过
2025-09-09 15:41:42,881 - vehicle_voice_recognition - INFO - 🎯 车载语音个体识别系统 - 训练执行器
2025-09-09 15:41:42,885 - vehicle_voice_recognition - INFO - ✅ 发现 250 个个体化音频文件
2025-09-09 15:41:42,888 - vehicle_voice_recognition - INFO - 系统状态 - CPU: 99.4%, 内存: 60.2%, GPU: 0.0%
2025-09-09 15:41:42,942 - vehicle_voice_recognition - INFO - 机动车个体声纹识别系统 - 训练模块
2025-09-09 15:41:42,943 - vehicle_voice_recognition - INFO - 使用设备: cpu
2025-09-09 15:41:42,944 - vehicle_voice_recognition - INFO - 个体化数据目录: vehicle_audio_data/individual_recognition/individual_vehicles
2025-09-09 15:41:42,944 - vehicle_voice_recognition - INFO - 早停配置: patience=25, min_delta=0.001
2025-09-09 15:41:42,945 - vehicle_voice_recognition - INFO - 音频数据增强器初始化完成，启用状态: True
2025-09-09 15:41:42,949 - vehicle_voice_recognition - INFO - 音频预处理器初始化：sr=16000, n_fft=2048, n_mels=128
2025-09-09 15:41:42,953 - vehicle_voice_recognition - INFO - 特征提取类型: ['mel']
2025-09-09 15:41:42,953 - vehicle_voice_recognition - INFO - 数据增强: 启用
2025-09-09 15:41:42,954 - vehicle_voice_recognition - INFO - 正在创建个体识别数据加载器...
2025-09-09 15:41:43,155 - vehicle_voice_recognition - INFO - 训练集: 174 样本
2025-09-09 15:41:43,158 - vehicle_voice_recognition - INFO - 验证集: 25 样本
2025-09-09 15:41:43,160 - vehicle_voice_recognition - INFO - 测试集: 51 样本
2025-09-09 15:41:43,162 - vehicle_voice_recognition - INFO - 个体数量: 25
2025-09-09 15:41:43,163 - vehicle_voice_recognition - INFO - 个体映射: {'bus_000': 0, 'bus_001': 1, 'bus_002': 2, 'bus_003': 3, 'bus_004': 4, 'motorcycle_000': 5, 'motorcycle_001': 6, 'motorcycle_002': 7, 'motorcycle_003': 8, 'motorcycle_004': 9, 'sedan_000': 10, 'sedan_001': 11, 'sedan_002': 12, 'sedan_003': 13, 'sedan_004': 14, 'suv_000': 15, 'suv_001': 16, 'suv_002': 17, 'suv_003': 18, 'suv_004': 19, 'truck_000': 20, 'truck_001': 21, 'truck_002': 22, 'truck_003': 23, 'truck_004': 24}
2025-09-09 15:41:43,171 - vehicle_voice_recognition - INFO - 模型参数量: 29,305
2025-09-09 15:41:46,774 - vehicle_voice_recognition - INFO - 开始个体识别训练...
2025-09-09 15:41:46,782 - vehicle_voice_recognition - INFO - 模型训练器初始化完成，设备: cpu
2025-09-09 15:41:46,783 - vehicle_voice_recognition - INFO - 早停机制初始化: patience=25, min_delta=0.001, monitor=val_loss, mode=min
2025-09-09 15:41:46,783 - vehicle_voice_recognition - INFO - 梯度裁剪器初始化: max_norm=0.5, norm_type=2.0
2025-09-09 15:41:46,786 - vehicle_voice_recognition - INFO - 开始训练，共 100 个epoch
2025-09-09 15:41:57,013 - vehicle_voice_recognition - INFO - Epoch 1/100 - Train Loss: 3.2628, Train Acc: 0.0345, Val Loss: 3.1383, Val Acc: 0.0400, LR: 0.000500, Time: 10.23s
2025-09-09 15:41:57,027 - vehicle_voice_recognition - INFO - 保存最佳模型到 models/individual_best_model.pth
2025-09-09 15:41:57,028 - vehicle_voice_recognition - INFO - 发现更好的 val_loss: 3.138264 (epoch 0)
2025-09-09 15:42:01,244 - vehicle_voice_recognition - INFO - Epoch 2/100 - Train Loss: 3.2136, Train Acc: 0.0575, Val Loss: 3.1066, Val Acc: 0.0400, LR: 0.000500, Time: 3.90s
2025-09-09 15:42:01,249 - vehicle_voice_recognition - INFO - 保存最佳模型到 models/individual_best_model.pth
2025-09-09 15:42:01,249 - vehicle_voice_recognition - INFO - 发现更好的 val_loss: 3.106634 (epoch 0)
2025-09-09 15:42:05,260 - vehicle_voice_recognition - INFO - Epoch 3/100 - Train Loss: 3.2190, Train Acc: 0.0517, Val Loss: 3.1047, Val Acc: 0.0400, LR: 0.000500, Time: 4.01s
2025-09-09 15:42:05,268 - vehicle_voice_recognition - INFO - 保存最佳模型到 models/individual_best_model.pth
2025-09-09 15:42:05,268 - vehicle_voice_recognition - INFO - 发现更好的 val_loss: 3.104658 (epoch 0)
2025-09-09 15:42:08,960 - vehicle_voice_recognition - INFO - Epoch 4/100 - Train Loss: 3.2306, Train Acc: 0.0460, Val Loss: 3.0984, Val Acc: 0.1200, LR: 0.000500, Time: 3.69s
2025-09-09 15:42:08,979 - vehicle_voice_recognition - INFO - 保存最佳模型到 models/individual_best_model.pth
2025-09-09 15:42:08,980 - vehicle_voice_recognition - INFO - 发现更好的 val_loss: 3.098394 (epoch 0)
2025-09-09 15:42:13,086 - vehicle_voice_recognition - INFO - Epoch 5/100 - Train Loss: 3.1572, Train Acc: 0.0977, Val Loss: 3.0709, Val Acc: 0.1200, LR: 0.000500, Time: 4.10s
2025-09-09 15:42:13,094 - vehicle_voice_recognition - INFO - 保存最佳模型到 models/individual_best_model.pth
2025-09-09 15:42:13,094 - vehicle_voice_recognition - INFO - 发现更好的 val_loss: 3.070888 (epoch 0)
2025-09-09 15:42:16,436 - vehicle_voice_recognition - INFO - Epoch 6/100 - Train Loss: 3.1177, Train Acc: 0.0805, Val Loss: 3.0230, Val Acc: 0.0800, LR: 0.000500, Time: 3.34s
2025-09-09 15:42:16,443 - vehicle_voice_recognition - INFO - 保存最佳模型到 models/individual_best_model.pth
2025-09-09 15:42:16,444 - vehicle_voice_recognition - INFO - 发现更好的 val_loss: 3.023050 (epoch 0)
2025-09-09 15:42:20,397 - vehicle_voice_recognition - INFO - Epoch 7/100 - Train Loss: 3.1249, Train Acc: 0.0632, Val Loss: 3.0160, Val Acc: 0.1200, LR: 0.000500, Time: 3.95s
2025-09-09 15:42:20,410 - vehicle_voice_recognition - INFO - 保存最佳模型到 models/individual_best_model.pth
2025-09-09 15:42:20,410 - vehicle_voice_recognition - INFO - 发现更好的 val_loss: 3.015997 (epoch 0)
2025-09-09 15:42:24,658 - vehicle_voice_recognition - INFO - Epoch 8/100 - Train Loss: 3.0653, Train Acc: 0.0747, Val Loss: 2.9713, Val Acc: 0.0800, LR: 0.000500, Time: 4.25s
2025-09-09 15:42:24,667 - vehicle_voice_recognition - INFO - 保存最佳模型到 models/individual_best_model.pth
2025-09-09 15:42:24,668 - vehicle_voice_recognition - INFO - 发现更好的 val_loss: 2.971300 (epoch 0)
2025-09-09 15:42:28,865 - vehicle_voice_recognition - INFO - Epoch 9/100 - Train Loss: 3.0541, Train Acc: 0.0747, Val Loss: 2.9510, Val Acc: 0.0800, LR: 0.000500, Time: 4.20s
2025-09-09 15:42:28,873 - vehicle_voice_recognition - INFO - 保存最佳模型到 models/individual_best_model.pth
2025-09-09 15:42:28,875 - vehicle_voice_recognition - INFO - 发现更好的 val_loss: 2.950987 (epoch 0)
2025-09-09 15:42:32,867 - vehicle_voice_recognition - INFO - Epoch 10/100 - Train Loss: 3.0202, Train Acc: 0.0690, Val Loss: 2.8941, Val Acc: 0.0800, LR: 0.000500, Time: 3.99s
2025-09-09 15:42:32,880 - vehicle_voice_recognition - INFO - 保存最佳模型到 models/individual_best_model.pth
2025-09-09 15:42:32,880 - vehicle_voice_recognition - INFO - 发现更好的 val_loss: 2.894089 (epoch 0)
2025-09-09 15:42:36,788 - vehicle_voice_recognition - INFO - Epoch 11/100 - Train Loss: 2.9986, Train Acc: 0.0805, Val Loss: 2.8568, Val Acc: 0.1200, LR: 0.000500, Time: 3.91s
2025-09-09 15:42:36,800 - vehicle_voice_recognition - INFO - 保存最佳模型到 models/individual_best_model.pth
2025-09-09 15:42:36,801 - vehicle_voice_recognition - INFO - 发现更好的 val_loss: 2.856784 (epoch 0)
2025-09-09 15:42:41,495 - vehicle_voice_recognition - INFO - Epoch 12/100 - Train Loss: 2.9639, Train Acc: 0.1034, Val Loss: 2.8034, Val Acc: 0.0800, LR: 0.000500, Time: 4.39s
2025-09-09 15:42:41,503 - vehicle_voice_recognition - INFO - 保存最佳模型到 models/individual_best_model.pth
2025-09-09 15:42:41,504 - vehicle_voice_recognition - INFO - 发现更好的 val_loss: 2.803356 (epoch 0)
2025-09-09 15:42:45,441 - vehicle_voice_recognition - INFO - Epoch 13/100 - Train Loss: 2.9344, Train Acc: 0.1034, Val Loss: 2.8162, Val Acc: 0.1200, LR: 0.000500, Time: 3.94s
2025-09-09 15:42:45,443 - vehicle_voice_recognition - INFO - val_loss 没有改善: 2.816153, 计数器: 1/25
2025-09-09 15:42:49,623 - vehicle_voice_recognition - INFO - Epoch 14/100 - Train Loss: 2.8925, Train Acc: 0.1092, Val Loss: 2.7643, Val Acc: 0.1200, LR: 0.000500, Time: 4.18s
2025-09-09 15:42:49,631 - vehicle_voice_recognition - INFO - 保存最佳模型到 models/individual_best_model.pth
2025-09-09 15:42:49,631 - vehicle_voice_recognition - INFO - 发现更好的 val_loss: 2.764322 (epoch 0)
2025-09-09 15:42:54,187 - vehicle_voice_recognition - INFO - Epoch 15/100 - Train Loss: 2.8255, Train Acc: 0.1264, Val Loss: 2.7078, Val Acc: 0.1200, LR: 0.000500, Time: 4.56s
2025-09-09 15:42:54,194 - vehicle_voice_recognition - INFO - 保存最佳模型到 models/individual_best_model.pth
2025-09-09 15:42:54,195 - vehicle_voice_recognition - INFO - 发现更好的 val_loss: 2.707825 (epoch 0)
2025-09-09 15:42:58,565 - vehicle_voice_recognition - INFO - Epoch 16/100 - Train Loss: 2.7595, Train Acc: 0.1207, Val Loss: 2.6632, Val Acc: 0.1600, LR: 0.000500, Time: 4.37s
2025-09-09 15:42:58,576 - vehicle_voice_recognition - INFO - 保存最佳模型到 models/individual_best_model.pth
2025-09-09 15:42:58,577 - vehicle_voice_recognition - INFO - 发现更好的 val_loss: 2.663206 (epoch 0)
2025-09-09 15:43:02,547 - vehicle_voice_recognition - INFO - Epoch 17/100 - Train Loss: 2.8027, Train Acc: 0.1034, Val Loss: 2.6169, Val Acc: 0.2000, LR: 0.000500, Time: 3.97s
2025-09-09 15:43:02,558 - vehicle_voice_recognition - INFO - 保存最佳模型到 models/individual_best_model.pth
2025-09-09 15:43:02,559 - vehicle_voice_recognition - INFO - 发现更好的 val_loss: 2.616926 (epoch 0)
2025-09-09 15:43:07,648 - vehicle_voice_recognition - INFO - Epoch 18/100 - Train Loss: 2.7288, Train Acc: 0.1724, Val Loss: 2.5693, Val Acc: 0.1600, LR: 0.000500, Time: 5.09s
2025-09-09 15:43:07,654 - vehicle_voice_recognition - INFO - 保存最佳模型到 models/individual_best_model.pth
2025-09-09 15:43:07,655 - vehicle_voice_recognition - INFO - 发现更好的 val_loss: 2.569266 (epoch 0)
2025-09-09 15:43:12,296 - vehicle_voice_recognition - INFO - Epoch 19/100 - Train Loss: 2.7193, Train Acc: 0.1494, Val Loss: 2.5627, Val Acc: 0.2400, LR: 0.000500, Time: 4.64s
2025-09-09 15:43:12,308 - vehicle_voice_recognition - INFO - 保存最佳模型到 models/individual_best_model.pth
2025-09-09 15:43:12,311 - vehicle_voice_recognition - INFO - 发现更好的 val_loss: 2.562658 (epoch 0)
2025-09-09 15:43:16,911 - vehicle_voice_recognition - INFO - Epoch 20/100 - Train Loss: 2.6359, Train Acc: 0.1322, Val Loss: 2.5103, Val Acc: 0.2000, LR: 0.000500, Time: 4.60s
2025-09-09 15:43:16,921 - vehicle_voice_recognition - INFO - 保存最佳模型到 models/individual_best_model.pth
2025-09-09 15:43:16,921 - vehicle_voice_recognition - INFO - 发现更好的 val_loss: 2.510273 (epoch 0)
2025-09-09 15:43:19,701 - vehicle_voice_recognition - INFO - Epoch 21/100 - Train Loss: 2.6614, Train Acc: 0.1494, Val Loss: 2.4607, Val Acc: 0.2000, LR: 0.000500, Time: 2.78s
2025-09-09 15:43:19,710 - vehicle_voice_recognition - INFO - 保存最佳模型到 models/individual_best_model.pth
2025-09-09 15:43:19,711 - vehicle_voice_recognition - INFO - 发现更好的 val_loss: 2.460714 (epoch 0)
2025-09-09 15:43:23,761 - vehicle_voice_recognition - INFO - Epoch 22/100 - Train Loss: 2.5639, Train Acc: 0.1609, Val Loss: 2.4593, Val Acc: 0.2400, LR: 0.000500, Time: 3.79s
2025-09-09 15:43:23,773 - vehicle_voice_recognition - INFO - 保存最佳模型到 models/individual_best_model.pth
2025-09-09 15:43:23,774 - vehicle_voice_recognition - INFO - 发现更好的 val_loss: 2.459308 (epoch 0)
2025-09-09 15:43:29,664 - vehicle_voice_recognition - INFO - Epoch 23/100 - Train Loss: 2.6441, Train Acc: 0.1034, Val Loss: 2.4232, Val Acc: 0.2400, LR: 0.000500, Time: 5.89s
2025-09-09 15:43:29,672 - vehicle_voice_recognition - INFO - 保存最佳模型到 models/individual_best_model.pth
2025-09-09 15:43:29,672 - vehicle_voice_recognition - INFO - 发现更好的 val_loss: 2.423229 (epoch 0)
2025-09-09 15:43:33,129 - vehicle_voice_recognition - INFO - Epoch 24/100 - Train Loss: 2.5395, Train Acc: 0.1494, Val Loss: 2.3798, Val Acc: 0.2400, LR: 0.000500, Time: 3.46s
2025-09-09 15:43:33,136 - vehicle_voice_recognition - INFO - 保存最佳模型到 models/individual_best_model.pth
2025-09-09 15:43:33,136 - vehicle_voice_recognition - INFO - 发现更好的 val_loss: 2.379848 (epoch 0)
2025-09-09 15:43:36,383 - vehicle_voice_recognition - INFO - Epoch 25/100 - Train Loss: 2.5113, Train Acc: 0.1609, Val Loss: 2.3467, Val Acc: 0.2400, LR: 0.000500, Time: 3.25s
2025-09-09 15:43:36,390 - vehicle_voice_recognition - INFO - 保存最佳模型到 models/individual_best_model.pth
2025-09-09 15:43:36,390 - vehicle_voice_recognition - INFO - 发现更好的 val_loss: 2.346653 (epoch 0)
2025-09-09 15:43:39,618 - vehicle_voice_recognition - INFO - Epoch 26/100 - Train Loss: 2.4775, Train Acc: 0.1609, Val Loss: 2.3613, Val Acc: 0.3600, LR: 0.000500, Time: 3.23s
2025-09-09 15:43:39,619 - vehicle_voice_recognition - INFO - val_loss 没有改善: 2.361264, 计数器: 1/25
2025-09-09 15:43:43,647 - vehicle_voice_recognition - INFO - Epoch 27/100 - Train Loss: 2.5347, Train Acc: 0.1552, Val Loss: 2.3222, Val Acc: 0.3200, LR: 0.000500, Time: 4.03s
2025-09-09 15:43:43,655 - vehicle_voice_recognition - INFO - 保存最佳模型到 models/individual_best_model.pth
2025-09-09 15:43:43,655 - vehicle_voice_recognition - INFO - 发现更好的 val_loss: 2.322248 (epoch 0)
2025-09-09 15:43:46,547 - vehicle_voice_recognition - INFO - Epoch 28/100 - Train Loss: 2.5167, Train Acc: 0.1667, Val Loss: 2.3044, Val Acc: 0.2800, LR: 0.000500, Time: 2.89s
2025-09-09 15:43:46,554 - vehicle_voice_recognition - INFO - 保存最佳模型到 models/individual_best_model.pth
2025-09-09 15:43:46,554 - vehicle_voice_recognition - INFO - 发现更好的 val_loss: 2.304397 (epoch 0)
2025-09-09 15:43:51,064 - vehicle_voice_recognition - INFO - Epoch 29/100 - Train Loss: 2.4999, Train Acc: 0.1724, Val Loss: 2.2816, Val Acc: 0.1600, LR: 0.000500, Time: 4.51s
2025-09-09 15:43:51,075 - vehicle_voice_recognition - INFO - 保存最佳模型到 models/individual_best_model.pth
2025-09-09 15:43:51,076 - vehicle_voice_recognition - INFO - 发现更好的 val_loss: 2.281581 (epoch 0)
2025-09-09 15:44:04,237 - vehicle_voice_recognition - INFO - Epoch 30/100 - Train Loss: 2.4051, Train Acc: 0.1724, Val Loss: 2.2727, Val Acc: 0.2400, LR: 0.000500, Time: 13.16s
2025-09-09 15:44:04,244 - vehicle_voice_recognition - INFO - 保存最佳模型到 models/individual_best_model.pth
2025-09-09 15:44:04,244 - vehicle_voice_recognition - INFO - 发现更好的 val_loss: 2.272741 (epoch 0)
2025-09-09 15:44:09,589 - vehicle_voice_recognition - INFO - Epoch 31/100 - Train Loss: 2.4485, Train Acc: 0.1552, Val Loss: 2.2475, Val Acc: 0.2800, LR: 0.000250, Time: 5.35s
2025-09-09 15:44:09,596 - vehicle_voice_recognition - INFO - 保存最佳模型到 models/individual_best_model.pth
2025-09-09 15:44:09,596 - vehicle_voice_recognition - INFO - 发现更好的 val_loss: 2.247451 (epoch 0)
2025-09-09 15:44:12,732 - vehicle_voice_recognition - INFO - Epoch 32/100 - Train Loss: 2.4129, Train Acc: 0.2069, Val Loss: 2.2483, Val Acc: 0.2400, LR: 0.000250, Time: 2.85s
2025-09-09 15:44:12,732 - vehicle_voice_recognition - INFO - val_loss 没有改善: 2.248280, 计数器: 1/25
2025-09-09 15:44:15,598 - vehicle_voice_recognition - INFO - Epoch 33/100 - Train Loss: 2.4194, Train Acc: 0.1782, Val Loss: 2.2690, Val Acc: 0.3200, LR: 0.000250, Time: 2.87s
2025-09-09 15:44:15,598 - vehicle_voice_recognition - INFO - val_loss 没有改善: 2.268985, 计数器: 2/25
2025-09-09 15:44:18,479 - vehicle_voice_recognition - INFO - Epoch 34/100 - Train Loss: 2.3531, Train Acc: 0.1379, Val Loss: 2.2465, Val Acc: 0.3600, LR: 0.000250, Time: 2.88s
2025-09-09 15:44:18,486 - vehicle_voice_recognition - INFO - 保存最佳模型到 models/individual_best_model.pth
2025-09-09 15:44:18,486 - vehicle_voice_recognition - INFO - val_loss 没有改善: 2.246452, 计数器: 3/25
2025-09-09 15:44:21,090 - vehicle_voice_recognition - INFO - Epoch 35/100 - Train Loss: 2.3497, Train Acc: 0.2241, Val Loss: 2.2408, Val Acc: 0.2400, LR: 0.000250, Time: 2.60s
2025-09-09 15:44:21,096 - vehicle_voice_recognition - INFO - 保存最佳模型到 models/individual_best_model.pth
2025-09-09 15:44:21,098 - vehicle_voice_recognition - INFO - 发现更好的 val_loss: 2.240764 (epoch 0)
2025-09-09 15:44:23,655 - vehicle_voice_recognition - INFO - Epoch 36/100 - Train Loss: 2.4225, Train Acc: 0.1437, Val Loss: 2.2292, Val Acc: 0.4000, LR: 0.000250, Time: 2.56s
2025-09-09 15:44:23,664 - vehicle_voice_recognition - INFO - 保存最佳模型到 models/individual_best_model.pth
2025-09-09 15:44:23,664 - vehicle_voice_recognition - INFO - 发现更好的 val_loss: 2.229170 (epoch 0)
2025-09-09 15:44:26,261 - vehicle_voice_recognition - INFO - Epoch 37/100 - Train Loss: 2.4111, Train Acc: 0.2299, Val Loss: 2.2186, Val Acc: 0.3600, LR: 0.000250, Time: 2.60s
2025-09-09 15:44:26,268 - vehicle_voice_recognition - INFO - 保存最佳模型到 models/individual_best_model.pth
2025-09-09 15:44:26,268 - vehicle_voice_recognition - INFO - 发现更好的 val_loss: 2.218554 (epoch 0)
2025-09-09 15:44:28,941 - vehicle_voice_recognition - INFO - Epoch 38/100 - Train Loss: 2.4398, Train Acc: 0.1552, Val Loss: 2.2142, Val Acc: 0.2800, LR: 0.000250, Time: 2.67s
2025-09-09 15:44:28,947 - vehicle_voice_recognition - INFO - 保存最佳模型到 models/individual_best_model.pth
2025-09-09 15:44:28,947 - vehicle_voice_recognition - INFO - 发现更好的 val_loss: 2.214247 (epoch 0)
2025-09-09 15:44:31,834 - vehicle_voice_recognition - INFO - Epoch 39/100 - Train Loss: 2.3572, Train Acc: 0.1839, Val Loss: 2.2118, Val Acc: 0.3600, LR: 0.000250, Time: 2.89s
2025-09-09 15:44:31,839 - vehicle_voice_recognition - INFO - 保存最佳模型到 models/individual_best_model.pth
2025-09-09 15:44:31,840 - vehicle_voice_recognition - INFO - 发现更好的 val_loss: 2.211755 (epoch 0)
2025-09-09 15:44:34,603 - vehicle_voice_recognition - INFO - Epoch 40/100 - Train Loss: 2.4343, Train Acc: 0.1782, Val Loss: 2.1987, Val Acc: 0.3200, LR: 0.000250, Time: 2.76s
2025-09-09 15:44:34,610 - vehicle_voice_recognition - INFO - 保存最佳模型到 models/individual_best_model.pth
2025-09-09 15:44:34,610 - vehicle_voice_recognition - INFO - 发现更好的 val_loss: 2.198675 (epoch 0)
2025-09-09 15:44:37,483 - vehicle_voice_recognition - INFO - Epoch 41/100 - Train Loss: 2.3267, Train Acc: 0.1667, Val Loss: 2.2132, Val Acc: 0.3200, LR: 0.000250, Time: 2.87s
2025-09-09 15:44:37,483 - vehicle_voice_recognition - INFO - val_loss 没有改善: 2.213162, 计数器: 1/25
2025-09-09 15:44:42,372 - vehicle_voice_recognition - INFO - Epoch 42/100 - Train Loss: 2.3199, Train Acc: 0.2011, Val Loss: 2.1945, Val Acc: 0.4000, LR: 0.000250, Time: 4.62s
2025-09-09 15:44:42,379 - vehicle_voice_recognition - INFO - 保存最佳模型到 models/individual_best_model.pth
2025-09-09 15:44:42,380 - vehicle_voice_recognition - INFO - 发现更好的 val_loss: 2.194485 (epoch 0)
2025-09-09 15:44:48,112 - vehicle_voice_recognition - INFO - Epoch 43/100 - Train Loss: 2.3941, Train Acc: 0.1954, Val Loss: 2.1889, Val Acc: 0.3600, LR: 0.000250, Time: 5.73s
2025-09-09 15:44:48,119 - vehicle_voice_recognition - INFO - 保存最佳模型到 models/individual_best_model.pth
2025-09-09 15:44:48,119 - vehicle_voice_recognition - INFO - 发现更好的 val_loss: 2.188915 (epoch 0)
2025-09-09 15:44:50,371 - vehicle_voice_recognition - INFO - Epoch 44/100 - Train Loss: 2.3229, Train Acc: 0.1494, Val Loss: 2.1750, Val Acc: 0.4400, LR: 0.000250, Time: 2.25s
2025-09-09 15:44:50,376 - vehicle_voice_recognition - INFO - 保存最佳模型到 models/individual_best_model.pth
2025-09-09 15:44:50,377 - vehicle_voice_recognition - INFO - 发现更好的 val_loss: 2.174979 (epoch 0)
2025-09-09 15:44:52,355 - vehicle_voice_recognition - INFO - Epoch 45/100 - Train Loss: 2.3556, Train Acc: 0.1839, Val Loss: 2.1807, Val Acc: 0.4000, LR: 0.000250, Time: 1.98s
2025-09-09 15:44:52,355 - vehicle_voice_recognition - INFO - val_loss 没有改善: 2.180687, 计数器: 1/25
2025-09-09 15:44:55,292 - vehicle_voice_recognition - INFO - Epoch 46/100 - Train Loss: 2.3738, Train Acc: 0.1724, Val Loss: 2.1856, Val Acc: 0.4000, LR: 0.000250, Time: 2.94s
2025-09-09 15:44:55,292 - vehicle_voice_recognition - INFO - val_loss 没有改善: 2.185566, 计数器: 2/25
2025-09-09 15:44:58,432 - vehicle_voice_recognition - INFO - Epoch 47/100 - Train Loss: 2.2809, Train Acc: 0.2586, Val Loss: 2.1798, Val Acc: 0.4000, LR: 0.000250, Time: 3.14s
2025-09-09 15:44:58,432 - vehicle_voice_recognition - INFO - val_loss 没有改善: 2.179823, 计数器: 3/25
2025-09-09 15:45:01,517 - vehicle_voice_recognition - INFO - Epoch 48/100 - Train Loss: 2.2959, Train Acc: 0.2529, Val Loss: 2.1708, Val Acc: 0.3600, LR: 0.000250, Time: 3.08s
2025-09-09 15:45:01,524 - vehicle_voice_recognition - INFO - 保存最佳模型到 models/individual_best_model.pth
2025-09-09 15:45:01,524 - vehicle_voice_recognition - INFO - 发现更好的 val_loss: 2.170825 (epoch 0)
2025-09-09 15:45:05,121 - vehicle_voice_recognition - INFO - Epoch 49/100 - Train Loss: 2.2944, Train Acc: 0.2011, Val Loss: 2.1725, Val Acc: 0.4000, LR: 0.000250, Time: 3.60s
2025-09-09 15:45:05,121 - vehicle_voice_recognition - INFO - val_loss 没有改善: 2.172453, 计数器: 1/25
2025-09-09 15:45:11,236 - vehicle_voice_recognition - INFO - Epoch 50/100 - Train Loss: 2.3592, Train Acc: 0.1724, Val Loss: 2.1704, Val Acc: 0.4800, LR: 0.000250, Time: 6.11s
2025-09-09 15:45:11,243 - vehicle_voice_recognition - INFO - 保存最佳模型到 models/individual_best_model.pth
2025-09-09 15:45:11,243 - vehicle_voice_recognition - INFO - val_loss 没有改善: 2.170447, 计数器: 2/25
2025-09-09 15:45:15,047 - vehicle_voice_recognition - INFO - Epoch 51/100 - Train Loss: 2.2999, Train Acc: 0.1954, Val Loss: 2.1572, Val Acc: 0.4400, LR: 0.000250, Time: 3.80s
2025-09-09 15:45:15,055 - vehicle_voice_recognition - INFO - 保存最佳模型到 models/individual_best_model.pth
2025-09-09 15:45:15,055 - vehicle_voice_recognition - INFO - 发现更好的 val_loss: 2.157200 (epoch 0)
2025-09-09 15:45:18,750 - vehicle_voice_recognition - INFO - Epoch 52/100 - Train Loss: 2.3108, Train Acc: 0.2011, Val Loss: 2.1391, Val Acc: 0.4000, LR: 0.000250, Time: 3.41s
2025-09-09 15:45:18,757 - vehicle_voice_recognition - INFO - 保存最佳模型到 models/individual_best_model.pth
2025-09-09 15:45:18,759 - vehicle_voice_recognition - INFO - 发现更好的 val_loss: 2.139122 (epoch 0)
2025-09-09 15:45:21,965 - vehicle_voice_recognition - INFO - Epoch 53/100 - Train Loss: 2.2933, Train Acc: 0.2414, Val Loss: 2.1485, Val Acc: 0.4000, LR: 0.000250, Time: 3.21s
2025-09-09 15:45:21,968 - vehicle_voice_recognition - INFO - val_loss 没有改善: 2.148533, 计数器: 1/25
2025-09-09 15:45:26,781 - vehicle_voice_recognition - INFO - Epoch 54/100 - Train Loss: 2.4090, Train Acc: 0.1839, Val Loss: 2.1356, Val Acc: 0.4800, LR: 0.000250, Time: 4.81s
2025-09-09 15:45:26,787 - vehicle_voice_recognition - INFO - 保存最佳模型到 models/individual_best_model.pth
2025-09-09 15:45:26,787 - vehicle_voice_recognition - INFO - 发现更好的 val_loss: 2.135563 (epoch 0)
2025-09-09 15:45:30,338 - vehicle_voice_recognition - INFO - Epoch 55/100 - Train Loss: 2.2711, Train Acc: 0.2069, Val Loss: 2.1443, Val Acc: 0.4000, LR: 0.000250, Time: 3.55s
2025-09-09 15:45:30,341 - vehicle_voice_recognition - INFO - val_loss 没有改善: 2.144301, 计数器: 1/25
2025-09-09 15:45:35,884 - vehicle_voice_recognition - INFO - Epoch 56/100 - Train Loss: 2.2158, Train Acc: 0.2241, Val Loss: 2.1286, Val Acc: 0.5200, LR: 0.000250, Time: 5.54s
2025-09-09 15:45:35,898 - vehicle_voice_recognition - INFO - 保存最佳模型到 models/individual_best_model.pth
2025-09-09 15:45:35,898 - vehicle_voice_recognition - INFO - 发现更好的 val_loss: 2.128633 (epoch 0)
2025-09-09 15:45:40,320 - vehicle_voice_recognition - INFO - Epoch 57/100 - Train Loss: 2.2681, Train Acc: 0.2241, Val Loss: 2.1300, Val Acc: 0.4800, LR: 0.000250, Time: 4.42s
2025-09-09 15:45:40,321 - vehicle_voice_recognition - INFO - val_loss 没有改善: 2.130018, 计数器: 1/25
2025-09-09 15:45:44,054 - vehicle_voice_recognition - INFO - Epoch 58/100 - Train Loss: 2.1946, Train Acc: 0.2471, Val Loss: 2.1163, Val Acc: 0.4800, LR: 0.000250, Time: 3.73s
2025-09-09 15:45:44,065 - vehicle_voice_recognition - INFO - 保存最佳模型到 models/individual_best_model.pth
2025-09-09 15:45:44,065 - vehicle_voice_recognition - INFO - 发现更好的 val_loss: 2.116279 (epoch 0)
2025-09-09 15:45:47,717 - vehicle_voice_recognition - INFO - Epoch 59/100 - Train Loss: 2.3063, Train Acc: 0.2299, Val Loss: 2.1184, Val Acc: 0.3600, LR: 0.000250, Time: 3.65s
2025-09-09 15:45:47,717 - vehicle_voice_recognition - INFO - val_loss 没有改善: 2.118395, 计数器: 1/25
2025-09-09 15:45:51,425 - vehicle_voice_recognition - INFO - Epoch 60/100 - Train Loss: 2.2915, Train Acc: 0.2126, Val Loss: 2.1279, Val Acc: 0.5200, LR: 0.000250, Time: 3.71s
2025-09-09 15:45:51,425 - vehicle_voice_recognition - INFO - val_loss 没有改善: 2.127897, 计数器: 2/25
2025-09-09 15:45:54,363 - vehicle_voice_recognition - INFO - Epoch 61/100 - Train Loss: 2.2759, Train Acc: 0.1609, Val Loss: 2.0949, Val Acc: 0.5200, LR: 0.000125, Time: 2.94s
2025-09-09 15:45:54,372 - vehicle_voice_recognition - INFO - 保存最佳模型到 models/individual_best_model.pth
2025-09-09 15:45:54,372 - vehicle_voice_recognition - INFO - 发现更好的 val_loss: 2.094919 (epoch 0)
2025-09-09 15:45:57,230 - vehicle_voice_recognition - INFO - Epoch 62/100 - Train Loss: 2.2323, Train Acc: 0.2356, Val Loss: 2.1013, Val Acc: 0.4400, LR: 0.000125, Time: 2.59s
2025-09-09 15:45:57,230 - vehicle_voice_recognition - INFO - val_loss 没有改善: 2.101271, 计数器: 1/25
2025-09-09 15:46:00,070 - vehicle_voice_recognition - INFO - Epoch 63/100 - Train Loss: 2.2136, Train Acc: 0.2644, Val Loss: 2.0939, Val Acc: 0.5200, LR: 0.000125, Time: 2.84s
2025-09-09 15:46:00,082 - vehicle_voice_recognition - INFO - 保存最佳模型到 models/individual_best_model.pth
2025-09-09 15:46:00,083 - vehicle_voice_recognition - INFO - val_loss 没有改善: 2.093950, 计数器: 2/25
2025-09-09 15:46:03,317 - vehicle_voice_recognition - INFO - Epoch 64/100 - Train Loss: 2.2959, Train Acc: 0.1609, Val Loss: 2.0908, Val Acc: 0.5600, LR: 0.000125, Time: 3.23s
2025-09-09 15:46:03,325 - vehicle_voice_recognition - INFO - 保存最佳模型到 models/individual_best_model.pth
2025-09-09 15:46:03,325 - vehicle_voice_recognition - INFO - 发现更好的 val_loss: 2.090755 (epoch 0)
2025-09-09 15:46:05,720 - vehicle_voice_recognition - INFO - Epoch 65/100 - Train Loss: 2.2279, Train Acc: 0.2471, Val Loss: 2.0917, Val Acc: 0.5200, LR: 0.000125, Time: 2.39s
2025-09-09 15:46:05,721 - vehicle_voice_recognition - INFO - val_loss 没有改善: 2.091707, 计数器: 1/25
2025-09-09 15:46:08,225 - vehicle_voice_recognition - INFO - Epoch 66/100 - Train Loss: 2.1906, Train Acc: 0.2184, Val Loss: 2.0807, Val Acc: 0.4800, LR: 0.000125, Time: 2.50s
2025-09-09 15:46:08,231 - vehicle_voice_recognition - INFO - 保存最佳模型到 models/individual_best_model.pth
2025-09-09 15:46:08,232 - vehicle_voice_recognition - INFO - 发现更好的 val_loss: 2.080709 (epoch 0)
2025-09-09 15:46:10,630 - vehicle_voice_recognition - INFO - Epoch 67/100 - Train Loss: 2.2446, Train Acc: 0.2471, Val Loss: 2.0694, Val Acc: 0.4800, LR: 0.000125, Time: 2.40s
2025-09-09 15:46:10,634 - vehicle_voice_recognition - INFO - 保存最佳模型到 models/individual_best_model.pth
2025-09-09 15:46:10,634 - vehicle_voice_recognition - INFO - 发现更好的 val_loss: 2.069392 (epoch 0)
2025-09-09 15:46:13,097 - vehicle_voice_recognition - INFO - Epoch 68/100 - Train Loss: 2.1869, Train Acc: 0.2644, Val Loss: 2.0841, Val Acc: 0.4800, LR: 0.000125, Time: 2.46s
2025-09-09 15:46:13,097 - vehicle_voice_recognition - INFO - val_loss 没有改善: 2.084115, 计数器: 1/25
2025-09-09 15:46:15,495 - vehicle_voice_recognition - INFO - Epoch 69/100 - Train Loss: 2.2601, Train Acc: 0.2184, Val Loss: 2.0764, Val Acc: 0.4400, LR: 0.000125, Time: 2.40s
2025-09-09 15:46:15,495 - vehicle_voice_recognition - INFO - val_loss 没有改善: 2.076351, 计数器: 2/25
2025-09-09 15:46:17,720 - vehicle_voice_recognition - INFO - Epoch 70/100 - Train Loss: 2.2127, Train Acc: 0.2184, Val Loss: 2.0767, Val Acc: 0.5600, LR: 0.000125, Time: 2.23s
2025-09-09 15:46:17,720 - vehicle_voice_recognition - INFO - val_loss 没有改善: 2.076705, 计数器: 3/25
2025-09-09 15:46:20,024 - vehicle_voice_recognition - INFO - Epoch 71/100 - Train Loss: 2.1974, Train Acc: 0.2299, Val Loss: 2.0673, Val Acc: 0.4800, LR: 0.000125, Time: 2.30s
2025-09-09 15:46:20,029 - vehicle_voice_recognition - INFO - 保存最佳模型到 models/individual_best_model.pth
2025-09-09 15:46:20,029 - vehicle_voice_recognition - INFO - 发现更好的 val_loss: 2.067289 (epoch 0)
2025-09-09 15:46:22,487 - vehicle_voice_recognition - INFO - Epoch 72/100 - Train Loss: 2.2235, Train Acc: 0.2184, Val Loss: 2.0568, Val Acc: 0.4400, LR: 0.000125, Time: 2.25s
2025-09-09 15:46:22,494 - vehicle_voice_recognition - INFO - 保存最佳模型到 models/individual_best_model.pth
2025-09-09 15:46:22,495 - vehicle_voice_recognition - INFO - 发现更好的 val_loss: 2.056776 (epoch 0)
2025-09-09 15:46:24,807 - vehicle_voice_recognition - INFO - Epoch 73/100 - Train Loss: 2.2326, Train Acc: 0.2299, Val Loss: 2.0633, Val Acc: 0.4000, LR: 0.000125, Time: 2.31s
2025-09-09 15:46:24,807 - vehicle_voice_recognition - INFO - val_loss 没有改善: 2.063291, 计数器: 1/25
2025-09-09 15:46:27,089 - vehicle_voice_recognition - INFO - Epoch 74/100 - Train Loss: 2.2469, Train Acc: 0.2874, Val Loss: 2.0513, Val Acc: 0.4800, LR: 0.000125, Time: 2.28s
2025-09-09 15:46:27,096 - vehicle_voice_recognition - INFO - 保存最佳模型到 models/individual_best_model.pth
2025-09-09 15:46:27,096 - vehicle_voice_recognition - INFO - 发现更好的 val_loss: 2.051253 (epoch 0)
2025-09-09 15:46:29,518 - vehicle_voice_recognition - INFO - Epoch 75/100 - Train Loss: 2.2119, Train Acc: 0.2356, Val Loss: 2.0565, Val Acc: 0.5600, LR: 0.000125, Time: 2.42s
2025-09-09 15:46:29,518 - vehicle_voice_recognition - INFO - val_loss 没有改善: 2.056503, 计数器: 1/25
2025-09-09 15:46:31,948 - vehicle_voice_recognition - INFO - Epoch 76/100 - Train Loss: 2.2017, Train Acc: 0.3103, Val Loss: 2.0416, Val Acc: 0.5200, LR: 0.000125, Time: 2.43s
2025-09-09 15:46:31,956 - vehicle_voice_recognition - INFO - 保存最佳模型到 models/individual_best_model.pth
2025-09-09 15:46:31,956 - vehicle_voice_recognition - INFO - 发现更好的 val_loss: 2.041590 (epoch 0)
2025-09-09 15:46:34,335 - vehicle_voice_recognition - INFO - Epoch 77/100 - Train Loss: 2.1961, Train Acc: 0.2529, Val Loss: 2.0454, Val Acc: 0.4400, LR: 0.000125, Time: 2.38s
2025-09-09 15:46:34,336 - vehicle_voice_recognition - INFO - val_loss 没有改善: 2.045428, 计数器: 1/25
2025-09-09 15:46:36,837 - vehicle_voice_recognition - INFO - Epoch 78/100 - Train Loss: 2.2185, Train Acc: 0.2184, Val Loss: 2.0354, Val Acc: 0.4800, LR: 0.000125, Time: 2.50s
2025-09-09 15:46:36,844 - vehicle_voice_recognition - INFO - 保存最佳模型到 models/individual_best_model.pth
2025-09-09 15:46:36,844 - vehicle_voice_recognition - INFO - 发现更好的 val_loss: 2.035440 (epoch 0)
2025-09-09 15:46:39,356 - vehicle_voice_recognition - INFO - Epoch 79/100 - Train Loss: 2.2156, Train Acc: 0.1839, Val Loss: 2.0330, Val Acc: 0.5200, LR: 0.000125, Time: 2.51s
2025-09-09 15:46:39,361 - vehicle_voice_recognition - INFO - 保存最佳模型到 models/individual_best_model.pth
2025-09-09 15:46:39,362 - vehicle_voice_recognition - INFO - 发现更好的 val_loss: 2.033000 (epoch 0)
2025-09-09 15:46:41,738 - vehicle_voice_recognition - INFO - Epoch 80/100 - Train Loss: 2.2284, Train Acc: 0.2529, Val Loss: 2.0196, Val Acc: 0.5200, LR: 0.000125, Time: 2.38s
2025-09-09 15:46:41,744 - vehicle_voice_recognition - INFO - 保存最佳模型到 models/individual_best_model.pth
2025-09-09 15:46:41,745 - vehicle_voice_recognition - INFO - 发现更好的 val_loss: 2.019622 (epoch 0)
2025-09-09 15:46:44,106 - vehicle_voice_recognition - INFO - Epoch 81/100 - Train Loss: 2.2402, Train Acc: 0.1954, Val Loss: 2.0186, Val Acc: 0.5200, LR: 0.000125, Time: 2.36s
2025-09-09 15:46:44,113 - vehicle_voice_recognition - INFO - 保存最佳模型到 models/individual_best_model.pth
2025-09-09 15:46:44,114 - vehicle_voice_recognition - INFO - 发现更好的 val_loss: 2.018604 (epoch 0)
2025-09-09 15:46:46,678 - vehicle_voice_recognition - INFO - Epoch 82/100 - Train Loss: 2.1753, Train Acc: 0.2759, Val Loss: 2.0288, Val Acc: 0.4800, LR: 0.000125, Time: 2.34s
2025-09-09 15:46:46,678 - vehicle_voice_recognition - INFO - val_loss 没有改善: 2.028833, 计数器: 1/25
2025-09-09 15:46:49,326 - vehicle_voice_recognition - INFO - Epoch 83/100 - Train Loss: 2.1791, Train Acc: 0.2529, Val Loss: 2.0175, Val Acc: 0.4400, LR: 0.000125, Time: 2.65s
2025-09-09 15:46:49,333 - vehicle_voice_recognition - INFO - 保存最佳模型到 models/individual_best_model.pth
2025-09-09 15:46:49,333 - vehicle_voice_recognition - INFO - 发现更好的 val_loss: 2.017479 (epoch 0)
2025-09-09 15:46:51,750 - vehicle_voice_recognition - INFO - Epoch 84/100 - Train Loss: 2.1077, Train Acc: 0.2816, Val Loss: 2.0243, Val Acc: 0.5200, LR: 0.000125, Time: 2.42s
2025-09-09 15:46:51,750 - vehicle_voice_recognition - INFO - val_loss 没有改善: 2.024318, 计数器: 1/25
2025-09-09 15:46:53,642 - vehicle_voice_recognition - INFO - Epoch 85/100 - Train Loss: 2.1699, Train Acc: 0.2586, Val Loss: 2.0093, Val Acc: 0.4800, LR: 0.000125, Time: 1.89s
2025-09-09 15:46:53,648 - vehicle_voice_recognition - INFO - 保存最佳模型到 models/individual_best_model.pth
2025-09-09 15:46:53,648 - vehicle_voice_recognition - INFO - 发现更好的 val_loss: 2.009253 (epoch 0)
2025-09-09 15:46:55,285 - vehicle_voice_recognition - INFO - Epoch 86/100 - Train Loss: 2.1715, Train Acc: 0.2701, Val Loss: 2.0148, Val Acc: 0.5600, LR: 0.000125, Time: 1.64s
2025-09-09 15:46:55,286 - vehicle_voice_recognition - INFO - val_loss 没有改善: 2.014828, 计数器: 1/25
2025-09-09 15:46:56,854 - vehicle_voice_recognition - INFO - Epoch 87/100 - Train Loss: 2.2073, Train Acc: 0.2126, Val Loss: 2.0075, Val Acc: 0.5600, LR: 0.000125, Time: 1.57s
2025-09-09 15:46:56,859 - vehicle_voice_recognition - INFO - 保存最佳模型到 models/individual_best_model.pth
2025-09-09 15:46:56,859 - vehicle_voice_recognition - INFO - 发现更好的 val_loss: 2.007474 (epoch 0)
2025-09-09 15:46:58,439 - vehicle_voice_recognition - INFO - Epoch 88/100 - Train Loss: 2.1522, Train Acc: 0.3276, Val Loss: 2.0024, Val Acc: 0.5600, LR: 0.000125, Time: 1.58s
2025-09-09 15:46:58,443 - vehicle_voice_recognition - INFO - 保存最佳模型到 models/individual_best_model.pth
2025-09-09 15:46:58,443 - vehicle_voice_recognition - INFO - 发现更好的 val_loss: 2.002416 (epoch 0)
2025-09-09 15:47:00,026 - vehicle_voice_recognition - INFO - Epoch 89/100 - Train Loss: 2.2119, Train Acc: 0.2241, Val Loss: 2.0023, Val Acc: 0.5600, LR: 0.000125, Time: 1.58s
2025-09-09 15:47:00,030 - vehicle_voice_recognition - INFO - 保存最佳模型到 models/individual_best_model.pth
2025-09-09 15:47:00,030 - vehicle_voice_recognition - INFO - val_loss 没有改善: 2.002279, 计数器: 1/25
2025-09-09 15:47:01,565 - vehicle_voice_recognition - INFO - Epoch 90/100 - Train Loss: 2.1809, Train Acc: 0.2471, Val Loss: 1.9965, Val Acc: 0.5200, LR: 0.000125, Time: 1.53s
2025-09-09 15:47:01,569 - vehicle_voice_recognition - INFO - 保存最佳模型到 models/individual_best_model.pth
2025-09-09 15:47:01,569 - vehicle_voice_recognition - INFO - 发现更好的 val_loss: 1.996489 (epoch 0)
2025-09-09 15:47:03,090 - vehicle_voice_recognition - INFO - Epoch 91/100 - Train Loss: 2.1980, Train Acc: 0.2414, Val Loss: 1.9915, Val Acc: 0.5600, LR: 0.000063, Time: 1.52s
2025-09-09 15:47:03,095 - vehicle_voice_recognition - INFO - 保存最佳模型到 models/individual_best_model.pth
2025-09-09 15:47:03,095 - vehicle_voice_recognition - INFO - 发现更好的 val_loss: 1.991501 (epoch 0)
2025-09-09 15:47:04,849 - vehicle_voice_recognition - INFO - Epoch 92/100 - Train Loss: 2.1495, Train Acc: 0.2644, Val Loss: 1.9950, Val Acc: 0.5600, LR: 0.000063, Time: 1.57s
2025-09-09 15:47:04,851 - vehicle_voice_recognition - INFO - val_loss 没有改善: 1.994991, 计数器: 1/25
2025-09-09 15:47:06,419 - vehicle_voice_recognition - INFO - Epoch 93/100 - Train Loss: 2.1913, Train Acc: 0.2586, Val Loss: 1.9884, Val Acc: 0.5200, LR: 0.000063, Time: 1.57s
2025-09-09 15:47:06,422 - vehicle_voice_recognition - INFO - 保存最佳模型到 models/individual_best_model.pth
2025-09-09 15:47:06,422 - vehicle_voice_recognition - INFO - 发现更好的 val_loss: 1.988379 (epoch 0)
2025-09-09 15:47:07,961 - vehicle_voice_recognition - INFO - Epoch 94/100 - Train Loss: 2.1513, Train Acc: 0.2299, Val Loss: 1.9855, Val Acc: 0.5600, LR: 0.000063, Time: 1.54s
2025-09-09 15:47:07,965 - vehicle_voice_recognition - INFO - 保存最佳模型到 models/individual_best_model.pth
2025-09-09 15:47:07,965 - vehicle_voice_recognition - INFO - 发现更好的 val_loss: 1.985468 (epoch 0)
2025-09-09 15:47:09,611 - vehicle_voice_recognition - INFO - Epoch 95/100 - Train Loss: 2.1985, Train Acc: 0.2356, Val Loss: 1.9861, Val Acc: 0.5600, LR: 0.000063, Time: 1.65s
2025-09-09 15:47:09,611 - vehicle_voice_recognition - INFO - val_loss 没有改善: 1.986101, 计数器: 1/25
2025-09-09 15:47:11,214 - vehicle_voice_recognition - INFO - Epoch 96/100 - Train Loss: 2.1306, Train Acc: 0.2931, Val Loss: 1.9938, Val Acc: 0.5600, LR: 0.000063, Time: 1.60s
2025-09-09 15:47:11,214 - vehicle_voice_recognition - INFO - val_loss 没有改善: 1.993837, 计数器: 2/25
2025-09-09 15:47:13,026 - vehicle_voice_recognition - INFO - Epoch 97/100 - Train Loss: 2.2357, Train Acc: 0.2356, Val Loss: 1.9923, Val Acc: 0.4800, LR: 0.000063, Time: 1.81s
2025-09-09 15:47:13,027 - vehicle_voice_recognition - INFO - val_loss 没有改善: 1.992331, 计数器: 3/25
2025-09-09 15:47:14,737 - vehicle_voice_recognition - INFO - Epoch 98/100 - Train Loss: 2.1619, Train Acc: 0.2759, Val Loss: 1.9788, Val Acc: 0.5200, LR: 0.000063, Time: 1.71s
2025-09-09 15:47:14,744 - vehicle_voice_recognition - INFO - 保存最佳模型到 models/individual_best_model.pth
2025-09-09 15:47:14,745 - vehicle_voice_recognition - INFO - 发现更好的 val_loss: 1.978798 (epoch 0)
2025-09-09 15:47:16,349 - vehicle_voice_recognition - INFO - Epoch 99/100 - Train Loss: 2.1770, Train Acc: 0.2874, Val Loss: 1.9802, Val Acc: 0.5200, LR: 0.000063, Time: 1.60s
2025-09-09 15:47:16,349 - vehicle_voice_recognition - INFO - val_loss 没有改善: 1.980176, 计数器: 1/25
2025-09-09 15:47:17,857 - vehicle_voice_recognition - INFO - Epoch 100/100 - Train Loss: 2.1657, Train Acc: 0.2356, Val Loss: 1.9780, Val Acc: 0.5600, LR: 0.000063, Time: 1.51s
2025-09-09 15:47:17,863 - vehicle_voice_recognition - INFO - 保存最佳模型到 models/individual_best_model.pth
2025-09-09 15:47:17,863 - vehicle_voice_recognition - INFO - val_loss 没有改善: 1.978016, 计数器: 2/25
2025-09-09 15:47:17,865 - vehicle_voice_recognition - INFO - 训练完成，总用时: 331.08秒
2025-09-09 15:47:18,052 - vehicle_voice_recognition - INFO - 📊 生成训练历史可视化...
2025-09-09 15:47:18,853 - vehicle_voice_recognition - INFO - 训练历史图表已保存到 results/individual\training_history.png
2025-09-09 15:47:18,853 - vehicle_voice_recognition - INFO - 训练历史图表已保存至: results/individual\training_history.png
2025-09-09 15:47:18,853 - vehicle_voice_recognition - INFO - 开始个体识别评估...
2025-09-09 15:47:18,853 - vehicle_voice_recognition - INFO - 模型评估器初始化完成，设备: cpu
2025-09-09 15:47:20,126 - vehicle_voice_recognition - INFO - 混淆矩阵已保存至: results/individual\individual_confusion_matrix.png
2025-09-09 15:47:20,126 - vehicle_voice_recognition - INFO - 评估完成 - 准确率: 0.5882, F1分数: 0.4974
2025-09-09 15:47:20,126 - vehicle_voice_recognition - INFO - 
个体识别测试集性能:
2025-09-09 15:47:20,126 - vehicle_voice_recognition - INFO - 准确率: 0.5882
2025-09-09 15:47:20,126 - vehicle_voice_recognition - INFO - F1分数: 0.4974
2025-09-09 15:47:20,126 - vehicle_voice_recognition - INFO - 最佳验证准确率: 0.5600
2025-09-09 15:47:20,126 - vehicle_voice_recognition - INFO - 
个体识别训练和评估完成!
2025-09-09 15:47:20,127 - vehicle_voice_recognition - INFO - 模型已保存至: models/individual_best_model.pth
2025-09-09 15:47:20,127 - vehicle_voice_recognition - INFO - 标签映射已保存至: models/individual_label_mapping.json
2025-09-09 15:47:20,127 - vehicle_voice_recognition - INFO - 结果可视化已保存至: results/individual
2025-09-09 15:47:20,127 - vehicle_voice_recognition - INFO - 
🎨 开始生成个体识别可视化结果...
2025-09-09 15:47:22,741 - vehicle_voice_recognition - INFO - ✅ 个体识别可视化结果生成完成!
2025-09-09 15:47:22,743 - vehicle_voice_recognition - INFO - 📁 可视化文件位置:
2025-09-09 15:47:22,743 - vehicle_voice_recognition - INFO -    - results/audio_visualizations/
2025-09-09 15:47:22,743 - vehicle_voice_recognition - INFO -    - results/prediction_visualizations/
2025-09-09 15:47:22,745 - vehicle_voice_recognition - INFO - 系统状态 - CPU: 95.6%, 内存: 69.3%, GPU: 0.0%
2025-09-09 15:47:23,379 - vehicle_voice_recognition - INFO - 监控报告已保存: logs\individual_training_monitor_report.png
2025-09-09 15:47:23,380 - vehicle_voice_recognition - INFO - 🎉 个体识别训练流程完成!
2025-09-09 15:47:23,380 - vehicle_voice_recognition - INFO - 下一步: 运行 python -m scripts.individual_inference --audio <audio_file> 进行个体识别测试
