2025-09-06 16:37:08,071 - vehicle_voice_recognition - INFO - 🚀 开始生成增强数据集
2025-09-06 16:37:08,071 - vehicle_voice_recognition - INFO - 开始生成基础数据集到: C:\Users\33016\Downloads\vehicile_voice_recoginition-vehicle_voice_recognition\vehicile_voice_recoginition-vehicle_voice_recognition\vehicle_audio_data\basic_types
2025-09-06 16:37:08,074 - vehicle_voice_recognition - INFO - 生成 sedan 类型音频...
2025-09-06 16:37:08,214 - vehicle_voice_recognition - INFO -   已生成 20/50 个 sedan 样本
2025-09-06 16:37:08,338 - vehicle_voice_recognition - INFO -   已生成 40/50 个 sedan 样本
2025-09-06 16:37:08,403 - vehicle_voice_recognition - INFO - 生成 suv 类型音频...
2025-09-06 16:37:08,527 - vehicle_voice_recognition - INFO -   已生成 20/50 个 suv 样本
2025-09-06 16:37:08,656 - vehicle_voice_recognition - INFO -   已生成 40/50 个 suv 样本
2025-09-06 16:37:08,725 - vehicle_voice_recognition - INFO - 生成 truck 类型音频...
2025-09-06 16:37:08,864 - vehicle_voice_recognition - INFO -   已生成 20/50 个 truck 样本
2025-09-06 16:37:09,004 - vehicle_voice_recognition - INFO -   已生成 40/50 个 truck 样本
2025-09-06 16:37:09,070 - vehicle_voice_recognition - INFO - 生成 motorcycle 类型音频...
2025-09-06 16:37:09,210 - vehicle_voice_recognition - INFO -   已生成 20/50 个 motorcycle 样本
2025-09-06 16:37:09,347 - vehicle_voice_recognition - INFO -   已生成 40/50 个 motorcycle 样本
2025-09-06 16:37:09,408 - vehicle_voice_recognition - INFO - 生成 bus 类型音频...
2025-09-06 16:37:09,539 - vehicle_voice_recognition - INFO -   已生成 20/50 个 bus 样本
2025-09-06 16:37:09,671 - vehicle_voice_recognition - INFO -   已生成 40/50 个 bus 样本
2025-09-06 16:37:09,737 - vehicle_voice_recognition - INFO - ✅ 基础数据集生成完成，共生成 250 个文件
2025-09-06 16:37:09,739 - vehicle_voice_recognition - INFO - 开始生成个体识别数据集到: C:\Users\33016\Downloads\vehicile_voice_recoginition-vehicle_voice_recognition\vehicile_voice_recoginition-vehicle_voice_recognition\vehicle_audio_data\individual_recognition
2025-09-06 16:37:09,739 - vehicle_voice_recognition - INFO - 生成 sedan 类型的个体音频...
2025-09-06 16:37:09,815 - vehicle_voice_recognition - INFO -   已完成个体 sedan_000
2025-09-06 16:37:09,891 - vehicle_voice_recognition - INFO -   已完成个体 sedan_001
2025-09-06 16:37:09,969 - vehicle_voice_recognition - INFO -   已完成个体 sedan_002
2025-09-06 16:37:10,048 - vehicle_voice_recognition - INFO -   已完成个体 sedan_003
2025-09-06 16:37:10,129 - vehicle_voice_recognition - INFO -   已完成个体 sedan_004
2025-09-06 16:37:10,130 - vehicle_voice_recognition - INFO - 生成 suv 类型的个体音频...
2025-09-06 16:37:10,215 - vehicle_voice_recognition - INFO -   已完成个体 suv_000
2025-09-06 16:37:10,296 - vehicle_voice_recognition - INFO -   已完成个体 suv_001
2025-09-06 16:37:10,375 - vehicle_voice_recognition - INFO -   已完成个体 suv_002
2025-09-06 16:37:10,458 - vehicle_voice_recognition - INFO -   已完成个体 suv_003
2025-09-06 16:37:10,542 - vehicle_voice_recognition - INFO -   已完成个体 suv_004
2025-09-06 16:37:10,542 - vehicle_voice_recognition - INFO - 生成 truck 类型的个体音频...
2025-09-06 16:37:10,625 - vehicle_voice_recognition - INFO -   已完成个体 truck_000
2025-09-06 16:37:10,714 - vehicle_voice_recognition - INFO -   已完成个体 truck_001
2025-09-06 16:37:10,798 - vehicle_voice_recognition - INFO -   已完成个体 truck_002
2025-09-06 16:37:10,881 - vehicle_voice_recognition - INFO -   已完成个体 truck_003
2025-09-06 16:37:10,974 - vehicle_voice_recognition - INFO -   已完成个体 truck_004
2025-09-06 16:37:10,974 - vehicle_voice_recognition - INFO - 生成 motorcycle 类型的个体音频...
2025-09-06 16:37:11,074 - vehicle_voice_recognition - INFO -   已完成个体 motorcycle_000
2025-09-06 16:37:11,164 - vehicle_voice_recognition - INFO -   已完成个体 motorcycle_001
2025-09-06 16:37:11,259 - vehicle_voice_recognition - INFO -   已完成个体 motorcycle_002
2025-09-06 16:37:11,351 - vehicle_voice_recognition - INFO -   已完成个体 motorcycle_003
2025-09-06 16:37:11,440 - vehicle_voice_recognition - INFO -   已完成个体 motorcycle_004
2025-09-06 16:37:11,440 - vehicle_voice_recognition - INFO - 生成 bus 类型的个体音频...
2025-09-06 16:37:11,532 - vehicle_voice_recognition - INFO -   已完成个体 bus_000
2025-09-06 16:37:11,622 - vehicle_voice_recognition - INFO -   已完成个体 bus_001
2025-09-06 16:37:11,715 - vehicle_voice_recognition - INFO -   已完成个体 bus_002
2025-09-06 16:37:11,953 - vehicle_voice_recognition - INFO -   已完成个体 bus_003
2025-09-06 16:37:12,041 - vehicle_voice_recognition - INFO -   已完成个体 bus_004
2025-09-06 16:37:12,041 - vehicle_voice_recognition - INFO - ✅ 个体识别数据集生成完成
2025-09-06 16:37:12,041 - vehicle_voice_recognition - INFO -    - 总个体数: 25
2025-09-06 16:37:12,041 - vehicle_voice_recognition - INFO -    - 总样本数: 250
2025-09-06 16:37:12,043 - vehicle_voice_recognition - INFO -    - 注册表: C:\Users\33016\Downloads\vehicile_voice_recoginition-vehicle_voice_recognition\vehicile_voice_recoginition-vehicle_voice_recognition\vehicle_audio_data\individual_recognition\vehicle_registry.json
2025-09-06 16:37:12,043 - vehicle_voice_recognition - INFO -    - 标签映射: C:\Users\33016\Downloads\vehicile_voice_recoginition-vehicle_voice_recognition\vehicile_voice_recoginition-vehicle_voice_recognition\vehicle_audio_data\individual_recognition\individual_label_mapping.json
2025-09-06 16:37:12,043 - vehicle_voice_recognition - INFO - ✅ 增强数据集生成完成
2025-09-06 16:37:12,043 - vehicle_voice_recognition - INFO - 数据集生成成功！
