2025-09-06 17:33:10,225 - vehicle_voice_recognition - INFO - Using device: cpu
2025-09-06 17:33:10,227 - vehicle_voice_recognition - INFO - Loaded label mapping with 125 classes
2025-09-06 17:33:10,227 - vehicle_voice_recognition - INFO - 音频预处理器初始化：sr=16000, n_fft=2048, n_mels=128
2025-09-06 17:33:10,227 - vehicle_voice_recognition - INFO - 特征提取类型: ['mel']
2025-09-06 17:33:10,228 - vehicle_voice_recognition - INFO - 数据增强: 禁用
2025-09-06 17:33:10,228 - vehicle_voice_recognition - INFO - Initialized audio preprocessor with config parameters
2025-09-06 17:33:10,238 - vehicle_voice_recognition - INFO - 加载完整检查点文件
2025-09-06 17:33:10,238 - vehicle_voice_recognition - INFO - Loaded model from models/individual_best_model.pth
2025-09-06 17:33:10,240 - vehicle_voice_recognition - INFO - ✅ 个体识别推理引擎初始化完成
2025-09-06 17:33:10,240 - vehicle_voice_recognition - INFO - 模型路径: models/individual_best_model.pth
2025-09-06 17:33:10,240 - vehicle_voice_recognition - INFO - 支持的个体车辆数量: 125
2025-09-06 17:33:10,240 - vehicle_voice_recognition - INFO - 个体车辆列表: ['bus_000', 'bus_001', 'bus_002', 'bus_003', 'bus_004', 'bus_005', 'bus_006', 'bus_007', 'bus_008', 'bus_009', 'bus_010', 'bus_011', 'bus_012', 'bus_013', 'bus_014', 'bus_015', 'bus_016', 'bus_017', 'bus_018', 'bus_019', 'bus_020', 'bus_021', 'bus_022', 'bus_023', 'bus_024', 'motorcycle_000', 'motorcycle_001', 'motorcycle_002', 'motorcycle_003', 'motorcycle_004', 'motorcycle_005', 'motorcycle_006', 'motorcycle_007', 'motorcycle_008', 'motorcycle_009', 'motorcycle_010', 'motorcycle_011', 'motorcycle_012', 'motorcycle_013', 'motorcycle_014', 'motorcycle_015', 'motorcycle_016', 'motorcycle_017', 'motorcycle_018', 'motorcycle_019', 'motorcycle_020', 'motorcycle_021', 'motorcycle_022', 'motorcycle_023', 'motorcycle_024', 'sedan_000', 'sedan_001', 'sedan_002', 'sedan_003', 'sedan_004', 'sedan_005', 'sedan_006', 'sedan_007', 'sedan_008', 'sedan_009', 'sedan_010', 'sedan_011', 'sedan_012', 'sedan_013', 'sedan_014', 'sedan_015', 'sedan_016', 'sedan_017', 'sedan_018', 'sedan_019', 'sedan_020', 'sedan_021', 'sedan_022', 'sedan_023', 'sedan_024', 'suv_000', 'suv_001', 'suv_002', 'suv_003', 'suv_004', 'suv_005', 'suv_006', 'suv_007', 'suv_008', 'suv_009', 'suv_010', 'suv_011', 'suv_012', 'suv_013', 'suv_014', 'suv_015', 'suv_016', 'suv_017', 'suv_018', 'suv_019', 'suv_020', 'suv_021', 'suv_022', 'suv_023', 'suv_024', 'truck_000', 'truck_001', 'truck_002', 'truck_003', 'truck_004', 'truck_005', 'truck_006', 'truck_007', 'truck_008', 'truck_009', 'truck_010', 'truck_011', 'truck_012', 'truck_013', 'truck_014', 'truck_015', 'truck_016', 'truck_017', 'truck_018', 'truck_019', 'truck_020', 'truck_021', 'truck_022', 'truck_023', 'truck_024']
2025-09-06 17:33:10,242 - vehicle_voice_recognition - INFO - 正在分析音频进行个体识别: vehicle_audio_data\individual_recognition\individual_vehicles\motorcycle_004\motorcycle_004_sample_000.wav
2025-09-06 17:33:12,050 - vehicle_voice_recognition - INFO - 预测结果: motorcycle_022, 置信度: 0.0693 (vehicle_audio_data\individual_recognition\individual_vehicles\motorcycle_004\motorcycle_004_sample_000.wav)
2025-09-06 17:33:12,050 - vehicle_voice_recognition - INFO - 🎯 个体识别结果:
2025-09-06 17:33:12,050 - vehicle_voice_recognition - INFO -    个体车辆: motorcycle_004_sample_00
2025-09-06 17:33:12,050 - vehicle_voice_recognition - INFO -    车辆类型: motorcycle_004_sample
2025-09-06 17:33:12,050 - vehicle_voice_recognition - INFO -    个体编号: 00
2025-09-06 17:33:12,050 - vehicle_voice_recognition - INFO -    置信度: 0.0693
2025-09-06 17:33:12,050 - vehicle_voice_recognition - INFO -    推理时间: 1.808秒
2025-09-06 17:33:12,050 - vehicle_voice_recognition - INFO - 音频预处理器初始化：sr=16000, n_fft=2048, n_mels=128
2025-09-06 17:33:12,050 - vehicle_voice_recognition - INFO - 特征提取类型: ['mel']
2025-09-06 17:33:12,050 - vehicle_voice_recognition - INFO - 数据增强: 禁用
2025-09-06 17:33:13,535 - vehicle_voice_recognition - INFO - 音频预处理器初始化：sr=16000, n_fft=2048, n_mels=128
2025-09-06 17:33:13,535 - vehicle_voice_recognition - INFO - 特征提取类型: ['mel']
2025-09-06 17:33:13,535 - vehicle_voice_recognition - INFO - 数据增强: 禁用
2025-09-06 17:33:14,225 - vehicle_voice_recognition - INFO - 📊 可视化结果已保存
