2025-09-06 17:35:35,971 - vehicle_voice_recognition - INFO - 🎯 车载语音个体识别系统 - 训练执行器
2025-09-06 17:35:35,982 - vehicle_voice_recognition - INFO - ✅ 发现 1250 个个体化音频文件
2025-09-06 17:35:35,983 - vehicle_voice_recognition - INFO - 系统状态 - CPU: 58.6%, 内存: 52.4%, GPU: 0.0%
2025-09-06 17:35:37,438 - vehicle_voice_recognition - INFO - 机动车个体声纹识别系统 - 训练模块
2025-09-06 17:35:37,438 - vehicle_voice_recognition - INFO - 使用设备: cpu
2025-09-06 17:35:37,438 - vehicle_voice_recognition - INFO - 个体化数据目录: vehicle_audio_data/individual_recognition/individual_vehicles
2025-09-06 17:35:37,438 - vehicle_voice_recognition - INFO - 早停配置: patience=25, min_delta=0.001
2025-09-06 17:35:37,438 - vehicle_voice_recognition - INFO - 音频数据增强器初始化完成，启用状态: True
2025-09-06 17:35:37,438 - vehicle_voice_recognition - INFO - 音频预处理器初始化：sr=16000, n_fft=2048, n_mels=128
2025-09-06 17:35:37,438 - vehicle_voice_recognition - INFO - 特征提取类型: ['mel']
2025-09-06 17:35:37,438 - vehicle_voice_recognition - INFO - 数据增强: 启用
2025-09-06 17:35:37,438 - vehicle_voice_recognition - INFO - 正在创建个体识别数据加载器...
2025-09-06 17:35:37,571 - vehicle_voice_recognition - INFO - 训练集: 150 样本
2025-09-06 17:35:37,571 - vehicle_voice_recognition - INFO - 验证集: 50 样本
2025-09-06 17:35:37,571 - vehicle_voice_recognition - INFO - 测试集: 50 样本
2025-09-06 17:35:37,571 - vehicle_voice_recognition - INFO - 个体数量: 25
2025-09-06 17:35:37,571 - vehicle_voice_recognition - INFO - 个体映射: {'bus_000': 0, 'bus_001': 1, 'bus_002': 2, 'bus_003': 3, 'bus_004': 4, 'motorcycle_000': 5, 'motorcycle_001': 6, 'motorcycle_002': 7, 'motorcycle_003': 8, 'motorcycle_004': 9, 'sedan_000': 10, 'sedan_001': 11, 'sedan_002': 12, 'sedan_003': 13, 'sedan_004': 14, 'suv_000': 15, 'suv_001': 16, 'suv_002': 17, 'suv_003': 18, 'suv_004': 19, 'truck_000': 20, 'truck_001': 21, 'truck_002': 22, 'truck_003': 23, 'truck_004': 24}
2025-09-06 17:35:37,573 - vehicle_voice_recognition - INFO - 模型参数量: 29,305
2025-09-06 17:35:39,138 - vehicle_voice_recognition - INFO - 开始个体识别训练...
2025-09-06 17:35:39,138 - vehicle_voice_recognition - INFO - 模型训练器初始化完成，设备: cpu
2025-09-06 17:35:39,138 - vehicle_voice_recognition - INFO - 早停机制初始化: patience=25, min_delta=0.001, monitor=val_loss, mode=min
2025-09-06 17:35:39,140 - vehicle_voice_recognition - INFO - 梯度裁剪器初始化: max_norm=0.5, norm_type=2.0
2025-09-06 17:35:39,140 - vehicle_voice_recognition - INFO - 开始训练，共 100 个epoch
2025-09-06 17:35:43,182 - vehicle_voice_recognition - INFO - Epoch 1/100 - Train Loss: 3.2467, Train Acc: 0.0533, Val Loss: 3.2105, Val Acc: 0.0800, LR: 0.000500, Time: 4.04s
2025-09-06 17:35:43,194 - vehicle_voice_recognition - INFO - 保存最佳模型到 models/individual_best_model.pth
2025-09-06 17:35:43,196 - vehicle_voice_recognition - INFO - 发现更好的 val_loss: 3.210455 (epoch 0)
2025-09-06 17:35:45,759 - vehicle_voice_recognition - INFO - Epoch 2/100 - Train Loss: 3.2087, Train Acc: 0.0133, Val Loss: 3.1779, Val Acc: 0.1200, LR: 0.000500, Time: 2.32s
2025-09-06 17:35:45,767 - vehicle_voice_recognition - INFO - 保存最佳模型到 models/individual_best_model.pth
2025-09-06 17:35:45,767 - vehicle_voice_recognition - INFO - 发现更好的 val_loss: 3.177896 (epoch 0)
2025-09-06 17:35:48,117 - vehicle_voice_recognition - INFO - Epoch 3/100 - Train Loss: 3.1805, Train Acc: 0.0800, Val Loss: 3.1473, Val Acc: 0.0800, LR: 0.000500, Time: 2.35s
2025-09-06 17:35:48,124 - vehicle_voice_recognition - INFO - 保存最佳模型到 models/individual_best_model.pth
2025-09-06 17:35:48,124 - vehicle_voice_recognition - INFO - 发现更好的 val_loss: 3.147347 (epoch 0)
2025-09-06 17:35:50,393 - vehicle_voice_recognition - INFO - Epoch 4/100 - Train Loss: 3.1692, Train Acc: 0.0467, Val Loss: 3.1159, Val Acc: 0.0800, LR: 0.000500, Time: 2.27s
2025-09-06 17:35:50,399 - vehicle_voice_recognition - INFO - 保存最佳模型到 models/individual_best_model.pth
2025-09-06 17:35:50,399 - vehicle_voice_recognition - INFO - 发现更好的 val_loss: 3.115929 (epoch 0)
2025-09-06 17:35:52,263 - vehicle_voice_recognition - INFO - Epoch 5/100 - Train Loss: 3.1534, Train Acc: 0.0600, Val Loss: 3.0773, Val Acc: 0.1200, LR: 0.000500, Time: 1.86s
2025-09-06 17:35:52,268 - vehicle_voice_recognition - INFO - 保存最佳模型到 models/individual_best_model.pth
2025-09-06 17:35:52,268 - vehicle_voice_recognition - INFO - 发现更好的 val_loss: 3.077320 (epoch 0)
2025-09-06 17:35:53,828 - vehicle_voice_recognition - INFO - Epoch 6/100 - Train Loss: 3.1226, Train Acc: 0.0800, Val Loss: 3.0352, Val Acc: 0.1200, LR: 0.000500, Time: 1.56s
2025-09-06 17:35:53,836 - vehicle_voice_recognition - INFO - 保存最佳模型到 models/individual_best_model.pth
2025-09-06 17:35:53,836 - vehicle_voice_recognition - INFO - 发现更好的 val_loss: 3.035232 (epoch 0)
2025-09-06 17:35:55,534 - vehicle_voice_recognition - INFO - Epoch 7/100 - Train Loss: 3.0875, Train Acc: 0.0733, Val Loss: 2.9937, Val Acc: 0.0800, LR: 0.000500, Time: 1.70s
2025-09-06 17:35:55,541 - vehicle_voice_recognition - INFO - 保存最佳模型到 models/individual_best_model.pth
2025-09-06 17:35:55,541 - vehicle_voice_recognition - INFO - 发现更好的 val_loss: 2.993743 (epoch 0)
2025-09-06 17:35:57,408 - vehicle_voice_recognition - INFO - Epoch 8/100 - Train Loss: 3.0823, Train Acc: 0.0533, Val Loss: 2.9541, Val Acc: 0.0800, LR: 0.000500, Time: 1.87s
2025-09-06 17:35:57,414 - vehicle_voice_recognition - INFO - 保存最佳模型到 models/individual_best_model.pth
2025-09-06 17:35:57,415 - vehicle_voice_recognition - INFO - 发现更好的 val_loss: 2.954071 (epoch 0)
2025-09-06 17:35:59,059 - vehicle_voice_recognition - INFO - Epoch 9/100 - Train Loss: 3.0091, Train Acc: 0.1133, Val Loss: 2.9275, Val Acc: 0.1200, LR: 0.000500, Time: 1.64s
2025-09-06 17:35:59,062 - vehicle_voice_recognition - INFO - 保存最佳模型到 models/individual_best_model.pth
2025-09-06 17:35:59,065 - vehicle_voice_recognition - INFO - 发现更好的 val_loss: 2.927510 (epoch 0)
2025-09-06 17:36:00,863 - vehicle_voice_recognition - INFO - Epoch 10/100 - Train Loss: 2.9784, Train Acc: 0.0667, Val Loss: 2.8746, Val Acc: 0.1200, LR: 0.000500, Time: 1.80s
2025-09-06 17:36:00,867 - vehicle_voice_recognition - INFO - 保存最佳模型到 models/individual_best_model.pth
2025-09-06 17:36:00,868 - vehicle_voice_recognition - INFO - 发现更好的 val_loss: 2.874647 (epoch 0)
2025-09-06 17:36:02,635 - vehicle_voice_recognition - INFO - Epoch 11/100 - Train Loss: 2.9458, Train Acc: 0.1133, Val Loss: 2.8367, Val Acc: 0.1200, LR: 0.000500, Time: 1.77s
2025-09-06 17:36:02,641 - vehicle_voice_recognition - INFO - 保存最佳模型到 models/individual_best_model.pth
2025-09-06 17:36:02,643 - vehicle_voice_recognition - INFO - 发现更好的 val_loss: 2.836680 (epoch 0)
2025-09-06 17:36:04,461 - vehicle_voice_recognition - INFO - Epoch 12/100 - Train Loss: 2.9240, Train Acc: 0.1533, Val Loss: 2.7980, Val Acc: 0.1400, LR: 0.000500, Time: 1.63s
2025-09-06 17:36:04,467 - vehicle_voice_recognition - INFO - 保存最佳模型到 models/individual_best_model.pth
2025-09-06 17:36:04,468 - vehicle_voice_recognition - INFO - 发现更好的 val_loss: 2.797993 (epoch 0)
