2025-09-06 17:41:07,505 - vehicle_voice_recognition - INFO - 🚀 开始生成个体识别数据集
2025-09-06 17:41:07,509 - vehicle_voice_recognition - INFO - 开始生成个体识别数据集到: C:\Users\33016\Downloads\vehicile_voice_recoginition-vehicle_voice_recognition\vehicile_voice_recoginition-vehicle_voice_recognition\vehicle_audio_data\individual_recognition
2025-09-06 17:41:07,510 - vehicle_voice_recognition - INFO - 生成 sedan 类型的个体音频...
2025-09-06 17:41:07,583 - vehicle_voice_recognition - INFO -   已完成个体 sedan_000
2025-09-06 17:41:07,648 - vehicle_voice_recognition - INFO -   已完成个体 sedan_001
2025-09-06 17:41:07,716 - vehicle_voice_recognition - INFO -   已完成个体 sedan_002
2025-09-06 17:41:07,779 - vehicle_voice_recognition - INFO -   已完成个体 sedan_003
2025-09-06 17:41:07,844 - vehicle_voice_recognition - INFO -   已完成个体 sedan_004
2025-09-06 17:41:07,844 - vehicle_voice_recognition - INFO - 生成 suv 类型的个体音频...
2025-09-06 17:41:07,914 - vehicle_voice_recognition - INFO -   已完成个体 suv_000
2025-09-06 17:41:07,991 - vehicle_voice_recognition - INFO -   已完成个体 suv_001
2025-09-06 17:41:08,060 - vehicle_voice_recognition - INFO -   已完成个体 suv_002
2025-09-06 17:41:08,139 - vehicle_voice_recognition - INFO -   已完成个体 suv_003
2025-09-06 17:41:08,220 - vehicle_voice_recognition - INFO -   已完成个体 suv_004
2025-09-06 17:41:08,221 - vehicle_voice_recognition - INFO - 生成 truck 类型的个体音频...
2025-09-06 17:41:08,306 - vehicle_voice_recognition - INFO -   已完成个体 truck_000
2025-09-06 17:41:08,383 - vehicle_voice_recognition - INFO -   已完成个体 truck_001
2025-09-06 17:41:08,465 - vehicle_voice_recognition - INFO -   已完成个体 truck_002
2025-09-06 17:41:08,551 - vehicle_voice_recognition - INFO -   已完成个体 truck_003
2025-09-06 17:41:08,639 - vehicle_voice_recognition - INFO -   已完成个体 truck_004
2025-09-06 17:41:08,639 - vehicle_voice_recognition - INFO - 生成 motorcycle 类型的个体音频...
2025-09-06 17:41:08,728 - vehicle_voice_recognition - INFO -   已完成个体 motorcycle_000
2025-09-06 17:41:08,808 - vehicle_voice_recognition - INFO -   已完成个体 motorcycle_001
2025-09-06 17:41:08,892 - vehicle_voice_recognition - INFO -   已完成个体 motorcycle_002
2025-09-06 17:41:08,985 - vehicle_voice_recognition - INFO -   已完成个体 motorcycle_003
2025-09-06 17:41:09,073 - vehicle_voice_recognition - INFO -   已完成个体 motorcycle_004
2025-09-06 17:41:09,073 - vehicle_voice_recognition - INFO - 生成 bus 类型的个体音频...
2025-09-06 17:41:09,151 - vehicle_voice_recognition - INFO -   已完成个体 bus_000
2025-09-06 17:41:09,226 - vehicle_voice_recognition - INFO -   已完成个体 bus_001
2025-09-06 17:41:09,299 - vehicle_voice_recognition - INFO -   已完成个体 bus_002
2025-09-06 17:41:09,379 - vehicle_voice_recognition - INFO -   已完成个体 bus_003
2025-09-06 17:41:09,451 - vehicle_voice_recognition - INFO -   已完成个体 bus_004
2025-09-06 17:41:09,451 - vehicle_voice_recognition - INFO - ✅ 个体识别数据集生成完成
2025-09-06 17:41:09,455 - vehicle_voice_recognition - INFO -    - 总个体数: 25
2025-09-06 17:41:09,455 - vehicle_voice_recognition - INFO -    - 总样本数: 250
2025-09-06 17:41:09,455 - vehicle_voice_recognition - INFO -    - 注册表: C:\Users\33016\Downloads\vehicile_voice_recoginition-vehicle_voice_recognition\vehicile_voice_recoginition-vehicle_voice_recognition\vehicle_audio_data\individual_recognition\vehicle_registry.json
2025-09-06 17:41:09,455 - vehicle_voice_recognition - INFO -    - 标签映射: C:\Users\33016\Downloads\vehicile_voice_recoginition-vehicle_voice_recognition\vehicile_voice_recoginition-vehicle_voice_recognition\vehicle_audio_data\individual_recognition\individual_label_mapping.json
2025-09-06 17:41:09,455 - vehicle_voice_recognition - INFO - ✅ 个体识别数据集生成完成
2025-09-06 17:41:09,455 - vehicle_voice_recognition - INFO - 个体识别数据集生成成功！
