2025-09-06 18:19:22,472 - vehicle_voice_recognition - INFO - 🔍 正在验证系统配置...
2025-09-06 18:19:22,472 - vehicle_voice_recognition - INFO - ✅ 配置验证通过
2025-09-06 18:19:23,755 - vehicle_voice_recognition - INFO - 开始批量推理: vehicle_audio_data\individual_recognition\individual_vehicles\motorcycle_003
2025-09-06 18:19:23,755 - vehicle_voice_recognition - INFO - 找到 3 个音频文件
2025-09-06 18:19:23,755 - vehicle_voice_recognition - INFO - Using device: cpu
2025-09-06 18:19:23,755 - vehicle_voice_recognition - INFO - Loaded label mapping with 25 classes
2025-09-06 18:19:23,759 - vehicle_voice_recognition - INFO - 音频预处理器初始化：sr=16000, n_fft=2048, n_mels=128
2025-09-06 18:19:23,759 - vehicle_voice_recognition - INFO - 特征提取类型: ['mel']
2025-09-06 18:19:23,759 - vehicle_voice_recognition - INFO - 数据增强: 禁用
2025-09-06 18:19:23,759 - vehicle_voice_recognition - INFO - Initialized audio preprocessor with config parameters
2025-09-06 18:19:23,770 - vehicle_voice_recognition - INFO - 加载完整检查点文件
2025-09-06 18:19:23,770 - vehicle_voice_recognition - INFO - Loaded model from models/individual_best_model.pth
2025-09-06 18:19:23,771 - vehicle_voice_recognition - INFO - ✅ 个体识别推理引擎初始化完成
2025-09-06 18:19:23,771 - vehicle_voice_recognition - INFO - 模型路径: models/individual_best_model.pth
2025-09-06 18:19:23,772 - vehicle_voice_recognition - INFO - 支持的个体车辆数量: 25
2025-09-06 18:19:23,772 - vehicle_voice_recognition - INFO - 个体车辆列表: ['sedan_000', 'sedan_001', 'sedan_002', 'sedan_003', 'sedan_004', 'suv_000', 'suv_001', 'suv_002', 'suv_003', 'suv_004', 'truck_000', 'truck_001', 'truck_002', 'truck_003', 'truck_004', 'motorcycle_000', 'motorcycle_001', 'motorcycle_002', 'motorcycle_003', 'motorcycle_004', 'bus_000', 'bus_001', 'bus_002', 'bus_003', 'bus_004']
2025-09-06 18:19:23,772 - vehicle_voice_recognition - INFO - 个体识别推理引擎初始化完成
2025-09-06 18:19:23,772 - vehicle_voice_recognition - INFO - 处理文件 1/3: motorcycle_003_sample_000.wav
2025-09-06 18:19:23,772 - vehicle_voice_recognition - INFO - 正在分析音频进行个体识别: vehicle_audio_data\individual_recognition\individual_vehicles\motorcycle_003\motorcycle_003_sample_000.wav
2025-09-06 18:19:25,534 - vehicle_voice_recognition - INFO - 预测结果: suv_003, 置信度: 0.2583 (vehicle_audio_data\individual_recognition\individual_vehicles\motorcycle_003\motorcycle_003_sample_000.wav)
2025-09-06 18:19:25,534 - vehicle_voice_recognition - INFO - 🎯 个体识别结果:
2025-09-06 18:19:25,534 - vehicle_voice_recognition - INFO -    个体车辆: motorcycle_003
2025-09-06 18:19:25,534 - vehicle_voice_recognition - INFO -    车辆类型: motorcycle
2025-09-06 18:19:25,534 - vehicle_voice_recognition - INFO -    个体编号: 003
2025-09-06 18:19:25,534 - vehicle_voice_recognition - INFO -    置信度: 0.2583
2025-09-06 18:19:25,534 - vehicle_voice_recognition - INFO -    推理时间: 1.762秒
2025-09-06 18:19:25,535 - vehicle_voice_recognition - INFO - 预测结果: motorcycle_003, 置信度: 0.2583
2025-09-06 18:19:25,535 - vehicle_voice_recognition - INFO - 处理文件 2/3: motorcycle_003_sample_001.wav
2025-09-06 18:19:25,535 - vehicle_voice_recognition - INFO - 正在分析音频进行个体识别: vehicle_audio_data\individual_recognition\individual_vehicles\motorcycle_003\motorcycle_003_sample_001.wav
2025-09-06 18:19:25,543 - vehicle_voice_recognition - INFO - 预测结果: suv_000, 置信度: 0.2721 (vehicle_audio_data\individual_recognition\individual_vehicles\motorcycle_003\motorcycle_003_sample_001.wav)
2025-09-06 18:19:25,544 - vehicle_voice_recognition - INFO - 🎯 个体识别结果:
2025-09-06 18:19:25,544 - vehicle_voice_recognition - INFO -    个体车辆: motorcycle_003
2025-09-06 18:19:25,544 - vehicle_voice_recognition - INFO -    车辆类型: motorcycle
2025-09-06 18:19:25,544 - vehicle_voice_recognition - INFO -    个体编号: 003
2025-09-06 18:19:25,544 - vehicle_voice_recognition - INFO -    置信度: 0.2721
2025-09-06 18:19:25,545 - vehicle_voice_recognition - INFO -    推理时间: 0.009秒
2025-09-06 18:19:25,545 - vehicle_voice_recognition - INFO - 预测结果: motorcycle_003, 置信度: 0.2721
2025-09-06 18:19:25,545 - vehicle_voice_recognition - INFO - 处理文件 3/3: motorcycle_003_sample_002.wav
2025-09-06 18:19:25,545 - vehicle_voice_recognition - INFO - 正在分析音频进行个体识别: vehicle_audio_data\individual_recognition\individual_vehicles\motorcycle_003\motorcycle_003_sample_002.wav
2025-09-06 18:19:25,552 - vehicle_voice_recognition - INFO - 预测结果: suv_000, 置信度: 0.2588 (vehicle_audio_data\individual_recognition\individual_vehicles\motorcycle_003\motorcycle_003_sample_002.wav)
2025-09-06 18:19:25,552 - vehicle_voice_recognition - INFO - 🎯 个体识别结果:
2025-09-06 18:19:25,552 - vehicle_voice_recognition - INFO -    个体车辆: motorcycle_003
2025-09-06 18:19:25,552 - vehicle_voice_recognition - INFO -    车辆类型: motorcycle
2025-09-06 18:19:25,552 - vehicle_voice_recognition - INFO -    个体编号: 003
2025-09-06 18:19:25,552 - vehicle_voice_recognition - INFO -    置信度: 0.2588
2025-09-06 18:19:25,552 - vehicle_voice_recognition - INFO -    推理时间: 0.006秒
2025-09-06 18:19:25,552 - vehicle_voice_recognition - INFO - 预测结果: motorcycle_003, 置信度: 0.2588
2025-09-06 18:19:25,555 - vehicle_voice_recognition - INFO - 批量推理完成，结果保存到: results\final_test\batch_inference_results.json
2025-09-06 18:19:25,555 - vehicle_voice_recognition - INFO - 统计信息: {'total_files': 3, 'successful_predictions': 3, 'failed_predictions': 0, 'total_time': 1.7795424461364746, 'average_time_per_file': 0.5931808153788248, 'processing_rate': 1.6858266047619341}
2025-09-06 18:19:25,555 - vehicle_voice_recognition - INFO - 批量推理成功完成
