2025-09-06 17:59:07,272 - vehicle_voice_recognition - INFO - 🎯 车载语音个体识别系统 - 训练执行器
2025-09-06 17:59:07,275 - vehicle_voice_recognition - INFO - ✅ 发现 250 个个体化音频文件
2025-09-06 17:59:07,275 - vehicle_voice_recognition - INFO - 系统状态 - CPU: 42.3%, 内存: 50.7%, GPU: 0.0%
2025-09-06 17:59:08,591 - vehicle_voice_recognition - INFO - 🔍 正在验证系统配置...
2025-09-06 17:59:08,592 - vehicle_voice_recognition - INFO - ✅ 配置验证通过
2025-09-06 17:59:08,615 - vehicle_voice_recognition - INFO - 机动车个体声纹识别系统 - 训练模块
2025-09-06 17:59:08,615 - vehicle_voice_recognition - INFO - 使用设备: cpu
2025-09-06 17:59:08,615 - vehicle_voice_recognition - INFO - 个体化数据目录: vehicle_audio_data/individual_recognition/individual_vehicles
2025-09-06 17:59:08,615 - vehicle_voice_recognition - INFO - 早停配置: patience=25, min_delta=0.001
2025-09-06 17:59:08,616 - vehicle_voice_recognition - INFO - 音频数据增强器初始化完成，启用状态: True
2025-09-06 17:59:08,616 - vehicle_voice_recognition - INFO - 音频预处理器初始化：sr=16000, n_fft=2048, n_mels=128
2025-09-06 17:59:08,616 - vehicle_voice_recognition - INFO - 特征提取类型: ['mel']
2025-09-06 17:59:08,617 - vehicle_voice_recognition - INFO - 数据增强: 启用
2025-09-06 17:59:08,617 - vehicle_voice_recognition - INFO - 正在创建个体识别数据加载器...
2025-09-06 17:59:08,740 - vehicle_voice_recognition - INFO - 训练集: 150 样本
2025-09-06 17:59:08,740 - vehicle_voice_recognition - INFO - 验证集: 50 样本
2025-09-06 17:59:08,740 - vehicle_voice_recognition - INFO - 测试集: 50 样本
2025-09-06 17:59:08,740 - vehicle_voice_recognition - INFO - 个体数量: 25
2025-09-06 17:59:08,740 - vehicle_voice_recognition - INFO - 个体映射: {'bus_000': 0, 'bus_001': 1, 'bus_002': 2, 'bus_003': 3, 'bus_004': 4, 'motorcycle_000': 5, 'motorcycle_001': 6, 'motorcycle_002': 7, 'motorcycle_003': 8, 'motorcycle_004': 9, 'sedan_000': 10, 'sedan_001': 11, 'sedan_002': 12, 'sedan_003': 13, 'sedan_004': 14, 'suv_000': 15, 'suv_001': 16, 'suv_002': 17, 'suv_003': 18, 'suv_004': 19, 'truck_000': 20, 'truck_001': 21, 'truck_002': 22, 'truck_003': 23, 'truck_004': 24}
2025-09-06 17:59:08,742 - vehicle_voice_recognition - INFO - 模型参数量: 29,305
2025-09-06 17:59:10,148 - vehicle_voice_recognition - INFO - 开始个体识别训练...
2025-09-06 17:59:10,148 - vehicle_voice_recognition - INFO - 模型训练器初始化完成，设备: cpu
2025-09-06 17:59:10,148 - vehicle_voice_recognition - INFO - 早停机制初始化: patience=25, min_delta=0.001, monitor=val_loss, mode=min
2025-09-06 17:59:10,148 - vehicle_voice_recognition - INFO - 梯度裁剪器初始化: max_norm=0.5, norm_type=2.0
2025-09-06 17:59:10,150 - vehicle_voice_recognition - INFO - 开始训练，共 100 个epoch
2025-09-06 17:59:13,484 - vehicle_voice_recognition - INFO - Epoch 1/100 - Train Loss: 3.2448, Train Acc: 0.0533, Val Loss: 3.2116, Val Acc: 0.0400, LR: 0.000500, Time: 3.33s
2025-09-06 17:59:13,492 - vehicle_voice_recognition - INFO - 保存最佳模型到 models/individual_best_model.pth
2025-09-06 17:59:13,493 - vehicle_voice_recognition - INFO - 发现更好的 val_loss: 3.211600 (epoch 0)
2025-09-06 17:59:15,277 - vehicle_voice_recognition - INFO - Epoch 2/100 - Train Loss: 3.2095, Train Acc: 0.0467, Val Loss: 3.1825, Val Acc: 0.1000, LR: 0.000500, Time: 1.59s
2025-09-06 17:59:15,282 - vehicle_voice_recognition - INFO - 保存最佳模型到 models/individual_best_model.pth
2025-09-06 17:59:15,282 - vehicle_voice_recognition - INFO - 发现更好的 val_loss: 3.182489 (epoch 0)
2025-09-06 17:59:16,768 - vehicle_voice_recognition - INFO - Epoch 3/100 - Train Loss: 3.1878, Train Acc: 0.0733, Val Loss: 3.1533, Val Acc: 0.1200, LR: 0.000500, Time: 1.48s
2025-09-06 17:59:16,772 - vehicle_voice_recognition - INFO - 保存最佳模型到 models/individual_best_model.pth
2025-09-06 17:59:16,772 - vehicle_voice_recognition - INFO - 发现更好的 val_loss: 3.153344 (epoch 0)
2025-09-06 17:59:18,277 - vehicle_voice_recognition - INFO - Epoch 4/100 - Train Loss: 3.1731, Train Acc: 0.0333, Val Loss: 3.1285, Val Acc: 0.1600, LR: 0.000500, Time: 1.50s
2025-09-06 17:59:18,282 - vehicle_voice_recognition - INFO - 保存最佳模型到 models/individual_best_model.pth
2025-09-06 17:59:18,282 - vehicle_voice_recognition - INFO - 发现更好的 val_loss: 3.128476 (epoch 0)
2025-09-06 17:59:19,850 - vehicle_voice_recognition - INFO - Epoch 5/100 - Train Loss: 3.1570, Train Acc: 0.0400, Val Loss: 3.1034, Val Acc: 0.2000, LR: 0.000500, Time: 1.57s
2025-09-06 17:59:19,855 - vehicle_voice_recognition - INFO - 保存最佳模型到 models/individual_best_model.pth
2025-09-06 17:59:19,855 - vehicle_voice_recognition - INFO - 发现更好的 val_loss: 3.103407 (epoch 0)
2025-09-06 17:59:21,480 - vehicle_voice_recognition - INFO - Epoch 6/100 - Train Loss: 3.1183, Train Acc: 0.0733, Val Loss: 3.0628, Val Acc: 0.1200, LR: 0.000500, Time: 1.62s
2025-09-06 17:59:21,485 - vehicle_voice_recognition - INFO - 保存最佳模型到 models/individual_best_model.pth
2025-09-06 17:59:21,487 - vehicle_voice_recognition - INFO - 发现更好的 val_loss: 3.062799 (epoch 0)
2025-09-06 17:59:23,044 - vehicle_voice_recognition - INFO - Epoch 7/100 - Train Loss: 3.1024, Train Acc: 0.0600, Val Loss: 3.0185, Val Acc: 0.2200, LR: 0.000500, Time: 1.56s
2025-09-06 17:59:23,048 - vehicle_voice_recognition - INFO - 保存最佳模型到 models/individual_best_model.pth
2025-09-06 17:59:23,048 - vehicle_voice_recognition - INFO - 发现更好的 val_loss: 3.018475 (epoch 0)
2025-09-06 17:59:24,689 - vehicle_voice_recognition - INFO - Epoch 8/100 - Train Loss: 3.0814, Train Acc: 0.0800, Val Loss: 2.9736, Val Acc: 0.1800, LR: 0.000500, Time: 1.64s
2025-09-06 17:59:24,693 - vehicle_voice_recognition - INFO - 保存最佳模型到 models/individual_best_model.pth
2025-09-06 17:59:24,693 - vehicle_voice_recognition - INFO - 发现更好的 val_loss: 2.973641 (epoch 0)
2025-09-06 17:59:26,237 - vehicle_voice_recognition - INFO - Epoch 9/100 - Train Loss: 3.0354, Train Acc: 0.0733, Val Loss: 2.9427, Val Acc: 0.1600, LR: 0.000500, Time: 1.54s
2025-09-06 17:59:26,243 - vehicle_voice_recognition - INFO - 保存最佳模型到 models/individual_best_model.pth
2025-09-06 17:59:26,243 - vehicle_voice_recognition - INFO - 发现更好的 val_loss: 2.942719 (epoch 0)
2025-09-06 17:59:27,750 - vehicle_voice_recognition - INFO - Epoch 10/100 - Train Loss: 2.9950, Train Acc: 0.0867, Val Loss: 2.9118, Val Acc: 0.3000, LR: 0.000500, Time: 1.51s
2025-09-06 17:59:27,756 - vehicle_voice_recognition - INFO - 保存最佳模型到 models/individual_best_model.pth
2025-09-06 17:59:27,756 - vehicle_voice_recognition - INFO - 发现更好的 val_loss: 2.911846 (epoch 0)
2025-09-06 17:59:29,268 - vehicle_voice_recognition - INFO - Epoch 11/100 - Train Loss: 2.9604, Train Acc: 0.1000, Val Loss: 2.8695, Val Acc: 0.2800, LR: 0.000500, Time: 1.51s
2025-09-06 17:59:29,274 - vehicle_voice_recognition - INFO - 保存最佳模型到 models/individual_best_model.pth
2025-09-06 17:59:29,274 - vehicle_voice_recognition - INFO - 发现更好的 val_loss: 2.869475 (epoch 0)
2025-09-06 17:59:30,936 - vehicle_voice_recognition - INFO - Epoch 12/100 - Train Loss: 2.9419, Train Acc: 0.1133, Val Loss: 2.8398, Val Acc: 0.2600, LR: 0.000500, Time: 1.47s
2025-09-06 17:59:30,940 - vehicle_voice_recognition - INFO - 保存最佳模型到 models/individual_best_model.pth
2025-09-06 17:59:30,940 - vehicle_voice_recognition - INFO - 发现更好的 val_loss: 2.839841 (epoch 0)
2025-09-06 17:59:32,437 - vehicle_voice_recognition - INFO - Epoch 13/100 - Train Loss: 2.9158, Train Acc: 0.0800, Val Loss: 2.7894, Val Acc: 0.2200, LR: 0.000500, Time: 1.50s
2025-09-06 17:59:32,442 - vehicle_voice_recognition - INFO - 保存最佳模型到 models/individual_best_model.pth
2025-09-06 17:59:32,442 - vehicle_voice_recognition - INFO - 发现更好的 val_loss: 2.789446 (epoch 0)
2025-09-06 17:59:33,974 - vehicle_voice_recognition - INFO - Epoch 14/100 - Train Loss: 2.9003, Train Acc: 0.1333, Val Loss: 2.7507, Val Acc: 0.2400, LR: 0.000500, Time: 1.53s
2025-09-06 17:59:33,978 - vehicle_voice_recognition - INFO - 保存最佳模型到 models/individual_best_model.pth
2025-09-06 17:59:33,978 - vehicle_voice_recognition - INFO - 发现更好的 val_loss: 2.750698 (epoch 0)
2025-09-06 17:59:35,586 - vehicle_voice_recognition - INFO - Epoch 15/100 - Train Loss: 2.8592, Train Acc: 0.1267, Val Loss: 2.7030, Val Acc: 0.2400, LR: 0.000500, Time: 1.61s
2025-09-06 17:59:35,591 - vehicle_voice_recognition - INFO - 保存最佳模型到 models/individual_best_model.pth
2025-09-06 17:59:35,591 - vehicle_voice_recognition - INFO - 发现更好的 val_loss: 2.703036 (epoch 0)
2025-09-06 17:59:37,076 - vehicle_voice_recognition - INFO - Epoch 16/100 - Train Loss: 2.7887, Train Acc: 0.1133, Val Loss: 2.7136, Val Acc: 0.3600, LR: 0.000500, Time: 1.48s
2025-09-06 17:59:37,077 - vehicle_voice_recognition - INFO - val_loss 没有改善: 2.713614, 计数器: 1/25
2025-09-06 17:59:38,705 - vehicle_voice_recognition - INFO - Epoch 17/100 - Train Loss: 2.7982, Train Acc: 0.1733, Val Loss: 2.6580, Val Acc: 0.3400, LR: 0.000500, Time: 1.63s
2025-09-06 17:59:38,711 - vehicle_voice_recognition - INFO - 保存最佳模型到 models/individual_best_model.pth
2025-09-06 17:59:38,711 - vehicle_voice_recognition - INFO - 发现更好的 val_loss: 2.658026 (epoch 0)
2025-09-06 17:59:40,311 - vehicle_voice_recognition - INFO - Epoch 18/100 - Train Loss: 2.8301, Train Acc: 0.1267, Val Loss: 2.6068, Val Acc: 0.3200, LR: 0.000500, Time: 1.60s
2025-09-06 17:59:40,315 - vehicle_voice_recognition - INFO - 保存最佳模型到 models/individual_best_model.pth
2025-09-06 17:59:40,315 - vehicle_voice_recognition - INFO - 发现更好的 val_loss: 2.606761 (epoch 0)
