2025-09-06 16:52:17,850 - vehicle_voice_recognition - INFO - 🚀 开始生成个体识别数据集
2025-09-06 16:52:17,850 - vehicle_voice_recognition - INFO - 开始生成个体识别数据集到: C:\Users\33016\Downloads\vehicile_voice_recoginition-vehicle_voice_recognition\vehicile_voice_recoginition-vehicle_voice_recognition\vehicle_audio_data\individual_recognition
2025-09-06 16:52:17,850 - vehicle_voice_recognition - INFO - 生成 sedan 类型的个体音频...
2025-09-06 16:52:17,938 - vehicle_voice_recognition - INFO -   已完成个体 sedan_000
2025-09-06 16:52:18,300 - vehicle_voice_recognition - INFO -   已完成个体 sedan_005
2025-09-06 16:52:18,751 - vehicle_voice_recognition - INFO -   已完成个体 sedan_010
2025-09-06 16:52:19,138 - vehicle_voice_recognition - INFO -   已完成个体 sedan_015
2025-09-06 16:52:19,508 - vehicle_voice_recognition - INFO -   已完成个体 sedan_020
2025-09-06 16:52:19,822 - vehicle_voice_recognition - INFO - 生成 suv 类型的个体音频...
2025-09-06 16:52:19,905 - vehicle_voice_recognition - INFO -   已完成个体 suv_000
2025-09-06 16:52:20,312 - vehicle_voice_recognition - INFO -   已完成个体 suv_005
2025-09-06 16:52:20,719 - vehicle_voice_recognition - INFO -   已完成个体 suv_010
2025-09-06 16:52:21,138 - vehicle_voice_recognition - INFO -   已完成个体 suv_015
2025-09-06 16:52:21,570 - vehicle_voice_recognition - INFO -   已完成个体 suv_020
2025-09-06 16:52:21,891 - vehicle_voice_recognition - INFO - 生成 truck 类型的个体音频...
2025-09-06 16:52:21,985 - vehicle_voice_recognition - INFO -   已完成个体 truck_000
2025-09-06 16:52:22,422 - vehicle_voice_recognition - INFO -   已完成个体 truck_005
2025-09-06 16:52:22,862 - vehicle_voice_recognition - INFO -   已完成个体 truck_010
2025-09-06 16:52:23,305 - vehicle_voice_recognition - INFO -   已完成个体 truck_015
2025-09-06 16:52:23,732 - vehicle_voice_recognition - INFO -   已完成个体 truck_020
2025-09-06 16:52:24,151 - vehicle_voice_recognition - INFO - 生成 motorcycle 类型的个体音频...
2025-09-06 16:52:24,244 - vehicle_voice_recognition - INFO -   已完成个体 motorcycle_000
2025-09-06 16:52:24,702 - vehicle_voice_recognition - INFO -   已完成个体 motorcycle_005
2025-09-06 16:52:25,141 - vehicle_voice_recognition - INFO -   已完成个体 motorcycle_010
2025-09-06 16:52:25,584 - vehicle_voice_recognition - INFO -   已完成个体 motorcycle_015
2025-09-06 16:52:26,025 - vehicle_voice_recognition - INFO -   已完成个体 motorcycle_020
2025-09-06 16:52:26,392 - vehicle_voice_recognition - INFO - 生成 bus 类型的个体音频...
2025-09-06 16:52:26,477 - vehicle_voice_recognition - INFO -   已完成个体 bus_000
2025-09-06 16:52:26,903 - vehicle_voice_recognition - INFO -   已完成个体 bus_005
2025-09-06 16:52:27,318 - vehicle_voice_recognition - INFO -   已完成个体 bus_010
2025-09-06 16:52:27,731 - vehicle_voice_recognition - INFO -   已完成个体 bus_015
2025-09-06 16:52:28,147 - vehicle_voice_recognition - INFO -   已完成个体 bus_020
2025-09-06 16:52:28,485 - vehicle_voice_recognition - INFO - ✅ 个体识别数据集生成完成
2025-09-06 16:52:28,485 - vehicle_voice_recognition - INFO -    - 总个体数: 125
2025-09-06 16:52:28,487 - vehicle_voice_recognition - INFO -    - 总样本数: 1250
2025-09-06 16:52:28,487 - vehicle_voice_recognition - INFO -    - 注册表: C:\Users\33016\Downloads\vehicile_voice_recoginition-vehicle_voice_recognition\vehicile_voice_recoginition-vehicle_voice_recognition\vehicle_audio_data\individual_recognition\vehicle_registry.json
2025-09-06 16:52:28,487 - vehicle_voice_recognition - INFO -    - 标签映射: C:\Users\33016\Downloads\vehicile_voice_recoginition-vehicle_voice_recognition\vehicile_voice_recoginition-vehicle_voice_recognition\vehicle_audio_data\individual_recognition\individual_label_mapping.json
2025-09-06 16:52:28,487 - vehicle_voice_recognition - INFO - ✅ 个体识别数据集生成完成
2025-09-06 16:52:28,487 - vehicle_voice_recognition - INFO - 个体识别数据集生成成功！
