2025-09-06 16:39:39,108 - vehicle_voice_recognition - INFO - 🎯 车载语音个体识别系统 - 训练执行器
2025-09-06 16:39:39,112 - vehicle_voice_recognition - INFO - ✅ 发现 250 个个体化音频文件
2025-09-06 16:39:39,112 - vehicle_voice_recognition - INFO - 系统状态 - CPU: 51.2%, 内存: 58.4%, GPU: 0.0%
2025-09-06 16:39:39,160 - vehicle_voice_recognition - INFO - 机动车个体声纹识别系统 - 训练模块
2025-09-06 16:39:39,160 - vehicle_voice_recognition - INFO - 使用设备: cpu
2025-09-06 16:39:39,160 - vehicle_voice_recognition - INFO - 个体化数据目录: vehicle_audio_data/individual_vehicles
2025-09-06 16:39:39,160 - vehicle_voice_recognition - INFO - 早停配置: patience=25, min_delta=0.001
2025-09-06 16:39:39,160 - vehicle_voice_recognition - INFO - 音频数据增强器初始化完成，启用状态: True
2025-09-06 16:39:39,160 - vehicle_voice_recognition - INFO - 音频预处理器初始化：sr=16000, n_fft=2048, n_mels=128
2025-09-06 16:39:39,160 - vehicle_voice_recognition - INFO - 特征提取类型: ['mel']
2025-09-06 16:39:39,160 - vehicle_voice_recognition - INFO - 数据增强: 启用
2025-09-06 16:39:39,160 - vehicle_voice_recognition - INFO - 正在创建个体识别数据加载器...
2025-09-06 16:39:39,172 - vehicle_voice_recognition - ERROR - 个体识别训练执行失败: 未找到有效的音频文件
2025-09-06 16:39:39,174 - vehicle_voice_recognition - ERROR - 详细错误: Traceback (most recent call last):
  File "C:\Users\33016\Downloads\vehicile_voice_recoginition-vehicle_voice_recognition\vehicile_voice_recoginition-vehicle_voice_recognition\training\individual_monitor.py", line 215, in execute_individual_training
    train_loader, val_loader, test_loader, label_mapping = create_individual_data_loaders(
                                                           ^^^^^^^^^^^^^^^^^^^^^^^^^^^^^^^
  File "C:\Users\33016\Downloads\vehicile_voice_recoginition-vehicle_voice_recognition\vehicile_voice_recoginition-vehicle_voice_recognition\data\individual_loader.py", line 204, in create_individual_data_loaders
    full_dataset = IndividualVehicleDataset(data_dir, preprocessor, enable_cache=enable_cache)
                   ^^^^^^^^^^^^^^^^^^^^^^^^^^^^^^^^^^^^^^^^^^^^^^^^^^^^^^^^^^^^^^^^^^^^^^^^^^^
  File "C:\Users\33016\Downloads\vehicile_voice_recoginition-vehicle_voice_recognition\vehicile_voice_recoginition-vehicle_voice_recognition\data\individual_loader.py", line 45, in __init__
    self._prepare_individual_data()
  File "C:\Users\33016\Downloads\vehicile_voice_recoginition-vehicle_voice_recognition\vehicile_voice_recoginition-vehicle_voice_recognition\data\individual_loader.py", line 123, in _prepare_individual_data
    raise ValueError("未找到有效的音频文件")
ValueError: 未找到有效的音频文件

2025-09-06 16:39:39,175 - vehicle_voice_recognition - INFO - 系统状态 - CPU: 60.0%, 内存: 58.3%, GPU: 0.0%
2025-09-06 16:39:39,847 - vehicle_voice_recognition - INFO - 监控报告已保存: logs\individual_training_monitor_report.png
2025-09-06 16:39:39,847 - vehicle_voice_recognition - ERROR - 💥 个体识别训练流程失败!
