2025-09-06 18:13:03,897 - vehicle_voice_recognition - INFO - 🔍 正在验证系统配置...
2025-09-06 18:13:03,897 - vehicle_voice_recognition - INFO - ✅ 配置验证通过
2025-09-06 18:13:05,217 - vehicle_voice_recognition - INFO - 开始批量推理: vehicle_audio_data/individual_recognition/individual_vehicles
2025-09-06 18:13:05,221 - vehicle_voice_recognition - INFO - 找到 10 个音频文件
2025-09-06 18:13:05,221 - vehicle_voice_recognition - INFO - Using device: cpu
2025-09-06 18:13:05,222 - vehicle_voice_recognition - INFO - Loaded label mapping with 25 classes
2025-09-06 18:13:05,222 - vehicle_voice_recognition - INFO - 音频预处理器初始化：sr=16000, n_fft=2048, n_mels=128
2025-09-06 18:13:05,222 - vehicle_voice_recognition - INFO - 特征提取类型: ['mel']
2025-09-06 18:13:05,222 - vehicle_voice_recognition - INFO - 数据增强: 禁用
2025-09-06 18:13:05,222 - vehicle_voice_recognition - INFO - Initialized audio preprocessor with config parameters
2025-09-06 18:13:05,235 - vehicle_voice_recognition - INFO - 加载完整检查点文件
2025-09-06 18:13:05,235 - vehicle_voice_recognition - INFO - Loaded model from models/individual_best_model.pth
2025-09-06 18:13:05,236 - vehicle_voice_recognition - INFO - ✅ 个体识别推理引擎初始化完成
2025-09-06 18:13:05,236 - vehicle_voice_recognition - INFO - 模型路径: models/individual_best_model.pth
2025-09-06 18:13:05,236 - vehicle_voice_recognition - INFO - 支持的个体车辆数量: 25
2025-09-06 18:13:05,236 - vehicle_voice_recognition - INFO - 个体车辆列表: ['sedan_000', 'sedan_001', 'sedan_002', 'sedan_003', 'sedan_004', 'suv_000', 'suv_001', 'suv_002', 'suv_003', 'suv_004', 'truck_000', 'truck_001', 'truck_002', 'truck_003', 'truck_004', 'motorcycle_000', 'motorcycle_001', 'motorcycle_002', 'motorcycle_003', 'motorcycle_004', 'bus_000', 'bus_001', 'bus_002', 'bus_003', 'bus_004']
2025-09-06 18:13:05,236 - vehicle_voice_recognition - INFO - 个体识别推理引擎初始化完成
2025-09-06 18:13:05,236 - vehicle_voice_recognition - INFO - 处理文件 1/10: bus_000_sample_000.wav
2025-09-06 18:13:05,236 - vehicle_voice_recognition - INFO - 正在分析音频进行个体识别: vehicle_audio_data/individual_recognition/individual_vehicles\bus_000\bus_000_sample_000.wav
2025-09-06 18:13:07,003 - vehicle_voice_recognition - INFO - 预测结果: sedan_001, 置信度: 0.0993 (vehicle_audio_data/individual_recognition/individual_vehicles\bus_000\bus_000_sample_000.wav)
2025-09-06 18:13:07,003 - vehicle_voice_recognition - INFO - 🎯 个体识别结果:
2025-09-06 18:13:07,003 - vehicle_voice_recognition - INFO -    个体车辆: bus_000_sample_00
2025-09-06 18:13:07,003 - vehicle_voice_recognition - INFO -    车辆类型: bus_000_sample
2025-09-06 18:13:07,003 - vehicle_voice_recognition - INFO -    个体编号: 00
2025-09-06 18:13:07,003 - vehicle_voice_recognition - INFO -    置信度: 0.0993
2025-09-06 18:13:07,003 - vehicle_voice_recognition - INFO -    推理时间: 1.765秒
2025-09-06 18:13:07,003 - vehicle_voice_recognition - INFO - 预测结果: bus_000_sample_00, 置信度: 0.0993
2025-09-06 18:13:07,003 - vehicle_voice_recognition - INFO - 处理文件 2/10: bus_000_sample_001.wav
2025-09-06 18:13:07,003 - vehicle_voice_recognition - INFO - 正在分析音频进行个体识别: vehicle_audio_data/individual_recognition/individual_vehicles\bus_000\bus_000_sample_001.wav
2025-09-06 18:13:07,011 - vehicle_voice_recognition - INFO - 预测结果: sedan_000, 置信度: 0.0875 (vehicle_audio_data/individual_recognition/individual_vehicles\bus_000\bus_000_sample_001.wav)
2025-09-06 18:13:07,011 - vehicle_voice_recognition - INFO - 🎯 个体识别结果:
2025-09-06 18:13:07,011 - vehicle_voice_recognition - INFO -    个体车辆: bus_000_sample_01
2025-09-06 18:13:07,011 - vehicle_voice_recognition - INFO -    车辆类型: bus_000_sample
2025-09-06 18:13:07,011 - vehicle_voice_recognition - INFO -    个体编号: 01
2025-09-06 18:13:07,011 - vehicle_voice_recognition - INFO -    置信度: 0.0875
2025-09-06 18:13:07,011 - vehicle_voice_recognition - INFO -    推理时间: 0.008秒
2025-09-06 18:13:07,011 - vehicle_voice_recognition - INFO - 预测结果: bus_000_sample_01, 置信度: 0.0875
2025-09-06 18:13:07,011 - vehicle_voice_recognition - INFO - 处理文件 3/10: bus_000_sample_002.wav
2025-09-06 18:13:07,011 - vehicle_voice_recognition - INFO - 正在分析音频进行个体识别: vehicle_audio_data/individual_recognition/individual_vehicles\bus_000\bus_000_sample_002.wav
2025-09-06 18:13:07,021 - vehicle_voice_recognition - INFO - 预测结果: sedan_000, 置信度: 0.0866 (vehicle_audio_data/individual_recognition/individual_vehicles\bus_000\bus_000_sample_002.wav)
2025-09-06 18:13:07,021 - vehicle_voice_recognition - INFO - 🎯 个体识别结果:
2025-09-06 18:13:07,021 - vehicle_voice_recognition - INFO -    个体车辆: bus_000_sample_02
2025-09-06 18:13:07,021 - vehicle_voice_recognition - INFO -    车辆类型: bus_000_sample
2025-09-06 18:13:07,021 - vehicle_voice_recognition - INFO -    个体编号: 02
2025-09-06 18:13:07,021 - vehicle_voice_recognition - INFO -    置信度: 0.0866
2025-09-06 18:13:07,021 - vehicle_voice_recognition - INFO -    推理时间: 0.011秒
2025-09-06 18:13:07,021 - vehicle_voice_recognition - INFO - 预测结果: bus_000_sample_02, 置信度: 0.0866
2025-09-06 18:13:07,023 - vehicle_voice_recognition - INFO - 处理文件 4/10: bus_000_sample_003.wav
2025-09-06 18:13:07,023 - vehicle_voice_recognition - INFO - 正在分析音频进行个体识别: vehicle_audio_data/individual_recognition/individual_vehicles\bus_000\bus_000_sample_003.wav
2025-09-06 18:13:07,029 - vehicle_voice_recognition - INFO - 预测结果: bus_002, 置信度: 0.1072 (vehicle_audio_data/individual_recognition/individual_vehicles\bus_000\bus_000_sample_003.wav)
2025-09-06 18:13:07,029 - vehicle_voice_recognition - INFO - 🎯 个体识别结果:
2025-09-06 18:13:07,029 - vehicle_voice_recognition - INFO -    个体车辆: bus_000_sample_03
2025-09-06 18:13:07,029 - vehicle_voice_recognition - INFO -    车辆类型: bus_000_sample
2025-09-06 18:13:07,029 - vehicle_voice_recognition - INFO -    个体编号: 03
2025-09-06 18:13:07,030 - vehicle_voice_recognition - INFO -    置信度: 0.1072
2025-09-06 18:13:07,030 - vehicle_voice_recognition - INFO -    推理时间: 0.007秒
2025-09-06 18:13:07,030 - vehicle_voice_recognition - INFO - 预测结果: bus_000_sample_03, 置信度: 0.1072
2025-09-06 18:13:07,030 - vehicle_voice_recognition - INFO - 处理文件 5/10: bus_000_sample_004.wav
2025-09-06 18:13:07,030 - vehicle_voice_recognition - INFO - 正在分析音频进行个体识别: vehicle_audio_data/individual_recognition/individual_vehicles\bus_000\bus_000_sample_004.wav
2025-09-06 18:13:07,041 - vehicle_voice_recognition - INFO - 预测结果: bus_002, 置信度: 0.1279 (vehicle_audio_data/individual_recognition/individual_vehicles\bus_000\bus_000_sample_004.wav)
2025-09-06 18:13:07,041 - vehicle_voice_recognition - INFO - 🎯 个体识别结果:
2025-09-06 18:13:07,041 - vehicle_voice_recognition - INFO -    个体车辆: bus_000_sample_04
2025-09-06 18:13:07,041 - vehicle_voice_recognition - INFO -    车辆类型: bus_000_sample
2025-09-06 18:13:07,041 - vehicle_voice_recognition - INFO -    个体编号: 04
2025-09-06 18:13:07,041 - vehicle_voice_recognition - INFO -    置信度: 0.1279
2025-09-06 18:13:07,041 - vehicle_voice_recognition - INFO -    推理时间: 0.011秒
2025-09-06 18:13:07,041 - vehicle_voice_recognition - INFO - 预测结果: bus_000_sample_04, 置信度: 0.1279
2025-09-06 18:13:07,041 - vehicle_voice_recognition - INFO - 处理文件 6/10: bus_000_sample_005.wav
2025-09-06 18:13:07,043 - vehicle_voice_recognition - INFO - 正在分析音频进行个体识别: vehicle_audio_data/individual_recognition/individual_vehicles\bus_000\bus_000_sample_005.wav
2025-09-06 18:13:07,051 - vehicle_voice_recognition - INFO - 预测结果: bus_002, 置信度: 0.1271 (vehicle_audio_data/individual_recognition/individual_vehicles\bus_000\bus_000_sample_005.wav)
2025-09-06 18:13:07,051 - vehicle_voice_recognition - INFO - 🎯 个体识别结果:
2025-09-06 18:13:07,051 - vehicle_voice_recognition - INFO -    个体车辆: bus_000_sample_05
2025-09-06 18:13:07,053 - vehicle_voice_recognition - INFO -    车辆类型: bus_000_sample
2025-09-06 18:13:07,053 - vehicle_voice_recognition - INFO -    个体编号: 05
2025-09-06 18:13:07,053 - vehicle_voice_recognition - INFO -    置信度: 0.1271
2025-09-06 18:13:07,053 - vehicle_voice_recognition - INFO -    推理时间: 0.008秒
2025-09-06 18:13:07,053 - vehicle_voice_recognition - INFO - 预测结果: bus_000_sample_05, 置信度: 0.1271
2025-09-06 18:13:07,053 - vehicle_voice_recognition - INFO - 处理文件 7/10: bus_000_sample_006.wav
2025-09-06 18:13:07,053 - vehicle_voice_recognition - INFO - 正在分析音频进行个体识别: vehicle_audio_data/individual_recognition/individual_vehicles\bus_000\bus_000_sample_006.wav
2025-09-06 18:13:07,062 - vehicle_voice_recognition - INFO - 预测结果: sedan_001, 置信度: 0.1039 (vehicle_audio_data/individual_recognition/individual_vehicles\bus_000\bus_000_sample_006.wav)
2025-09-06 18:13:07,063 - vehicle_voice_recognition - INFO - 🎯 个体识别结果:
2025-09-06 18:13:07,063 - vehicle_voice_recognition - INFO -    个体车辆: bus_000_sample_06
2025-09-06 18:13:07,063 - vehicle_voice_recognition - INFO -    车辆类型: bus_000_sample
2025-09-06 18:13:07,063 - vehicle_voice_recognition - INFO -    个体编号: 06
2025-09-06 18:13:07,063 - vehicle_voice_recognition - INFO -    置信度: 0.1039
2025-09-06 18:13:07,063 - vehicle_voice_recognition - INFO -    推理时间: 0.009秒
2025-09-06 18:13:07,063 - vehicle_voice_recognition - INFO - 预测结果: bus_000_sample_06, 置信度: 0.1039
2025-09-06 18:13:07,063 - vehicle_voice_recognition - INFO - 处理文件 8/10: bus_000_sample_007.wav
2025-09-06 18:13:07,064 - vehicle_voice_recognition - INFO - 正在分析音频进行个体识别: vehicle_audio_data/individual_recognition/individual_vehicles\bus_000\bus_000_sample_007.wav
2025-09-06 18:13:07,072 - vehicle_voice_recognition - INFO - 预测结果: sedan_000, 置信度: 0.0866 (vehicle_audio_data/individual_recognition/individual_vehicles\bus_000\bus_000_sample_007.wav)
2025-09-06 18:13:07,073 - vehicle_voice_recognition - INFO - 🎯 个体识别结果:
2025-09-06 18:13:07,073 - vehicle_voice_recognition - INFO -    个体车辆: bus_000_sample_07
2025-09-06 18:13:07,073 - vehicle_voice_recognition - INFO -    车辆类型: bus_000_sample
2025-09-06 18:13:07,073 - vehicle_voice_recognition - INFO -    个体编号: 07
2025-09-06 18:13:07,073 - vehicle_voice_recognition - INFO -    置信度: 0.0866
2025-09-06 18:13:07,073 - vehicle_voice_recognition - INFO -    推理时间: 0.008秒
2025-09-06 18:13:07,073 - vehicle_voice_recognition - INFO - 预测结果: bus_000_sample_07, 置信度: 0.0866
2025-09-06 18:13:07,074 - vehicle_voice_recognition - INFO - 处理文件 9/10: bus_000_sample_008.wav
2025-09-06 18:13:07,074 - vehicle_voice_recognition - INFO - 正在分析音频进行个体识别: vehicle_audio_data/individual_recognition/individual_vehicles\bus_000\bus_000_sample_008.wav
2025-09-06 18:13:07,081 - vehicle_voice_recognition - INFO - 预测结果: sedan_000, 置信度: 0.0874 (vehicle_audio_data/individual_recognition/individual_vehicles\bus_000\bus_000_sample_008.wav)
2025-09-06 18:13:07,082 - vehicle_voice_recognition - INFO - 🎯 个体识别结果:
2025-09-06 18:13:07,082 - vehicle_voice_recognition - INFO -    个体车辆: bus_000_sample_08
2025-09-06 18:13:07,082 - vehicle_voice_recognition - INFO -    车辆类型: bus_000_sample
2025-09-06 18:13:07,082 - vehicle_voice_recognition - INFO -    个体编号: 08
2025-09-06 18:13:07,082 - vehicle_voice_recognition - INFO -    置信度: 0.0874
2025-09-06 18:13:07,082 - vehicle_voice_recognition - INFO -    推理时间: 0.008秒
2025-09-06 18:13:07,082 - vehicle_voice_recognition - INFO - 预测结果: bus_000_sample_08, 置信度: 0.0874
2025-09-06 18:13:07,082 - vehicle_voice_recognition - INFO - 处理文件 10/10: bus_000_sample_009.wav
2025-09-06 18:13:07,083 - vehicle_voice_recognition - INFO - 正在分析音频进行个体识别: vehicle_audio_data/individual_recognition/individual_vehicles\bus_000\bus_000_sample_009.wav
2025-09-06 18:13:07,089 - vehicle_voice_recognition - INFO - 预测结果: sedan_001, 置信度: 0.0947 (vehicle_audio_data/individual_recognition/individual_vehicles\bus_000\bus_000_sample_009.wav)
2025-09-06 18:13:07,089 - vehicle_voice_recognition - INFO - 🎯 个体识别结果:
2025-09-06 18:13:07,089 - vehicle_voice_recognition - INFO -    个体车辆: bus_000_sample_09
2025-09-06 18:13:07,089 - vehicle_voice_recognition - INFO -    车辆类型: bus_000_sample
2025-09-06 18:13:07,089 - vehicle_voice_recognition - INFO -    个体编号: 09
2025-09-06 18:13:07,090 - vehicle_voice_recognition - INFO -    置信度: 0.0947
2025-09-06 18:13:07,090 - vehicle_voice_recognition - INFO -    推理时间: 0.006秒
2025-09-06 18:13:07,090 - vehicle_voice_recognition - INFO - 预测结果: bus_000_sample_09, 置信度: 0.0947
2025-09-06 18:13:07,091 - vehicle_voice_recognition - INFO - 批量推理完成，结果保存到: results/demo_batch_test\batch_inference_results.json
2025-09-06 18:13:07,091 - vehicle_voice_recognition - INFO - 统计信息: {'total_files': 10, 'successful_predictions': 10, 'failed_predictions': 0, 'total_time': 1.850041389465332, 'average_time_per_file': 0.1850041389465332, 'processing_rate': 5.405284474684122}
2025-09-06 18:13:07,091 - vehicle_voice_recognition - INFO - 批量推理成功完成
