2025-09-06 17:42:15,630 - vehicle_voice_recognition - INFO - 🎯 车载语音个体识别系统 - 训练执行器
2025-09-06 17:42:15,634 - vehicle_voice_recognition - INFO - ✅ 发现 250 个个体化音频文件
2025-09-06 17:42:15,635 - vehicle_voice_recognition - INFO - 系统状态 - CPU: 54.3%, 内存: 52.1%, GPU: 0.0%
2025-09-06 17:42:17,032 - vehicle_voice_recognition - INFO - 机动车个体声纹识别系统 - 训练模块
2025-09-06 17:42:17,032 - vehicle_voice_recognition - INFO - 使用设备: cpu
2025-09-06 17:42:17,032 - vehicle_voice_recognition - INFO - 个体化数据目录: vehicle_audio_data/individual_recognition/individual_vehicles
2025-09-06 17:42:17,032 - vehicle_voice_recognition - INFO - 早停配置: patience=25, min_delta=0.001
2025-09-06 17:42:17,032 - vehicle_voice_recognition - INFO - 音频数据增强器初始化完成，启用状态: True
2025-09-06 17:42:17,032 - vehicle_voice_recognition - INFO - 音频预处理器初始化：sr=16000, n_fft=2048, n_mels=128
2025-09-06 17:42:17,032 - vehicle_voice_recognition - INFO - 特征提取类型: ['mel']
2025-09-06 17:42:17,032 - vehicle_voice_recognition - INFO - 数据增强: 启用
2025-09-06 17:42:17,032 - vehicle_voice_recognition - INFO - 正在创建个体识别数据加载器...
2025-09-06 17:42:17,169 - vehicle_voice_recognition - INFO - 训练集: 150 样本
2025-09-06 17:42:17,169 - vehicle_voice_recognition - INFO - 验证集: 50 样本
2025-09-06 17:42:17,169 - vehicle_voice_recognition - INFO - 测试集: 50 样本
2025-09-06 17:42:17,169 - vehicle_voice_recognition - INFO - 个体数量: 25
2025-09-06 17:42:17,169 - vehicle_voice_recognition - INFO - 个体映射: {'bus_000': 0, 'bus_001': 1, 'bus_002': 2, 'bus_003': 3, 'bus_004': 4, 'motorcycle_000': 5, 'motorcycle_001': 6, 'motorcycle_002': 7, 'motorcycle_003': 8, 'motorcycle_004': 9, 'sedan_000': 10, 'sedan_001': 11, 'sedan_002': 12, 'sedan_003': 13, 'sedan_004': 14, 'suv_000': 15, 'suv_001': 16, 'suv_002': 17, 'suv_003': 18, 'suv_004': 19, 'truck_000': 20, 'truck_001': 21, 'truck_002': 22, 'truck_003': 23, 'truck_004': 24}
2025-09-06 17:42:17,169 - vehicle_voice_recognition - INFO - 模型参数量: 29,305
2025-09-06 17:42:18,819 - vehicle_voice_recognition - INFO - 开始个体识别训练...
2025-09-06 17:42:18,819 - vehicle_voice_recognition - INFO - 模型训练器初始化完成，设备: cpu
2025-09-06 17:42:18,819 - vehicle_voice_recognition - INFO - 早停机制初始化: patience=25, min_delta=0.001, monitor=val_loss, mode=min
2025-09-06 17:42:18,822 - vehicle_voice_recognition - INFO - 梯度裁剪器初始化: max_norm=0.5, norm_type=2.0
2025-09-06 17:42:18,822 - vehicle_voice_recognition - INFO - 开始训练，共 100 个epoch
2025-09-06 17:42:25,115 - vehicle_voice_recognition - INFO - Epoch 1/100 - Train Loss: 3.2448, Train Acc: 0.0533, Val Loss: 3.2116, Val Acc: 0.0400, LR: 0.000500, Time: 6.29s
2025-09-06 17:42:25,125 - vehicle_voice_recognition - INFO - 保存最佳模型到 models/individual_best_model.pth
2025-09-06 17:42:25,125 - vehicle_voice_recognition - INFO - 发现更好的 val_loss: 3.211600 (epoch 0)
2025-09-06 17:42:27,092 - vehicle_voice_recognition - INFO - Epoch 2/100 - Train Loss: 3.2095, Train Acc: 0.0467, Val Loss: 3.1825, Val Acc: 0.1000, LR: 0.000500, Time: 1.70s
2025-09-06 17:42:27,094 - vehicle_voice_recognition - INFO - 保存最佳模型到 models/individual_best_model.pth
2025-09-06 17:42:27,094 - vehicle_voice_recognition - INFO - 发现更好的 val_loss: 3.182489 (epoch 0)
2025-09-06 17:42:28,650 - vehicle_voice_recognition - INFO - Epoch 3/100 - Train Loss: 3.1878, Train Acc: 0.0733, Val Loss: 3.1533, Val Acc: 0.1200, LR: 0.000500, Time: 1.55s
2025-09-06 17:42:28,653 - vehicle_voice_recognition - INFO - 保存最佳模型到 models/individual_best_model.pth
2025-09-06 17:42:28,653 - vehicle_voice_recognition - INFO - 发现更好的 val_loss: 3.153344 (epoch 0)
2025-09-06 17:42:30,190 - vehicle_voice_recognition - INFO - Epoch 4/100 - Train Loss: 3.1731, Train Acc: 0.0333, Val Loss: 3.1285, Val Acc: 0.1600, LR: 0.000500, Time: 1.54s
2025-09-06 17:42:30,194 - vehicle_voice_recognition - INFO - 保存最佳模型到 models/individual_best_model.pth
2025-09-06 17:42:30,194 - vehicle_voice_recognition - INFO - 发现更好的 val_loss: 3.128476 (epoch 0)
2025-09-06 17:42:31,746 - vehicle_voice_recognition - INFO - Epoch 5/100 - Train Loss: 3.1570, Train Acc: 0.0400, Val Loss: 3.1034, Val Acc: 0.2000, LR: 0.000500, Time: 1.55s
2025-09-06 17:42:31,750 - vehicle_voice_recognition - INFO - 保存最佳模型到 models/individual_best_model.pth
2025-09-06 17:42:31,750 - vehicle_voice_recognition - INFO - 发现更好的 val_loss: 3.103407 (epoch 0)
2025-09-06 17:42:33,355 - vehicle_voice_recognition - INFO - Epoch 6/100 - Train Loss: 3.1183, Train Acc: 0.0733, Val Loss: 3.0628, Val Acc: 0.1200, LR: 0.000500, Time: 1.61s
2025-09-06 17:42:33,359 - vehicle_voice_recognition - INFO - 保存最佳模型到 models/individual_best_model.pth
2025-09-06 17:42:33,359 - vehicle_voice_recognition - INFO - 发现更好的 val_loss: 3.062799 (epoch 0)
2025-09-06 17:42:35,000 - vehicle_voice_recognition - INFO - Epoch 7/100 - Train Loss: 3.1024, Train Acc: 0.0600, Val Loss: 3.0185, Val Acc: 0.2200, LR: 0.000500, Time: 1.64s
2025-09-06 17:42:35,005 - vehicle_voice_recognition - INFO - 保存最佳模型到 models/individual_best_model.pth
2025-09-06 17:42:35,005 - vehicle_voice_recognition - INFO - 发现更好的 val_loss: 3.018475 (epoch 0)
2025-09-06 17:42:36,719 - vehicle_voice_recognition - INFO - Epoch 8/100 - Train Loss: 3.0814, Train Acc: 0.0800, Val Loss: 2.9736, Val Acc: 0.1800, LR: 0.000500, Time: 1.71s
2025-09-06 17:42:36,722 - vehicle_voice_recognition - INFO - 保存最佳模型到 models/individual_best_model.pth
2025-09-06 17:42:36,722 - vehicle_voice_recognition - INFO - 发现更好的 val_loss: 2.973641 (epoch 0)
2025-09-06 17:42:38,739 - vehicle_voice_recognition - INFO - Epoch 9/100 - Train Loss: 3.0354, Train Acc: 0.0733, Val Loss: 2.9427, Val Acc: 0.1600, LR: 0.000500, Time: 2.02s
2025-09-06 17:42:38,746 - vehicle_voice_recognition - INFO - 保存最佳模型到 models/individual_best_model.pth
2025-09-06 17:42:38,746 - vehicle_voice_recognition - INFO - 发现更好的 val_loss: 2.942719 (epoch 0)
2025-09-06 17:42:40,986 - vehicle_voice_recognition - INFO - Epoch 10/100 - Train Loss: 2.9950, Train Acc: 0.0867, Val Loss: 2.9118, Val Acc: 0.3000, LR: 0.000500, Time: 2.24s
2025-09-06 17:42:40,993 - vehicle_voice_recognition - INFO - 保存最佳模型到 models/individual_best_model.pth
2025-09-06 17:42:40,994 - vehicle_voice_recognition - INFO - 发现更好的 val_loss: 2.911846 (epoch 0)
2025-09-06 17:42:43,180 - vehicle_voice_recognition - INFO - Epoch 11/100 - Train Loss: 2.9604, Train Acc: 0.1000, Val Loss: 2.8695, Val Acc: 0.2800, LR: 0.000500, Time: 2.19s
2025-09-06 17:42:43,185 - vehicle_voice_recognition - INFO - 保存最佳模型到 models/individual_best_model.pth
2025-09-06 17:42:43,185 - vehicle_voice_recognition - INFO - 发现更好的 val_loss: 2.869475 (epoch 0)
2025-09-06 17:42:44,922 - vehicle_voice_recognition - INFO - Epoch 12/100 - Train Loss: 2.9419, Train Acc: 0.1133, Val Loss: 2.8398, Val Acc: 0.2600, LR: 0.000500, Time: 1.55s
2025-09-06 17:42:44,928 - vehicle_voice_recognition - INFO - 保存最佳模型到 models/individual_best_model.pth
2025-09-06 17:42:44,929 - vehicle_voice_recognition - INFO - 发现更好的 val_loss: 2.839841 (epoch 0)
2025-09-06 17:42:46,505 - vehicle_voice_recognition - INFO - Epoch 13/100 - Train Loss: 2.9158, Train Acc: 0.0800, Val Loss: 2.7894, Val Acc: 0.2200, LR: 0.000500, Time: 1.58s
2025-09-06 17:42:46,509 - vehicle_voice_recognition - INFO - 保存最佳模型到 models/individual_best_model.pth
2025-09-06 17:42:46,509 - vehicle_voice_recognition - INFO - 发现更好的 val_loss: 2.789446 (epoch 0)
2025-09-06 17:42:48,062 - vehicle_voice_recognition - INFO - Epoch 14/100 - Train Loss: 2.9003, Train Acc: 0.1333, Val Loss: 2.7507, Val Acc: 0.2400, LR: 0.000500, Time: 1.55s
2025-09-06 17:42:48,069 - vehicle_voice_recognition - INFO - 保存最佳模型到 models/individual_best_model.pth
2025-09-06 17:42:48,069 - vehicle_voice_recognition - INFO - 发现更好的 val_loss: 2.750698 (epoch 0)
2025-09-06 17:42:49,594 - vehicle_voice_recognition - INFO - Epoch 15/100 - Train Loss: 2.8592, Train Acc: 0.1267, Val Loss: 2.7030, Val Acc: 0.2400, LR: 0.000500, Time: 1.53s
2025-09-06 17:42:49,599 - vehicle_voice_recognition - INFO - 保存最佳模型到 models/individual_best_model.pth
2025-09-06 17:42:49,599 - vehicle_voice_recognition - INFO - 发现更好的 val_loss: 2.703036 (epoch 0)
2025-09-06 17:42:51,139 - vehicle_voice_recognition - INFO - Epoch 16/100 - Train Loss: 2.7887, Train Acc: 0.1133, Val Loss: 2.7136, Val Acc: 0.3600, LR: 0.000500, Time: 1.54s
2025-09-06 17:42:51,139 - vehicle_voice_recognition - INFO - val_loss 没有改善: 2.713614, 计数器: 1/25
2025-09-06 17:42:52,695 - vehicle_voice_recognition - INFO - Epoch 17/100 - Train Loss: 2.7982, Train Acc: 0.1733, Val Loss: 2.6580, Val Acc: 0.3400, LR: 0.000500, Time: 1.56s
2025-09-06 17:42:52,702 - vehicle_voice_recognition - INFO - 保存最佳模型到 models/individual_best_model.pth
2025-09-06 17:42:52,702 - vehicle_voice_recognition - INFO - 发现更好的 val_loss: 2.658026 (epoch 0)
2025-09-06 17:42:54,287 - vehicle_voice_recognition - INFO - Epoch 18/100 - Train Loss: 2.8301, Train Acc: 0.1267, Val Loss: 2.6068, Val Acc: 0.3200, LR: 0.000500, Time: 1.59s
2025-09-06 17:42:54,291 - vehicle_voice_recognition - INFO - 保存最佳模型到 models/individual_best_model.pth
2025-09-06 17:42:54,292 - vehicle_voice_recognition - INFO - 发现更好的 val_loss: 2.606761 (epoch 0)
2025-09-06 17:42:55,902 - vehicle_voice_recognition - INFO - Epoch 19/100 - Train Loss: 2.7390, Train Acc: 0.1800, Val Loss: 2.5704, Val Acc: 0.3200, LR: 0.000500, Time: 1.61s
2025-09-06 17:42:55,905 - vehicle_voice_recognition - INFO - 保存最佳模型到 models/individual_best_model.pth
2025-09-06 17:42:55,905 - vehicle_voice_recognition - INFO - 发现更好的 val_loss: 2.570401 (epoch 0)
2025-09-06 17:42:57,446 - vehicle_voice_recognition - INFO - Epoch 20/100 - Train Loss: 2.7175, Train Acc: 0.1733, Val Loss: 2.5518, Val Acc: 0.3200, LR: 0.000500, Time: 1.54s
2025-09-06 17:42:57,450 - vehicle_voice_recognition - INFO - 保存最佳模型到 models/individual_best_model.pth
2025-09-06 17:42:57,450 - vehicle_voice_recognition - INFO - 发现更好的 val_loss: 2.551828 (epoch 0)
2025-09-06 17:42:59,000 - vehicle_voice_recognition - INFO - Epoch 21/100 - Train Loss: 2.7052, Train Acc: 0.1800, Val Loss: 2.5229, Val Acc: 0.3000, LR: 0.000500, Time: 1.55s
2025-09-06 17:42:59,004 - vehicle_voice_recognition - INFO - 保存最佳模型到 models/individual_best_model.pth
2025-09-06 17:42:59,004 - vehicle_voice_recognition - INFO - 发现更好的 val_loss: 2.522856 (epoch 0)
2025-09-06 17:43:00,761 - vehicle_voice_recognition - INFO - Epoch 22/100 - Train Loss: 2.6768, Train Acc: 0.1400, Val Loss: 2.5271, Val Acc: 0.3400, LR: 0.000500, Time: 1.56s
2025-09-06 17:43:00,761 - vehicle_voice_recognition - INFO - val_loss 没有改善: 2.527118, 计数器: 1/25
2025-09-06 17:43:02,294 - vehicle_voice_recognition - INFO - Epoch 23/100 - Train Loss: 2.6492, Train Acc: 0.2133, Val Loss: 2.4652, Val Acc: 0.3800, LR: 0.000500, Time: 1.53s
2025-09-06 17:43:02,301 - vehicle_voice_recognition - INFO - 保存最佳模型到 models/individual_best_model.pth
2025-09-06 17:43:02,301 - vehicle_voice_recognition - INFO - 发现更好的 val_loss: 2.465160 (epoch 0)
2025-09-06 17:43:03,901 - vehicle_voice_recognition - INFO - Epoch 24/100 - Train Loss: 2.5973, Train Acc: 0.2267, Val Loss: 2.4294, Val Acc: 0.3200, LR: 0.000500, Time: 1.60s
2025-09-06 17:43:03,903 - vehicle_voice_recognition - INFO - 保存最佳模型到 models/individual_best_model.pth
2025-09-06 17:43:03,903 - vehicle_voice_recognition - INFO - 发现更好的 val_loss: 2.429405 (epoch 0)
2025-09-06 17:43:05,483 - vehicle_voice_recognition - INFO - Epoch 25/100 - Train Loss: 2.6215, Train Acc: 0.1867, Val Loss: 2.3876, Val Acc: 0.3200, LR: 0.000500, Time: 1.58s
2025-09-06 17:43:05,489 - vehicle_voice_recognition - INFO - 保存最佳模型到 models/individual_best_model.pth
2025-09-06 17:43:05,490 - vehicle_voice_recognition - INFO - 发现更好的 val_loss: 2.387556 (epoch 0)
2025-09-06 17:43:07,043 - vehicle_voice_recognition - INFO - Epoch 26/100 - Train Loss: 2.5870, Train Acc: 0.2067, Val Loss: 2.3583, Val Acc: 0.2800, LR: 0.000500, Time: 1.55s
2025-09-06 17:43:07,044 - vehicle_voice_recognition - INFO - 保存最佳模型到 models/individual_best_model.pth
2025-09-06 17:43:07,044 - vehicle_voice_recognition - INFO - 发现更好的 val_loss: 2.358330 (epoch 0)
2025-09-06 17:43:08,592 - vehicle_voice_recognition - INFO - Epoch 27/100 - Train Loss: 2.5018, Train Acc: 0.1933, Val Loss: 2.3418, Val Acc: 0.3000, LR: 0.000500, Time: 1.55s
2025-09-06 17:43:08,596 - vehicle_voice_recognition - INFO - 保存最佳模型到 models/individual_best_model.pth
2025-09-06 17:43:08,596 - vehicle_voice_recognition - INFO - 发现更好的 val_loss: 2.341820 (epoch 0)
2025-09-06 17:43:10,156 - vehicle_voice_recognition - INFO - Epoch 28/100 - Train Loss: 2.5763, Train Acc: 0.1733, Val Loss: 2.2911, Val Acc: 0.3000, LR: 0.000500, Time: 1.56s
2025-09-06 17:43:10,161 - vehicle_voice_recognition - INFO - 保存最佳模型到 models/individual_best_model.pth
2025-09-06 17:43:10,161 - vehicle_voice_recognition - INFO - 发现更好的 val_loss: 2.291131 (epoch 0)
2025-09-06 17:43:12,035 - vehicle_voice_recognition - INFO - Epoch 29/100 - Train Loss: 2.5421, Train Acc: 0.1200, Val Loss: 2.2676, Val Acc: 0.3400, LR: 0.000500, Time: 1.87s
2025-09-06 17:43:12,042 - vehicle_voice_recognition - INFO - 保存最佳模型到 models/individual_best_model.pth
2025-09-06 17:43:12,042 - vehicle_voice_recognition - INFO - 发现更好的 val_loss: 2.267601 (epoch 0)
2025-09-06 17:43:13,752 - vehicle_voice_recognition - INFO - Epoch 30/100 - Train Loss: 2.4933, Train Acc: 0.2000, Val Loss: 2.2931, Val Acc: 0.5000, LR: 0.000500, Time: 1.71s
2025-09-06 17:43:13,752 - vehicle_voice_recognition - INFO - val_loss 没有改善: 2.293123, 计数器: 1/25
2025-09-06 17:43:15,861 - vehicle_voice_recognition - INFO - Epoch 31/100 - Train Loss: 2.5104, Train Acc: 0.2133, Val Loss: 2.2439, Val Acc: 0.5200, LR: 0.000250, Time: 2.11s
2025-09-06 17:43:15,865 - vehicle_voice_recognition - INFO - 保存最佳模型到 models/individual_best_model.pth
2025-09-06 17:43:15,865 - vehicle_voice_recognition - INFO - 发现更好的 val_loss: 2.243929 (epoch 0)
2025-09-06 17:43:18,327 - vehicle_voice_recognition - INFO - Epoch 32/100 - Train Loss: 2.5011, Train Acc: 0.2067, Val Loss: 2.2196, Val Acc: 0.4600, LR: 0.000250, Time: 2.21s
2025-09-06 17:43:18,334 - vehicle_voice_recognition - INFO - 保存最佳模型到 models/individual_best_model.pth
2025-09-06 17:43:18,334 - vehicle_voice_recognition - INFO - 发现更好的 val_loss: 2.219620 (epoch 0)
2025-09-06 17:43:20,162 - vehicle_voice_recognition - INFO - Epoch 33/100 - Train Loss: 2.5103, Train Acc: 0.1800, Val Loss: 2.2277, Val Acc: 0.4400, LR: 0.000250, Time: 1.83s
2025-09-06 17:43:20,162 - vehicle_voice_recognition - INFO - val_loss 没有改善: 2.227688, 计数器: 1/25
2025-09-06 17:43:21,719 - vehicle_voice_recognition - INFO - Epoch 34/100 - Train Loss: 2.4860, Train Acc: 0.1867, Val Loss: 2.2300, Val Acc: 0.4400, LR: 0.000250, Time: 1.56s
2025-09-06 17:43:21,719 - vehicle_voice_recognition - INFO - val_loss 没有改善: 2.230010, 计数器: 2/25
2025-09-06 17:43:23,259 - vehicle_voice_recognition - INFO - Epoch 35/100 - Train Loss: 2.4546, Train Acc: 0.2067, Val Loss: 2.1922, Val Acc: 0.4600, LR: 0.000250, Time: 1.54s
2025-09-06 17:43:23,262 - vehicle_voice_recognition - INFO - 保存最佳模型到 models/individual_best_model.pth
2025-09-06 17:43:23,262 - vehicle_voice_recognition - INFO - 发现更好的 val_loss: 2.192191 (epoch 0)
2025-09-06 17:43:24,819 - vehicle_voice_recognition - INFO - Epoch 36/100 - Train Loss: 2.4308, Train Acc: 0.2600, Val Loss: 2.1961, Val Acc: 0.4200, LR: 0.000250, Time: 1.56s
2025-09-06 17:43:24,819 - vehicle_voice_recognition - INFO - val_loss 没有改善: 2.196109, 计数器: 1/25
2025-09-06 17:43:26,367 - vehicle_voice_recognition - INFO - Epoch 37/100 - Train Loss: 2.4179, Train Acc: 0.1933, Val Loss: 2.1883, Val Acc: 0.3600, LR: 0.000250, Time: 1.55s
2025-09-06 17:43:26,369 - vehicle_voice_recognition - INFO - 保存最佳模型到 models/individual_best_model.pth
2025-09-06 17:43:26,369 - vehicle_voice_recognition - INFO - 发现更好的 val_loss: 2.188274 (epoch 0)
2025-09-06 17:43:27,894 - vehicle_voice_recognition - INFO - Epoch 38/100 - Train Loss: 2.4464, Train Acc: 0.1933, Val Loss: 2.1760, Val Acc: 0.4200, LR: 0.000250, Time: 1.53s
2025-09-06 17:43:27,900 - vehicle_voice_recognition - INFO - 保存最佳模型到 models/individual_best_model.pth
2025-09-06 17:43:27,900 - vehicle_voice_recognition - INFO - 发现更好的 val_loss: 2.175984 (epoch 0)
2025-09-06 17:43:29,444 - vehicle_voice_recognition - INFO - Epoch 39/100 - Train Loss: 2.4749, Train Acc: 0.1867, Val Loss: 2.1903, Val Acc: 0.5200, LR: 0.000250, Time: 1.54s
2025-09-06 17:43:29,444 - vehicle_voice_recognition - INFO - val_loss 没有改善: 2.190339, 计数器: 1/25
2025-09-06 17:43:30,979 - vehicle_voice_recognition - INFO - Epoch 40/100 - Train Loss: 2.4569, Train Acc: 0.2200, Val Loss: 2.1999, Val Acc: 0.5200, LR: 0.000250, Time: 1.53s
2025-09-06 17:43:30,979 - vehicle_voice_recognition - INFO - val_loss 没有改善: 2.199924, 计数器: 2/25
2025-09-06 17:43:32,555 - vehicle_voice_recognition - INFO - Epoch 41/100 - Train Loss: 2.3098, Train Acc: 0.3067, Val Loss: 2.1380, Val Acc: 0.4800, LR: 0.000250, Time: 1.58s
2025-09-06 17:43:32,559 - vehicle_voice_recognition - INFO - 保存最佳模型到 models/individual_best_model.pth
2025-09-06 17:43:32,559 - vehicle_voice_recognition - INFO - 发现更好的 val_loss: 2.137975 (epoch 0)
2025-09-06 17:43:34,341 - vehicle_voice_recognition - INFO - Epoch 42/100 - Train Loss: 2.3515, Train Acc: 0.2200, Val Loss: 2.1623, Val Acc: 0.4800, LR: 0.000250, Time: 1.59s
2025-09-06 17:43:34,341 - vehicle_voice_recognition - INFO - val_loss 没有改善: 2.162325, 计数器: 1/25
2025-09-06 17:43:35,903 - vehicle_voice_recognition - INFO - Epoch 43/100 - Train Loss: 2.3273, Train Acc: 0.2267, Val Loss: 2.1336, Val Acc: 0.4000, LR: 0.000250, Time: 1.56s
2025-09-06 17:43:35,909 - vehicle_voice_recognition - INFO - 保存最佳模型到 models/individual_best_model.pth
2025-09-06 17:43:35,909 - vehicle_voice_recognition - INFO - 发现更好的 val_loss: 2.133596 (epoch 0)
2025-09-06 17:43:37,513 - vehicle_voice_recognition - INFO - Epoch 44/100 - Train Loss: 2.3383, Train Acc: 0.2467, Val Loss: 2.1140, Val Acc: 0.4400, LR: 0.000250, Time: 1.60s
2025-09-06 17:43:37,519 - vehicle_voice_recognition - INFO - 保存最佳模型到 models/individual_best_model.pth
2025-09-06 17:43:37,519 - vehicle_voice_recognition - INFO - 发现更好的 val_loss: 2.114041 (epoch 0)
2025-09-06 17:43:39,129 - vehicle_voice_recognition - INFO - Epoch 45/100 - Train Loss: 2.2928, Train Acc: 0.2133, Val Loss: 2.1230, Val Acc: 0.5200, LR: 0.000250, Time: 1.61s
2025-09-06 17:43:39,129 - vehicle_voice_recognition - INFO - val_loss 没有改善: 2.122999, 计数器: 1/25
2025-09-06 17:43:40,773 - vehicle_voice_recognition - INFO - Epoch 46/100 - Train Loss: 2.3406, Train Acc: 0.2333, Val Loss: 2.1480, Val Acc: 0.5400, LR: 0.000250, Time: 1.64s
2025-09-06 17:43:40,773 - vehicle_voice_recognition - INFO - val_loss 没有改善: 2.148000, 计数器: 2/25
2025-09-06 17:43:42,429 - vehicle_voice_recognition - INFO - Epoch 47/100 - Train Loss: 2.2891, Train Acc: 0.2400, Val Loss: 2.0789, Val Acc: 0.4600, LR: 0.000250, Time: 1.66s
2025-09-06 17:43:42,434 - vehicle_voice_recognition - INFO - 保存最佳模型到 models/individual_best_model.pth
2025-09-06 17:43:42,434 - vehicle_voice_recognition - INFO - 发现更好的 val_loss: 2.078872 (epoch 0)
2025-09-06 17:43:44,015 - vehicle_voice_recognition - INFO - Epoch 48/100 - Train Loss: 2.3224, Train Acc: 0.2267, Val Loss: 2.0752, Val Acc: 0.5400, LR: 0.000250, Time: 1.58s
2025-09-06 17:43:44,023 - vehicle_voice_recognition - INFO - 保存最佳模型到 models/individual_best_model.pth
2025-09-06 17:43:44,023 - vehicle_voice_recognition - INFO - 发现更好的 val_loss: 2.075217 (epoch 0)
2025-09-06 17:43:45,590 - vehicle_voice_recognition - INFO - Epoch 49/100 - Train Loss: 2.3028, Train Acc: 0.2400, Val Loss: 2.0443, Val Acc: 0.4800, LR: 0.000250, Time: 1.57s
2025-09-06 17:43:45,593 - vehicle_voice_recognition - INFO - 保存最佳模型到 models/individual_best_model.pth
2025-09-06 17:43:45,593 - vehicle_voice_recognition - INFO - 发现更好的 val_loss: 2.044318 (epoch 0)
2025-09-06 17:43:47,191 - vehicle_voice_recognition - INFO - Epoch 50/100 - Train Loss: 2.2513, Train Acc: 0.3000, Val Loss: 2.0437, Val Acc: 0.5200, LR: 0.000250, Time: 1.60s
2025-09-06 17:43:47,194 - vehicle_voice_recognition - INFO - 保存最佳模型到 models/individual_best_model.pth
2025-09-06 17:43:47,194 - vehicle_voice_recognition - INFO - val_loss 没有改善: 2.043693, 计数器: 1/25
2025-09-06 17:43:48,726 - vehicle_voice_recognition - INFO - Epoch 51/100 - Train Loss: 2.2769, Train Acc: 0.2267, Val Loss: 2.0394, Val Acc: 0.5200, LR: 0.000250, Time: 1.53s
2025-09-06 17:43:48,732 - vehicle_voice_recognition - INFO - 保存最佳模型到 models/individual_best_model.pth
2025-09-06 17:43:48,732 - vehicle_voice_recognition - INFO - 发现更好的 val_loss: 2.039410 (epoch 0)
2025-09-06 17:43:50,456 - vehicle_voice_recognition - INFO - Epoch 52/100 - Train Loss: 2.2842, Train Acc: 0.2667, Val Loss: 2.0296, Val Acc: 0.5200, LR: 0.000250, Time: 1.54s
2025-09-06 17:43:50,462 - vehicle_voice_recognition - INFO - 保存最佳模型到 models/individual_best_model.pth
2025-09-06 17:43:50,463 - vehicle_voice_recognition - INFO - 发现更好的 val_loss: 2.029623 (epoch 0)
2025-09-06 17:43:52,020 - vehicle_voice_recognition - INFO - Epoch 53/100 - Train Loss: 2.2079, Train Acc: 0.2600, Val Loss: 1.9958, Val Acc: 0.5200, LR: 0.000250, Time: 1.56s
2025-09-06 17:43:52,024 - vehicle_voice_recognition - INFO - 保存最佳模型到 models/individual_best_model.pth
2025-09-06 17:43:52,026 - vehicle_voice_recognition - INFO - 发现更好的 val_loss: 1.995787 (epoch 0)
2025-09-06 17:43:53,563 - vehicle_voice_recognition - INFO - Epoch 54/100 - Train Loss: 2.2552, Train Acc: 0.2800, Val Loss: 2.0066, Val Acc: 0.5600, LR: 0.000250, Time: 1.54s
2025-09-06 17:43:53,563 - vehicle_voice_recognition - INFO - val_loss 没有改善: 2.006603, 计数器: 1/25
2025-09-06 17:43:55,139 - vehicle_voice_recognition - INFO - Epoch 55/100 - Train Loss: 2.2868, Train Acc: 0.2267, Val Loss: 2.0168, Val Acc: 0.4800, LR: 0.000250, Time: 1.58s
2025-09-06 17:43:55,139 - vehicle_voice_recognition - INFO - val_loss 没有改善: 2.016837, 计数器: 2/25
2025-09-06 17:43:56,722 - vehicle_voice_recognition - INFO - Epoch 56/100 - Train Loss: 2.2707, Train Acc: 0.2600, Val Loss: 2.0115, Val Acc: 0.5000, LR: 0.000250, Time: 1.58s
2025-09-06 17:43:56,722 - vehicle_voice_recognition - INFO - val_loss 没有改善: 2.011466, 计数器: 3/25
2025-09-06 17:43:58,243 - vehicle_voice_recognition - INFO - Epoch 57/100 - Train Loss: 2.2544, Train Acc: 0.2667, Val Loss: 2.0044, Val Acc: 0.5400, LR: 0.000250, Time: 1.52s
2025-09-06 17:43:58,243 - vehicle_voice_recognition - INFO - val_loss 没有改善: 2.004386, 计数器: 4/25
2025-09-06 17:43:59,807 - vehicle_voice_recognition - INFO - Epoch 58/100 - Train Loss: 2.2521, Train Acc: 0.3067, Val Loss: 1.9671, Val Acc: 0.5200, LR: 0.000250, Time: 1.56s
2025-09-06 17:43:59,811 - vehicle_voice_recognition - INFO - 保存最佳模型到 models/individual_best_model.pth
2025-09-06 17:43:59,811 - vehicle_voice_recognition - INFO - 发现更好的 val_loss: 1.967140 (epoch 0)
2025-09-06 17:44:01,355 - vehicle_voice_recognition - INFO - Epoch 59/100 - Train Loss: 2.1925, Train Acc: 0.2867, Val Loss: 1.9854, Val Acc: 0.4600, LR: 0.000250, Time: 1.54s
2025-09-06 17:44:01,355 - vehicle_voice_recognition - INFO - val_loss 没有改善: 1.985415, 计数器: 1/25
2025-09-06 17:44:02,913 - vehicle_voice_recognition - INFO - Epoch 60/100 - Train Loss: 2.2360, Train Acc: 0.2667, Val Loss: 1.9758, Val Acc: 0.4800, LR: 0.000250, Time: 1.56s
2025-09-06 17:44:02,913 - vehicle_voice_recognition - INFO - val_loss 没有改善: 1.975764, 计数器: 2/25
2025-09-06 17:44:04,501 - vehicle_voice_recognition - INFO - Epoch 61/100 - Train Loss: 2.1705, Train Acc: 0.2467, Val Loss: 1.9722, Val Acc: 0.5000, LR: 0.000125, Time: 1.59s
2025-09-06 17:44:04,501 - vehicle_voice_recognition - INFO - val_loss 没有改善: 1.972220, 计数器: 3/25
2025-09-06 17:44:06,247 - vehicle_voice_recognition - INFO - Epoch 62/100 - Train Loss: 2.2892, Train Acc: 0.2267, Val Loss: 1.9528, Val Acc: 0.5200, LR: 0.000125, Time: 1.56s
2025-09-06 17:44:06,250 - vehicle_voice_recognition - INFO - 保存最佳模型到 models/individual_best_model.pth
2025-09-06 17:44:06,250 - vehicle_voice_recognition - INFO - 发现更好的 val_loss: 1.952824 (epoch 0)
2025-09-06 17:44:07,789 - vehicle_voice_recognition - INFO - Epoch 63/100 - Train Loss: 2.2779, Train Acc: 0.2533, Val Loss: 1.9647, Val Acc: 0.5200, LR: 0.000125, Time: 1.54s
2025-09-06 17:44:07,789 - vehicle_voice_recognition - INFO - val_loss 没有改善: 1.964706, 计数器: 1/25
2025-09-06 17:44:09,351 - vehicle_voice_recognition - INFO - Epoch 64/100 - Train Loss: 2.2527, Train Acc: 0.2200, Val Loss: 1.9356, Val Acc: 0.4800, LR: 0.000125, Time: 1.56s
2025-09-06 17:44:09,356 - vehicle_voice_recognition - INFO - 保存最佳模型到 models/individual_best_model.pth
2025-09-06 17:44:09,356 - vehicle_voice_recognition - INFO - 发现更好的 val_loss: 1.935566 (epoch 0)
2025-09-06 17:44:10,919 - vehicle_voice_recognition - INFO - Epoch 65/100 - Train Loss: 2.1340, Train Acc: 0.3600, Val Loss: 1.9354, Val Acc: 0.4800, LR: 0.000125, Time: 1.56s
2025-09-06 17:44:10,925 - vehicle_voice_recognition - INFO - 保存最佳模型到 models/individual_best_model.pth
2025-09-06 17:44:10,926 - vehicle_voice_recognition - INFO - val_loss 没有改善: 1.935365, 计数器: 1/25
2025-09-06 17:44:12,517 - vehicle_voice_recognition - INFO - Epoch 66/100 - Train Loss: 2.2251, Train Acc: 0.2533, Val Loss: 1.9377, Val Acc: 0.5000, LR: 0.000125, Time: 1.59s
2025-09-06 17:44:12,517 - vehicle_voice_recognition - INFO - val_loss 没有改善: 1.937726, 计数器: 2/25
2025-09-06 17:44:14,043 - vehicle_voice_recognition - INFO - Epoch 67/100 - Train Loss: 2.1944, Train Acc: 0.2400, Val Loss: 1.9161, Val Acc: 0.5000, LR: 0.000125, Time: 1.53s
2025-09-06 17:44:14,049 - vehicle_voice_recognition - INFO - 保存最佳模型到 models/individual_best_model.pth
2025-09-06 17:44:14,051 - vehicle_voice_recognition - INFO - 发现更好的 val_loss: 1.916120 (epoch 0)
2025-09-06 17:44:15,552 - vehicle_voice_recognition - INFO - Epoch 68/100 - Train Loss: 2.2245, Train Acc: 0.2467, Val Loss: 1.9190, Val Acc: 0.5000, LR: 0.000125, Time: 1.50s
2025-09-06 17:44:15,552 - vehicle_voice_recognition - INFO - val_loss 没有改善: 1.919042, 计数器: 1/25
2025-09-06 17:44:17,108 - vehicle_voice_recognition - INFO - Epoch 69/100 - Train Loss: 2.2037, Train Acc: 0.3267, Val Loss: 1.9072, Val Acc: 0.5000, LR: 0.000125, Time: 1.56s
2025-09-06 17:44:17,112 - vehicle_voice_recognition - INFO - 保存最佳模型到 models/individual_best_model.pth
2025-09-06 17:44:17,114 - vehicle_voice_recognition - INFO - 发现更好的 val_loss: 1.907211 (epoch 0)
2025-09-06 17:44:18,908 - vehicle_voice_recognition - INFO - Epoch 70/100 - Train Loss: 2.2195, Train Acc: 0.2533, Val Loss: 1.9078, Val Acc: 0.5600, LR: 0.000125, Time: 1.79s
2025-09-06 17:44:18,908 - vehicle_voice_recognition - INFO - val_loss 没有改善: 1.907762, 计数器: 1/25
2025-09-06 17:44:20,756 - vehicle_voice_recognition - INFO - Epoch 71/100 - Train Loss: 2.1673, Train Acc: 0.2800, Val Loss: 1.8789, Val Acc: 0.5200, LR: 0.000125, Time: 1.85s
2025-09-06 17:44:20,762 - vehicle_voice_recognition - INFO - 保存最佳模型到 models/individual_best_model.pth
2025-09-06 17:44:20,765 - vehicle_voice_recognition - INFO - 发现更好的 val_loss: 1.878880 (epoch 0)
2025-09-06 17:44:23,225 - vehicle_voice_recognition - INFO - Epoch 72/100 - Train Loss: 2.1746, Train Acc: 0.3067, Val Loss: 1.8870, Val Acc: 0.5400, LR: 0.000125, Time: 2.20s
2025-09-06 17:44:23,225 - vehicle_voice_recognition - INFO - val_loss 没有改善: 1.886966, 计数器: 1/25
2025-09-06 17:44:25,591 - vehicle_voice_recognition - INFO - Epoch 73/100 - Train Loss: 2.1794, Train Acc: 0.2600, Val Loss: 1.8868, Val Acc: 0.6000, LR: 0.000125, Time: 2.37s
2025-09-06 17:44:25,591 - vehicle_voice_recognition - INFO - val_loss 没有改善: 1.886761, 计数器: 2/25
2025-09-06 17:44:27,519 - vehicle_voice_recognition - INFO - Epoch 74/100 - Train Loss: 2.1823, Train Acc: 0.2800, Val Loss: 1.9068, Val Acc: 0.5600, LR: 0.000125, Time: 1.93s
2025-09-06 17:44:27,519 - vehicle_voice_recognition - INFO - val_loss 没有改善: 1.906844, 计数器: 3/25
2025-09-06 17:44:29,055 - vehicle_voice_recognition - INFO - Epoch 75/100 - Train Loss: 2.1781, Train Acc: 0.2467, Val Loss: 1.8848, Val Acc: 0.5800, LR: 0.000125, Time: 1.54s
2025-09-06 17:44:29,055 - vehicle_voice_recognition - INFO - val_loss 没有改善: 1.884803, 计数器: 4/25
2025-09-06 17:44:30,581 - vehicle_voice_recognition - INFO - Epoch 76/100 - Train Loss: 2.1575, Train Acc: 0.2333, Val Loss: 1.8911, Val Acc: 0.6200, LR: 0.000125, Time: 1.53s
2025-09-06 17:44:30,582 - vehicle_voice_recognition - INFO - val_loss 没有改善: 1.891123, 计数器: 5/25
2025-09-06 17:44:32,139 - vehicle_voice_recognition - INFO - Epoch 77/100 - Train Loss: 2.2189, Train Acc: 0.3600, Val Loss: 1.8669, Val Acc: 0.5600, LR: 0.000125, Time: 1.56s
2025-09-06 17:44:32,144 - vehicle_voice_recognition - INFO - 保存最佳模型到 models/individual_best_model.pth
2025-09-06 17:44:32,144 - vehicle_voice_recognition - INFO - 发现更好的 val_loss: 1.866893 (epoch 0)
2025-09-06 17:44:33,696 - vehicle_voice_recognition - INFO - Epoch 78/100 - Train Loss: 2.1267, Train Acc: 0.2933, Val Loss: 1.8713, Val Acc: 0.5600, LR: 0.000125, Time: 1.55s
2025-09-06 17:44:33,696 - vehicle_voice_recognition - INFO - val_loss 没有改善: 1.871322, 计数器: 1/25
2025-09-06 17:44:35,283 - vehicle_voice_recognition - INFO - Epoch 79/100 - Train Loss: 2.1598, Train Acc: 0.3333, Val Loss: 1.8632, Val Acc: 0.5800, LR: 0.000125, Time: 1.59s
2025-09-06 17:44:35,288 - vehicle_voice_recognition - INFO - 保存最佳模型到 models/individual_best_model.pth
2025-09-06 17:44:35,288 - vehicle_voice_recognition - INFO - 发现更好的 val_loss: 1.863194 (epoch 0)
2025-09-06 17:44:36,845 - vehicle_voice_recognition - INFO - Epoch 80/100 - Train Loss: 2.1618, Train Acc: 0.2867, Val Loss: 1.8540, Val Acc: 0.5800, LR: 0.000125, Time: 1.56s
2025-09-06 17:44:36,849 - vehicle_voice_recognition - INFO - 保存最佳模型到 models/individual_best_model.pth
2025-09-06 17:44:36,849 - vehicle_voice_recognition - INFO - 发现更好的 val_loss: 1.854009 (epoch 0)
2025-09-06 17:44:38,371 - vehicle_voice_recognition - INFO - Epoch 81/100 - Train Loss: 2.1222, Train Acc: 0.2933, Val Loss: 1.8526, Val Acc: 0.5400, LR: 0.000125, Time: 1.52s
2025-09-06 17:44:38,375 - vehicle_voice_recognition - INFO - 保存最佳模型到 models/individual_best_model.pth
2025-09-06 17:44:38,375 - vehicle_voice_recognition - INFO - 发现更好的 val_loss: 1.852625 (epoch 0)
2025-09-06 17:44:40,149 - vehicle_voice_recognition - INFO - Epoch 82/100 - Train Loss: 2.0536, Train Acc: 0.3133, Val Loss: 1.8482, Val Acc: 0.5200, LR: 0.000125, Time: 1.59s
2025-09-06 17:44:40,153 - vehicle_voice_recognition - INFO - 保存最佳模型到 models/individual_best_model.pth
2025-09-06 17:44:40,153 - vehicle_voice_recognition - INFO - 发现更好的 val_loss: 1.848233 (epoch 0)
2025-09-06 17:44:41,747 - vehicle_voice_recognition - INFO - Epoch 83/100 - Train Loss: 2.1545, Train Acc: 0.3000, Val Loss: 1.8463, Val Acc: 0.5200, LR: 0.000125, Time: 1.59s
2025-09-06 17:44:41,752 - vehicle_voice_recognition - INFO - 保存最佳模型到 models/individual_best_model.pth
2025-09-06 17:44:41,752 - vehicle_voice_recognition - INFO - 发现更好的 val_loss: 1.846315 (epoch 0)
2025-09-06 17:44:43,289 - vehicle_voice_recognition - INFO - Epoch 84/100 - Train Loss: 2.0484, Train Acc: 0.3467, Val Loss: 1.8527, Val Acc: 0.5200, LR: 0.000125, Time: 1.54s
2025-09-06 17:44:43,289 - vehicle_voice_recognition - INFO - val_loss 没有改善: 1.852686, 计数器: 1/25
2025-09-06 17:44:44,846 - vehicle_voice_recognition - INFO - Epoch 85/100 - Train Loss: 2.1646, Train Acc: 0.2333, Val Loss: 1.8707, Val Acc: 0.5200, LR: 0.000125, Time: 1.56s
2025-09-06 17:44:44,846 - vehicle_voice_recognition - INFO - val_loss 没有改善: 1.870653, 计数器: 2/25
2025-09-06 17:44:46,384 - vehicle_voice_recognition - INFO - Epoch 86/100 - Train Loss: 2.1419, Train Acc: 0.3000, Val Loss: 1.8455, Val Acc: 0.5000, LR: 0.000125, Time: 1.54s
2025-09-06 17:44:46,390 - vehicle_voice_recognition - INFO - 保存最佳模型到 models/individual_best_model.pth
2025-09-06 17:44:46,390 - vehicle_voice_recognition - INFO - val_loss 没有改善: 1.845515, 计数器: 3/25
2025-09-06 17:44:47,940 - vehicle_voice_recognition - INFO - Epoch 87/100 - Train Loss: 2.0982, Train Acc: 0.3000, Val Loss: 1.8308, Val Acc: 0.5200, LR: 0.000125, Time: 1.55s
2025-09-06 17:44:47,944 - vehicle_voice_recognition - INFO - 保存最佳模型到 models/individual_best_model.pth
2025-09-06 17:44:47,944 - vehicle_voice_recognition - INFO - 发现更好的 val_loss: 1.830805 (epoch 0)
2025-09-06 17:44:49,514 - vehicle_voice_recognition - INFO - Epoch 88/100 - Train Loss: 2.1260, Train Acc: 0.2533, Val Loss: 1.8274, Val Acc: 0.5400, LR: 0.000125, Time: 1.57s
2025-09-06 17:44:49,519 - vehicle_voice_recognition - INFO - 保存最佳模型到 models/individual_best_model.pth
2025-09-06 17:44:49,519 - vehicle_voice_recognition - INFO - 发现更好的 val_loss: 1.827423 (epoch 0)
2025-09-06 17:44:51,066 - vehicle_voice_recognition - INFO - Epoch 89/100 - Train Loss: 2.1377, Train Acc: 0.3200, Val Loss: 1.8208, Val Acc: 0.5000, LR: 0.000125, Time: 1.55s
2025-09-06 17:44:51,070 - vehicle_voice_recognition - INFO - 保存最佳模型到 models/individual_best_model.pth
2025-09-06 17:44:51,070 - vehicle_voice_recognition - INFO - 发现更好的 val_loss: 1.820754 (epoch 0)
2025-09-06 17:44:52,632 - vehicle_voice_recognition - INFO - Epoch 90/100 - Train Loss: 2.1452, Train Acc: 0.3133, Val Loss: 1.8286, Val Acc: 0.5200, LR: 0.000125, Time: 1.56s
2025-09-06 17:44:52,632 - vehicle_voice_recognition - INFO - val_loss 没有改善: 1.828616, 计数器: 1/25
2025-09-06 17:44:54,176 - vehicle_voice_recognition - INFO - Epoch 91/100 - Train Loss: 2.0867, Train Acc: 0.3133, Val Loss: 1.8227, Val Acc: 0.5200, LR: 0.000063, Time: 1.54s
2025-09-06 17:44:54,176 - vehicle_voice_recognition - INFO - val_loss 没有改善: 1.822697, 计数器: 2/25
2025-09-06 17:44:55,904 - vehicle_voice_recognition - INFO - Epoch 92/100 - Train Loss: 2.1008, Train Acc: 0.2533, Val Loss: 1.8259, Val Acc: 0.5000, LR: 0.000063, Time: 1.54s
2025-09-06 17:44:55,904 - vehicle_voice_recognition - INFO - val_loss 没有改善: 1.825948, 计数器: 3/25
2025-09-06 17:44:57,454 - vehicle_voice_recognition - INFO - Epoch 93/100 - Train Loss: 2.1568, Train Acc: 0.2600, Val Loss: 1.8236, Val Acc: 0.5600, LR: 0.000063, Time: 1.55s
2025-09-06 17:44:57,456 - vehicle_voice_recognition - INFO - val_loss 没有改善: 1.823626, 计数器: 4/25
2025-09-06 17:44:59,005 - vehicle_voice_recognition - INFO - Epoch 94/100 - Train Loss: 2.0970, Train Acc: 0.3133, Val Loss: 1.8089, Val Acc: 0.5600, LR: 0.000063, Time: 1.55s
2025-09-06 17:44:59,010 - vehicle_voice_recognition - INFO - 保存最佳模型到 models/individual_best_model.pth
2025-09-06 17:44:59,010 - vehicle_voice_recognition - INFO - 发现更好的 val_loss: 1.808923 (epoch 0)
2025-09-06 17:45:00,577 - vehicle_voice_recognition - INFO - Epoch 95/100 - Train Loss: 2.1353, Train Acc: 0.3200, Val Loss: 1.8636, Val Acc: 0.5200, LR: 0.000063, Time: 1.57s
2025-09-06 17:45:00,577 - vehicle_voice_recognition - INFO - val_loss 没有改善: 1.863638, 计数器: 1/25
2025-09-06 17:45:02,090 - vehicle_voice_recognition - INFO - Epoch 96/100 - Train Loss: 2.1053, Train Acc: 0.3400, Val Loss: 1.8515, Val Acc: 0.5200, LR: 0.000063, Time: 1.51s
2025-09-06 17:45:02,091 - vehicle_voice_recognition - INFO - val_loss 没有改善: 1.851504, 计数器: 2/25
2025-09-06 17:45:03,660 - vehicle_voice_recognition - INFO - Epoch 97/100 - Train Loss: 2.0467, Train Acc: 0.3200, Val Loss: 1.8382, Val Acc: 0.5600, LR: 0.000063, Time: 1.57s
2025-09-06 17:45:03,660 - vehicle_voice_recognition - INFO - val_loss 没有改善: 1.838216, 计数器: 3/25
2025-09-06 17:45:05,209 - vehicle_voice_recognition - INFO - Epoch 98/100 - Train Loss: 2.1018, Train Acc: 0.2533, Val Loss: 1.7936, Val Acc: 0.5600, LR: 0.000063, Time: 1.55s
2025-09-06 17:45:05,216 - vehicle_voice_recognition - INFO - 保存最佳模型到 models/individual_best_model.pth
2025-09-06 17:45:05,216 - vehicle_voice_recognition - INFO - 发现更好的 val_loss: 1.793559 (epoch 0)
2025-09-06 17:45:06,779 - vehicle_voice_recognition - INFO - Epoch 99/100 - Train Loss: 2.0605, Train Acc: 0.3133, Val Loss: 1.7987, Val Acc: 0.5800, LR: 0.000063, Time: 1.56s
2025-09-06 17:45:06,779 - vehicle_voice_recognition - INFO - val_loss 没有改善: 1.798702, 计数器: 1/25
2025-09-06 17:45:08,356 - vehicle_voice_recognition - INFO - Epoch 100/100 - Train Loss: 2.1107, Train Acc: 0.2267, Val Loss: 1.8044, Val Acc: 0.5400, LR: 0.000063, Time: 1.58s
2025-09-06 17:45:08,356 - vehicle_voice_recognition - INFO - val_loss 没有改善: 1.804426, 计数器: 2/25
2025-09-06 17:45:08,358 - vehicle_voice_recognition - INFO - 训练完成，总用时: 169.54秒
2025-09-06 17:45:08,358 - vehicle_voice_recognition - INFO - 开始个体识别评估...
2025-09-06 17:45:08,358 - vehicle_voice_recognition - INFO - 模型评估器初始化完成，设备: cpu
2025-09-06 17:45:10,236 - vehicle_voice_recognition - INFO - 混淆矩阵已保存至: results/individual\individual_confusion_matrix.png
2025-09-06 17:45:10,236 - vehicle_voice_recognition - INFO - 评估完成 - 准确率: 0.5000, F1分数: 0.4206
2025-09-06 17:45:10,236 - vehicle_voice_recognition - INFO - 
个体识别测试集性能:
2025-09-06 17:45:10,236 - vehicle_voice_recognition - INFO - 准确率: 0.5000
2025-09-06 17:45:10,239 - vehicle_voice_recognition - INFO - F1分数: 0.4206
2025-09-06 17:45:10,239 - vehicle_voice_recognition - INFO - 最佳验证准确率: 0.6200
2025-09-06 17:45:10,239 - vehicle_voice_recognition - INFO - 
个体识别训练和评估完成!
2025-09-06 17:45:10,240 - vehicle_voice_recognition - INFO - 模型已保存至: models/individual_best_model.pth
2025-09-06 17:45:10,240 - vehicle_voice_recognition - INFO - 标签映射已保存至: models/individual_label_mapping.json
2025-09-06 17:45:10,240 - vehicle_voice_recognition - INFO - 结果可视化已保存至: results/individual
2025-09-06 17:45:10,240 - vehicle_voice_recognition - INFO - 
🎨 开始生成个体识别可视化结果...
2025-09-06 17:45:10,240 - vehicle_voice_recognition - WARNING - 个体化数据目录不存在: C:\Users\33016\Downloads\vehicile_voice_recoginition-vehicle_voice_recognition\vehicile_voice_recoginition-vehicle_voice_recognition\vehicle_audio_data\individual_vehicles
2025-09-06 17:45:10,240 - vehicle_voice_recognition - WARNING - 模型文件不存在: models\individual_model.pth
2025-09-06 17:45:10,240 - vehicle_voice_recognition - INFO - ✅ 个体识别可视化结果生成完成!
2025-09-06 17:45:10,240 - vehicle_voice_recognition - INFO - 📁 可视化文件位置:
2025-09-06 17:45:10,240 - vehicle_voice_recognition - INFO -    - results/audio_visualizations/
2025-09-06 17:45:10,240 - vehicle_voice_recognition - INFO -    - results/prediction_visualizations/
2025-09-06 17:45:10,249 - vehicle_voice_recognition - INFO - 系统状态 - CPU: 83.5%, 内存: 51.4%, GPU: 0.0%
2025-09-06 17:45:10,893 - vehicle_voice_recognition - INFO - 监控报告已保存: logs\individual_training_monitor_report.png
2025-09-06 17:45:10,893 - vehicle_voice_recognition - INFO - 🎉 个体识别训练流程完成!
2025-09-06 17:45:10,893 - vehicle_voice_recognition - INFO - 下一步: 运行 python vehicle_inference.py <audio_file> 进行个体识别测试
