2025-09-06 17:37:07,639 - vehicle_voice_recognition - INFO - 🚀 开始生成个体识别数据集
2025-09-06 17:37:07,639 - vehicle_voice_recognition - INFO - 开始生成个体识别数据集到: C:\Users\33016\Downloads\vehicile_voice_recoginition-vehicle_voice_recognition\vehicile_voice_recoginition-vehicle_voice_recognition\vehicle_audio_data\individual_recognition
2025-09-06 17:37:07,639 - vehicle_voice_recognition - INFO - 生成 sedan 类型的个体音频...
2025-09-06 17:37:07,735 - vehicle_voice_recognition - INFO -   已完成个体 sedan_000
2025-09-06 17:37:08,108 - vehicle_voice_recognition - INFO -   已完成个体 sedan_005
2025-09-06 17:37:08,494 - vehicle_voice_recognition - INFO -   已完成个体 sedan_010
2025-09-06 17:37:08,875 - vehicle_voice_recognition - INFO -   已完成个体 sedan_015
2025-09-06 17:37:09,278 - vehicle_voice_recognition - INFO -   已完成个体 sedan_020
2025-09-06 17:37:09,578 - vehicle_voice_recognition - INFO - 生成 suv 类型的个体音频...
2025-09-06 17:37:09,664 - vehicle_voice_recognition - INFO -   已完成个体 suv_000
2025-09-06 17:37:10,096 - vehicle_voice_recognition - INFO -   已完成个体 suv_005
2025-09-06 17:37:10,598 - vehicle_voice_recognition - INFO -   已完成个体 suv_010
2025-09-06 17:37:11,031 - vehicle_voice_recognition - INFO -   已完成个体 suv_015
2025-09-06 17:37:11,496 - vehicle_voice_recognition - INFO -   已完成个体 suv_020
2025-09-06 17:37:11,856 - vehicle_voice_recognition - INFO - 生成 truck 类型的个体音频...
2025-09-06 17:37:11,948 - vehicle_voice_recognition - INFO -   已完成个体 truck_000
2025-09-06 17:37:12,385 - vehicle_voice_recognition - INFO -   已完成个体 truck_005
2025-09-06 17:37:12,863 - vehicle_voice_recognition - INFO -   已完成个体 truck_010
2025-09-06 17:37:13,306 - vehicle_voice_recognition - INFO -   已完成个体 truck_015
2025-09-06 17:37:13,746 - vehicle_voice_recognition - INFO -   已完成个体 truck_020
2025-09-06 17:37:14,098 - vehicle_voice_recognition - INFO - 生成 motorcycle 类型的个体音频...
2025-09-06 17:37:14,185 - vehicle_voice_recognition - INFO -   已完成个体 motorcycle_000
2025-09-06 17:37:14,675 - vehicle_voice_recognition - INFO -   已完成个体 motorcycle_005
2025-09-06 17:37:15,121 - vehicle_voice_recognition - INFO -   已完成个体 motorcycle_010
2025-09-06 17:37:15,629 - vehicle_voice_recognition - INFO -   已完成个体 motorcycle_015
2025-09-06 17:37:16,189 - vehicle_voice_recognition - INFO -   已完成个体 motorcycle_020
2025-09-06 17:37:16,608 - vehicle_voice_recognition - INFO - 生成 bus 类型的个体音频...
2025-09-06 17:37:16,693 - vehicle_voice_recognition - INFO -   已完成个体 bus_000
2025-09-06 17:37:17,190 - vehicle_voice_recognition - INFO -   已完成个体 bus_005
2025-09-06 17:37:17,615 - vehicle_voice_recognition - INFO -   已完成个体 bus_010
2025-09-06 17:37:18,045 - vehicle_voice_recognition - INFO -   已完成个体 bus_015
2025-09-06 17:37:18,498 - vehicle_voice_recognition - INFO -   已完成个体 bus_020
2025-09-06 17:37:18,847 - vehicle_voice_recognition - INFO - ✅ 个体识别数据集生成完成
2025-09-06 17:37:18,847 - vehicle_voice_recognition - INFO -    - 总个体数: 125
2025-09-06 17:37:18,847 - vehicle_voice_recognition - INFO -    - 总样本数: 1250
2025-09-06 17:37:18,848 - vehicle_voice_recognition - INFO -    - 注册表: C:\Users\33016\Downloads\vehicile_voice_recoginition-vehicle_voice_recognition\vehicile_voice_recoginition-vehicle_voice_recognition\vehicle_audio_data\individual_recognition\vehicle_registry.json
2025-09-06 17:37:18,848 - vehicle_voice_recognition - INFO -    - 标签映射: C:\Users\33016\Downloads\vehicile_voice_recoginition-vehicle_voice_recognition\vehicile_voice_recoginition-vehicle_voice_recognition\vehicle_audio_data\individual_recognition\individual_label_mapping.json
2025-09-06 17:37:18,848 - vehicle_voice_recognition - INFO - ✅ 个体识别数据集生成完成
2025-09-06 17:37:18,848 - vehicle_voice_recognition - INFO - 个体识别数据集生成成功！
