2025-09-06 17:45:40,959 - vehicle_voice_recognition - INFO - Using device: cpu
2025-09-06 17:45:40,959 - vehicle_voice_recognition - INFO - Loaded label mapping with 25 classes
2025-09-06 17:45:40,959 - vehicle_voice_recognition - INFO - 音频预处理器初始化：sr=16000, n_fft=2048, n_mels=128
2025-09-06 17:45:40,959 - vehicle_voice_recognition - INFO - 特征提取类型: ['mel']
2025-09-06 17:45:40,964 - vehicle_voice_recognition - INFO - 数据增强: 禁用
2025-09-06 17:45:40,964 - vehicle_voice_recognition - INFO - Initialized audio preprocessor with config parameters
2025-09-06 17:45:40,972 - vehicle_voice_recognition - INFO - 加载完整检查点文件
2025-09-06 17:45:40,976 - vehicle_voice_recognition - INFO - Loaded model from models/individual_best_model.pth
2025-09-06 17:45:40,977 - vehicle_voice_recognition - INFO - ✅ 个体识别推理引擎初始化完成
2025-09-06 17:45:40,977 - vehicle_voice_recognition - INFO - 模型路径: models/individual_best_model.pth
2025-09-06 17:45:40,977 - vehicle_voice_recognition - INFO - 支持的个体车辆数量: 25
2025-09-06 17:45:40,977 - vehicle_voice_recognition - INFO - 个体车辆列表: ['bus_000', 'bus_001', 'bus_002', 'bus_003', 'bus_004', 'motorcycle_000', 'motorcycle_001', 'motorcycle_002', 'motorcycle_003', 'motorcycle_004', 'sedan_000', 'sedan_001', 'sedan_002', 'sedan_003', 'sedan_004', 'suv_000', 'suv_001', 'suv_002', 'suv_003', 'suv_004', 'truck_000', 'truck_001', 'truck_002', 'truck_003', 'truck_004']
2025-09-06 17:45:40,977 - vehicle_voice_recognition - INFO - 正在分析音频进行个体识别: vehicle_audio_data\individual_recognition\individual_vehicles\sedan_000\sedan_000_sample_000.wav
2025-09-06 17:45:42,736 - vehicle_voice_recognition - INFO - 预测结果: sedan_004, 置信度: 0.1588 (vehicle_audio_data\individual_recognition\individual_vehicles\sedan_000\sedan_000_sample_000.wav)
2025-09-06 17:45:42,739 - vehicle_voice_recognition - INFO - 🎯 个体识别结果:
2025-09-06 17:45:42,739 - vehicle_voice_recognition - INFO -    个体车辆: sedan_000_sample_00
2025-09-06 17:45:42,739 - vehicle_voice_recognition - INFO -    车辆类型: sedan_000_sample
2025-09-06 17:45:42,739 - vehicle_voice_recognition - INFO -    个体编号: 00
2025-09-06 17:45:42,739 - vehicle_voice_recognition - INFO -    置信度: 0.1588
2025-09-06 17:45:42,739 - vehicle_voice_recognition - INFO -    推理时间: 1.762秒
2025-09-06 17:45:42,739 - vehicle_voice_recognition - INFO - 音频预处理器初始化：sr=16000, n_fft=2048, n_mels=128
2025-09-06 17:45:42,739 - vehicle_voice_recognition - INFO - 特征提取类型: ['mel']
2025-09-06 17:45:42,739 - vehicle_voice_recognition - INFO - 数据增强: 禁用
2025-09-06 17:45:44,405 - vehicle_voice_recognition - INFO - 音频预处理器初始化：sr=16000, n_fft=2048, n_mels=128
2025-09-06 17:45:44,405 - vehicle_voice_recognition - INFO - 特征提取类型: ['mel']
2025-09-06 17:45:44,405 - vehicle_voice_recognition - INFO - 数据增强: 禁用
2025-09-06 17:45:45,015 - vehicle_voice_recognition - INFO - 📊 可视化结果已保存
